Archive member included to satisfy reference by file (symbol)

C:/ST/STM32CubeIDE_1.19.0/STM32CubeIDE/plugins/com.st.stm32cube.ide.mcu.externaltools.gnu-tools-for-stm32.13.3.rel1.win32_1.0.0.202411081344/tools/bin/../lib/gcc/arm-none-eabi/13.3.1/../../../../arm-none-eabi/lib/thumb/v7-m/nofp\libc_nano.a(libc_a-exit.o)
                              C:/ST/STM32CubeIDE_1.19.0/STM32CubeIDE/plugins/com.st.stm32cube.ide.mcu.externaltools.gnu-tools-for-stm32.13.3.rel1.win32_1.0.0.202411081344/tools/bin/../lib/gcc/arm-none-eabi/13.3.1/../../../../arm-none-eabi/lib/thumb/v7-m/nofp/crt0.o (exit)
C:/ST/STM32CubeIDE_1.19.0/STM32CubeIDE/plugins/com.st.stm32cube.ide.mcu.externaltools.gnu-tools-for-stm32.13.3.rel1.win32_1.0.0.202411081344/tools/bin/../lib/gcc/arm-none-eabi/13.3.1/../../../../arm-none-eabi/lib/thumb/v7-m/nofp\libc_nano.a(libc_a-findfp.o)
                              C:/ST/STM32CubeIDE_1.19.0/STM32CubeIDE/plugins/com.st.stm32cube.ide.mcu.externaltools.gnu-tools-for-stm32.13.3.rel1.win32_1.0.0.202411081344/tools/bin/../lib/gcc/arm-none-eabi/13.3.1/../../../../arm-none-eabi/lib/thumb/v7-m/nofp\libc_nano.a(libc_a-exit.o) (__stdio_exit_handler)
C:/ST/STM32CubeIDE_1.19.0/STM32CubeIDE/plugins/com.st.stm32cube.ide.mcu.externaltools.gnu-tools-for-stm32.13.3.rel1.win32_1.0.0.202411081344/tools/bin/../lib/gcc/arm-none-eabi/13.3.1/../../../../arm-none-eabi/lib/thumb/v7-m/nofp\libc_nano.a(libc_a-fwalk.o)
                              C:/ST/STM32CubeIDE_1.19.0/STM32CubeIDE/plugins/com.st.stm32cube.ide.mcu.externaltools.gnu-tools-for-stm32.13.3.rel1.win32_1.0.0.202411081344/tools/bin/../lib/gcc/arm-none-eabi/13.3.1/../../../../arm-none-eabi/lib/thumb/v7-m/nofp\libc_nano.a(libc_a-findfp.o) (_fwalk_sglue)
C:/ST/STM32CubeIDE_1.19.0/STM32CubeIDE/plugins/com.st.stm32cube.ide.mcu.externaltools.gnu-tools-for-stm32.13.3.rel1.win32_1.0.0.202411081344/tools/bin/../lib/gcc/arm-none-eabi/13.3.1/../../../../arm-none-eabi/lib/thumb/v7-m/nofp\libc_nano.a(libc_a-stdio.o)
                              C:/ST/STM32CubeIDE_1.19.0/STM32CubeIDE/plugins/com.st.stm32cube.ide.mcu.externaltools.gnu-tools-for-stm32.13.3.rel1.win32_1.0.0.202411081344/tools/bin/../lib/gcc/arm-none-eabi/13.3.1/../../../../arm-none-eabi/lib/thumb/v7-m/nofp\libc_nano.a(libc_a-findfp.o) (__sread)
C:/ST/STM32CubeIDE_1.19.0/STM32CubeIDE/plugins/com.st.stm32cube.ide.mcu.externaltools.gnu-tools-for-stm32.13.3.rel1.win32_1.0.0.202411081344/tools/bin/../lib/gcc/arm-none-eabi/13.3.1/../../../../arm-none-eabi/lib/thumb/v7-m/nofp\libc_nano.a(libc_a-memset.o)
                              C:/ST/STM32CubeIDE_1.19.0/STM32CubeIDE/plugins/com.st.stm32cube.ide.mcu.externaltools.gnu-tools-for-stm32.13.3.rel1.win32_1.0.0.202411081344/tools/bin/../lib/gcc/arm-none-eabi/13.3.1/../../../../arm-none-eabi/lib/thumb/v7-m/nofp/crt0.o (memset)
C:/ST/STM32CubeIDE_1.19.0/STM32CubeIDE/plugins/com.st.stm32cube.ide.mcu.externaltools.gnu-tools-for-stm32.13.3.rel1.win32_1.0.0.202411081344/tools/bin/../lib/gcc/arm-none-eabi/13.3.1/../../../../arm-none-eabi/lib/thumb/v7-m/nofp\libc_nano.a(libc_a-closer.o)
                              C:/ST/STM32CubeIDE_1.19.0/STM32CubeIDE/plugins/com.st.stm32cube.ide.mcu.externaltools.gnu-tools-for-stm32.13.3.rel1.win32_1.0.0.202411081344/tools/bin/../lib/gcc/arm-none-eabi/13.3.1/../../../../arm-none-eabi/lib/thumb/v7-m/nofp\libc_nano.a(libc_a-stdio.o) (_close_r)
C:/ST/STM32CubeIDE_1.19.0/STM32CubeIDE/plugins/com.st.stm32cube.ide.mcu.externaltools.gnu-tools-for-stm32.13.3.rel1.win32_1.0.0.202411081344/tools/bin/../lib/gcc/arm-none-eabi/13.3.1/../../../../arm-none-eabi/lib/thumb/v7-m/nofp\libc_nano.a(libc_a-reent.o)
                              C:/ST/STM32CubeIDE_1.19.0/STM32CubeIDE/plugins/com.st.stm32cube.ide.mcu.externaltools.gnu-tools-for-stm32.13.3.rel1.win32_1.0.0.202411081344/tools/bin/../lib/gcc/arm-none-eabi/13.3.1/../../../../arm-none-eabi/lib/thumb/v7-m/nofp\libc_nano.a(libc_a-closer.o) (errno)
C:/ST/STM32CubeIDE_1.19.0/STM32CubeIDE/plugins/com.st.stm32cube.ide.mcu.externaltools.gnu-tools-for-stm32.13.3.rel1.win32_1.0.0.202411081344/tools/bin/../lib/gcc/arm-none-eabi/13.3.1/../../../../arm-none-eabi/lib/thumb/v7-m/nofp\libc_nano.a(libc_a-impure.o)
                              C:/ST/STM32CubeIDE_1.19.0/STM32CubeIDE/plugins/com.st.stm32cube.ide.mcu.externaltools.gnu-tools-for-stm32.13.3.rel1.win32_1.0.0.202411081344/tools/bin/../lib/gcc/arm-none-eabi/13.3.1/../../../../arm-none-eabi/lib/thumb/v7-m/nofp\libc_nano.a(libc_a-reent.o) (_impure_ptr)
C:/ST/STM32CubeIDE_1.19.0/STM32CubeIDE/plugins/com.st.stm32cube.ide.mcu.externaltools.gnu-tools-for-stm32.13.3.rel1.win32_1.0.0.202411081344/tools/bin/../lib/gcc/arm-none-eabi/13.3.1/../../../../arm-none-eabi/lib/thumb/v7-m/nofp\libc_nano.a(libc_a-lseekr.o)
[...]
Memory Configuration

Name             Origin             Length             Attributes
RAM              0x20000000         0x00005000         xrw
FLASH            0x08000000         0x00020000         xr
*default*        0x00000000         0xffffffff

Linker script and memory map

LOAD C:/ST/STM32CubeIDE_1.19.0/STM32CubeIDE/plugins/com.st.stm32cube.ide.mcu.externaltools.gnu-tools-for-stm32.13.3.rel1.win32_1.0.0.202411081344/tools/bin/../lib/gcc/arm-none-eabi/13.3.1/thumb/v7-m/nofp/crti.o
LOAD C:/ST/STM32CubeIDE_1.19.0/STM32CubeIDE/plugins/com.st.stm32cube.ide.mcu.externaltools.gnu-tools-for-stm32.13.3.rel1.win32_1.0.0.202411081344/tools/bin/../lib/gcc/arm-none-eabi/13.3.1/thumb/v7-m/nofp/crtbegin.o
LOAD C:/ST/STM32CubeIDE_1.19.0/STM32CubeIDE/plugins/com.st.stm32cube.ide.mcu.externaltools.gnu-tools-for-stm32.13.3.rel1.win32_1.0.0.202411081344/tools/bin/../lib/gcc/arm-none-eabi/13.3.1/../../../../arm-none-eabi/lib/thumb/v7-m/nofp/crt0.o
LOAD ./Core/Src/main.o
LOAD ./Core/Src/stm32f1xx_hal_msp.o
LOAD ./Core/Src/stm32f1xx_it.o
LOAD ./Core/Src/syscalls.o
LOAD ./Core/Src/sysmem.o
LOAD ./Core/Src/system_stm32f1xx.o
LOAD ./Core/Startup/startup_stm32f103cbux.o
LOAD ./Drivers/STM32F1xx_HAL_Driver/Src/stm32f1xx_hal.o
LOAD ./Drivers/STM32F1xx_HAL_Driver/Src/stm32f1xx_hal_cortex.o
LOAD ./Drivers/STM32F1xx_HAL_Driver/Src/stm32f1xx_hal_dma.o
LOAD ./Drivers/STM32F1xx_HAL_Driver/Src/stm32f1xx_hal_exti.o
LOAD ./Drivers/STM32F1xx_HAL_Driver/Src/stm32f1xx_hal_flash.o
LOAD ./Drivers/STM32F1xx_HAL_Driver/Src/stm32f1xx_hal_flash_ex.o
LOAD ./Drivers/STM32F1xx_HAL_Driver/Src/stm32f1xx_hal_gpio.o
LOAD ./Drivers/STM32F1xx_HAL_Driver/Src/stm32f1xx_hal_gpio_ex.o
LOAD ./Drivers/STM32F1xx_HAL_Driver/Src/stm32f1xx_hal_pwr.o
LOAD ./Drivers/STM32F1xx_HAL_Driver/Src/stm32f1xx_hal_rcc.o
LOAD ./Drivers/STM32F1xx_HAL_Driver/Src/stm32f1xx_hal_rcc_ex.o
LOAD ./Drivers/STM32F1xx_HAL_Driver/Src/stm32f1xx_hal_spi.o
LOAD ./Drivers/SX1280_HAL_Driver/Src/sx1280_hal.o
START GROUP
LOAD C:/ST/STM32CubeIDE_1.19.0/STM32CubeIDE/plugins/com.st.stm32cube.ide.mcu.externaltools.gnu-tools-for-stm32.13.3.rel1.win32_1.0.0.202411081344/tools/bin/../lib/gcc/arm-none-eabi/13.3.1/../../../../arm-none-eabi/lib/thumb/v7-m/nofp\libstdc++_nano.a
LOAD C:/ST/STM32CubeIDE_1.19.0/STM32CubeIDE/plugins/com.st.stm32cube.ide.mcu.externaltools.gnu-tools-for-stm32.13.3.rel1.win32_1.0.0.202411081344/tools/bin/../lib/gcc/arm-none-eabi/13.3.1/../../../../arm-none-eabi/lib/thumb/v7-m/nofp\libsupc++_nano.a
END GROUP
LOAD C:/ST/STM32CubeIDE_1.19.0/STM32CubeIDE/plugins/com.st.stm32cube.ide.mcu.externaltools.gnu-tools-for-stm32.13.3.rel1.win32_1.0.0.202411081344/tools/bin/../lib/gcc/arm-none-eabi/13.3.1/../../../../arm-none-eabi/lib/thumb/v7-m/nofp\libstdc++_nano.a
LOAD C:/ST/STM32CubeIDE_1.19.0/STM32CubeIDE/plugins/com.st.stm32cube.ide.mcu.externaltools.gnu-tools-for-stm32.13.3.rel1.win32_1.0.0.202411081344/tools/bin/../lib/gcc/arm-none-eabi/13.3.1/../../../../arm-none-eabi/lib/thumb/v7-m/nofp\libm.a
LOAD C:/ST/STM32CubeIDE_1.19.0/STM32CubeIDE/plugins/com.st.stm32cube.ide.mcu.externaltools.gnu-tools-for-stm32.13.3.rel1.win32_1.0.0.202411081344/tools/bin/../lib/gcc/arm-none-eabi/13.3.1/../../../../arm-none-eabi/lib/thumb/v7-m/nofp\libc_nano.a
START GROUP
LOAD C:/ST/STM32CubeIDE_1.19.0/STM32CubeIDE/plugins/com.st.stm32cube.ide.mcu.externaltools.gnu-tools-for-stm32.13.3.rel1.win32_1.0.0.202411081344/tools/bin/../lib/gcc/arm-none-eabi/13.3.1/thumb/v7-m/nofp\libgcc.a
LOAD C:/ST/STM32CubeIDE_1.19.0/STM32CubeIDE/plugins/com.st.stm32cube.ide.mcu.externaltools.gnu-tools-for-stm32.13.3.rel1.win32_1.0.0.202411081344/tools/bin/../lib/gcc/arm-none-eabi/13.3.1/../../../../arm-none-eabi/lib/thumb/v7-m/nofp\libc_nano.a
END GROUP
START GROUP
LOAD C:/ST/STM32CubeIDE_1.19.0/STM32CubeIDE/plugins/com.st.stm32cube.ide.mcu.externaltools.gnu-tools-for-stm32.13.3.rel1.win32_1.0.0.202411081344/tools/bin/../lib/gcc/arm-none-eabi/13.3.1/thumb/v7-m/nofp\libgcc.a
LOAD C:/ST/STM32CubeIDE_1.19.0/STM32CubeIDE/plugins/com.st.stm32cube.ide.mcu.externaltools.gnu-tools-for-stm32.13.3.rel1.win32_1.0.0.202411081344/tools/bin/../lib/gcc/arm-none-eabi/13.3.1/../../../../arm-none-eabi/lib/thumb/v7-m/nofp\libc_nano.a
LOAD C:/ST/STM32CubeIDE_1.19.0/STM32CubeIDE/plugins/com.st.stm32cube.ide.mcu.externaltools.gnu-tools-for-stm32.13.3.rel1.win32_1.0.0.202411081344/tools/bin/../lib/gcc/arm-none-eabi/13.3.1/../../../../arm-none-eabi/lib/thumb/v7-m/nofp\libnosys.a
END GROUP
START GROUP
LOAD C:/ST/STM32CubeIDE_1.19.0/STM32CubeIDE/plugins/com.st.stm32cube.ide.mcu.externaltools.gnu-tools-for-stm32.13.3.rel1.win32_1.0.0.202411081344/tools/bin/../lib/gcc/arm-none-eabi/13.3.1/thumb/v7-m/nofp\libgcc.a
LOAD C:/ST/STM32CubeIDE_1.19.0/STM32CubeIDE/plugins/com.st.stm32cube.ide.mcu.externaltools.gnu-tools-for-stm32.13.3.rel1.win32_1.0.0.202411081344/tools/bin/../lib/gcc/arm-none-eabi/13.3.1/../../../../arm-none-eabi/lib/thumb/v7-m/nofp\libc_nano.a
LOAD C:/ST/STM32CubeIDE_1.19.0/STM32CubeIDE/plugins/com.st.stm32cube.ide.mcu.externaltools.gnu-tools-for-stm32.13.3.rel1.win32_1.0.0.202411081344/tools/bin/../lib/gcc/arm-none-eabi/13.3.1/../../../../arm-none-eabi/lib/thumb/v7-m/nofp\libnosys.a
END GROUP
LOAD C:/ST/STM32CubeIDE_1.19.0/STM32CubeIDE/plugins/com.st.stm32cube.ide.mcu.externaltools.gnu-tools-for-stm32.13.3.rel1.win32_1.0.0.202411081344/tools/bin/../lib/gcc/arm-none-eabi/13.3.1/thumb/v7-m/nofp/crtend.o
LOAD C:/ST/STM32CubeIDE_1.19.0/STM32CubeIDE/plugins/com.st.stm32cube.ide.mcu.externaltools.gnu-tools-for-stm32.13.3.rel1.win32_1.0.0.202411081344/tools/bin/../lib/gcc/arm-none-eabi/13.3.1/thumb/v7-m/nofp/crtn.o
                0x20005000                        _estack = (ORIGIN (RAM) + LENGTH (RAM))
                0x00000200                        _Min_Heap_Size = 0x200
                0x00000800                        _Min_Stack_Size = 0x800

.isr_vector     0x08000000      0x10c
                0x08000000                        . = ALIGN (0x4)
 *(.isr_vector)
 .isr_vector    0x08000000      0x10c ./Core/Startup/startup_stm32f103cbux.o
                0x08000000                g_pfnVectors
                0x0800010c                        . = ALIGN (0x4)

.text           0x08000110     0x4938
                0x08000110                        . = ALIGN (0x4)
 *(.text)
 .text          0x08000110       0x40 C:/ST/STM32CubeIDE_1.19.0/STM32CubeIDE/plugins/com.st.stm32cube.ide.mcu.externaltools.gnu-tools-for-stm32.13.3.rel1.win32_1.0.0.202411081344/tools/bin/../lib/gcc/arm-none-eabi/13.3.1/thumb/v7-m/nofp/crtbegin.o
 .text          0x08000150      0x378 C:/ST/STM32CubeIDE_1.19.0/STM32CubeIDE/plugins/com.st.stm32cube.ide.mcu.externaltools.gnu-tools-for-stm32.13.3.rel1.win32_1.0.0.202411081344/tools/bin/../lib/gcc/arm-none-eabi/13.3.1/thumb/v7-m/nofp\libgcc.a(_arm_addsubdf3.o)
                0x08000150                __aeabi_drsub
                0x08000158                __aeabi_dsub
                0x08000158                __subdf3
                0x0800015c                __aeabi_dadd
                0x0800015c                __adddf3
                0x080003d4                __floatunsidf
                0x080003d4                __aeabi_ui2d
                0x080003f4                __floatsidf
                0x080003f4                __aeabi_i2d
                0x08000418                __aeabi_f2d
                0x08000418                __extendsfdf2
                0x0800045c                __floatundidf
                0x0800045c                __aeabi_ul2d
                0x0800046c                __floatdidf
                0x0800046c                __aeabi_l2d
 .text          0x080004c8      0x424 C:/ST/STM32CubeIDE_1.19.0/STM32CubeIDE/plugins/com.st.stm32cube.ide.mcu.externaltools.gnu-tools-for-stm32.13.3.rel1.win32_1.0.0.202411081344/tools/bin/../lib/gcc/arm-none-eabi/13.3.1/thumb/v7-m/nofp\libgcc.a(_arm_muldivdf3.o)
                0x080004c8                __aeabi_dmul
                0x080004c8                __muldf3
                0x0800071c                __divdf3
                0x0800071c                __aeabi_ddiv
 .text          0x080008ec      0x110 C:/ST/STM32CubeIDE_1.19.0/STM32CubeIDE/plugins/com.st.stm32cube.ide.mcu.externaltools.gnu-tools-for-stm32.13.3.rel1.win32_1.0.0.202411081344/tools/bin/../lib/gcc/arm-none-eabi/13.3.1/thumb/v7-m/nofp\libgcc.a(_arm_cmpdf2.o)
                0x080008ec                __gtdf2
                0x080008ec                __gedf2
                0x080008f4                __ltdf2
                0x080008f4                __ledf2
                0x080008fc                __nedf2
                0x080008fc                __eqdf2
                0x080008fc                __cmpdf2
                0x08000978                __aeabi_cdrcmple
                0x08000988                __aeabi_cdcmpeq
                0x08000988                __aeabi_cdcmple
                0x08000998                __aeabi_dcmpeq
                0x080009ac                __aeabi_dcmplt
                0x080009c0                __aeabi_dcmple
                0x080009d4                __aeabi_dcmpge
                0x080009e8                __aeabi_dcmpgt
 .text          0x080009fc       0x3c C:/ST/STM32CubeIDE_1.19.0/STM32CubeIDE/plugins/com.st.stm32cube.ide.mcu.externaltools.gnu-tools-for-stm32.13.3.rel1.win32_1.0.0.202411081344/tools/bin/../lib/gcc/arm-none-eabi/13.3.1/thumb/v7-m/nofp\libgcc.a(_fixunsdfdi.o)
                0x080009fc                __fixunsdfdi
                0x080009fc                __aeabi_d2ulz
 .text          0x08000a38       0x40 C:/ST/STM32CubeIDE_1.19.0/STM32CubeIDE/plugins/com.st.stm32cube.ide.mcu.externaltools.gnu-tools-for-stm32.13.3.rel1.win32_1.0.0.202411081344/tools/bin/../lib/gcc/arm-none-eabi/13.3.1/thumb/v7-m/nofp\libgcc.a(_arm_fixunsdfsi.o)
                0x08000a38                __aeabi_d2uiz
                0x08000a38                __fixunsdfsi
 *(.text*)
 .text._ZN8TsUnbLibL7readBitEjPKh
                0x08000a78       0x40 ./Core/Src/main.o
 .text._ZN8TsUnbLibL8writeBitEhjPh
                0x08000ab8       0x74 ./Core/Src/main.o
 .text._ZN8TsUnbLib6Aes1284initEPKh
                0x08000b2c       0xaa ./Core/Src/main.o
                0x08000b2c                TsUnbLib::Aes128::init(unsigned char const*)
 .text._ZN8TsUnbLib6Aes1287chipherEPKhPh
                0x08000bd6       0x80 ./Core/Src/main.o
                0x08000bd6                TsUnbLib::Aes128::chipher(unsigned char const*, unsigned char*)
 .text._ZN8TsUnbLib6Aes12812generateCmacEPhPKhtS1_
                0x08000c56      0x1b8 ./Core/Src/main.o
                0x08000c56                TsUnbLib::Aes128::generateCmac(unsigned char*, unsigned char const*, unsigned short, unsigned char*)
 *fill*         0x08000e0e        0x2 
 .text._ZN8TsUnbLib6Aes12820subBytesAndShiftRowsEPh
                0x08000e10      0x134 ./Core/Src/main.o
                0x08000e10                TsUnbLib::Aes128::subBytesAndShiftRows(unsigned char*)
 .text._ZN8TsUnbLib6Aes12810mixColumnsEPh
                0x08000f44       0xfe ./Core/Src/main.o
                0x08000f44                TsUnbLib::Aes128::mixColumns(unsigned char*)
 .text._ZNK8TsUnbLib6Aes12811multiplyByXEh
                0x08001042       0x3e ./Core/Src/main.o
                0x08001042                TsUnbLib::Aes128::multiplyByX(unsigned char) const
 .text._ZNK8TsUnbLib6Aes12811addRoundKeyEPhh
                0x08001080       0x4e ./Core/Src/main.o
                0x08001080                TsUnbLib::Aes128::addRoundKey(unsigned char*, unsigned char) const
 *fill*         0x080010ce        0x2 
 .text._ZNK8TsUnbLib6Aes12814subRotRconWordEPhS1_h
                0x080010d0       0x90 ./Core/Src/main.o
                0x080010d0                TsUnbLib::Aes128::subRotRconWord(unsigned char*, unsigned char*, unsigned char) const
 .text._ZNK8TsUnbLib6Aes1287xorWordEPKhS2_Ph
                0x08001160       0x48 ./Core/Src/main.o
                0x08001160                TsUnbLib::Aes128::xorWord(unsigned char const*, unsigned char const*, unsigned char*) const
 .text._ZNK8TsUnbLib6Aes1289xor16byteEPKhPh
                0x080011a8       0x46 ./Core/Src/main.o
                0x080011a8                TsUnbLib::Aes128::xor16byte(unsigned char const*, unsigned char*) const
 .text._ZN8TsUnbLib6Aes12818cmacGenerateSubkeyEPhS1_
                0x080011ee       0x96 ./Core/Src/main.o
                0x080011ee                TsUnbLib::Aes128::cmacGenerateSubkey(unsigned char*, unsigned char*)
 .text._ZNK8TsUnbLib6Aes12815leftShift16byteEPKhPh
                0x08001284       0x68 ./Core/Src/main.o
                0x08001284                TsUnbLib::Aes128::leftShift16byte(unsigned char const*, unsigned char*) const
 .text._ZN8TsUnbLib5TsUnb14FixedUplinkMacC2Ev
                0x080012ec       0x28 ./Core/Src/main.o
                0x080012ec                TsUnbLib::TsUnb::FixedUplinkMac::FixedUplinkMac()
                0x080012ec                TsUnbLib::TsUnb::FixedUplinkMac::FixedUplinkMac()
 .text._ZN8TsUnbLib5TsUnb14FixedUplinkMac4initEv
                0x08001314       0x14 ./Core/Src/main.o
                0x08001314                TsUnbLib::TsUnb::FixedUplinkMac::init()
 .text._ZN8TsUnbLib5TsUnb14FixedUplinkMac6encodeEPhPKhtbh
                0x08001328      0x2fc ./Core/Src/main.o
                0x08001328                TsUnbLib::TsUnb::FixedUplinkMac::encode(unsigned char*, unsigned char const*, unsigned short, bool, unsigned char)
 .text._ZNK8TsUnbLib5TsUnb14FixedUplinkMac11MPDU_LengthEtb
                0x08001624       0x48 ./Core/Src/main.o
                0x08001624                TsUnbLib::TsUnb::FixedUplinkMac::MPDU_Length(unsigned short, bool) const
 .text._ZN8TsUnbLib5TsUnb14FixedUplinkMac13setNetworkKeyEhhhhhhhhhhhhhhhh
                0x0800166c       0x96 ./Core/Src/main.o
                0x0800166c                TsUnbLib::TsUnb::FixedUplinkMac::setNetworkKey(unsigned char, unsigned char, unsigned char, unsigned char, unsigned char, unsigned char, unsigned char, unsigned char, unsigned char, unsigned char, unsigned char, unsigned char, unsigned char, unsigned char, unsigned char, unsigned char)
 .text._ZN8TsUnbLib5TsUnb14FixedUplinkMac10setAddressEhhhhhhhh
                0x08001702       0x66 ./Core/Src/main.o
                0x08001702                TsUnbLib::TsUnb::FixedUplinkMac::setAddress(unsigned char, unsigned char, unsigned char, unsigned char, unsigned char, unsigned char, unsigned char, unsigned char)
 .text._ZNK8TsUnbLib5TsUnb14FixedUplinkMac10getCounterEv
                0x08001768       0x16 ./Core/Src/main.o
                0x08001768                TsUnbLib::TsUnb::FixedUplinkMac::getCounter() const
 *fill*         0x0800177e        0x2 
 .text._Z20LED_Startup_Sequencev
                0x08001780       0x78 ./Core/Src/main.o
                0x08001780                LED_Startup_Sequence()
 .text._Z12LED_TX_Blinkv
                0x080017f8       0x4c ./Core/Src/main.o
                0x080017f8                LED_TX_Blink()
 .text._Z15prepareForMiotyv
                0x08001844       0xac ./Core/Src/main.o
                0x08001844                prepareForMioty()
 .text.main     0x080018f0       0xc8 ./Core/Src/main.o
                0x080018f0                main
 .text._Z18SystemClock_Configv
                0x080019b8       0x88 ./Core/Src/main.o
                0x080019b8                SystemClock_Config()
 .text._ZL12MX_SPI1_Initv
                0x08001a40       0x78 ./Core/Src/main.o
 .text._ZL12MX_GPIO_Initv
                0x08001ab8      0x100 ./Core/Src/main.o
 .text.Error_Handler
                0x08001bb8       0x20 ./Core/Src/main.o
                0x08001bb8                Error_Handler
 .text._ZN8TsUnbLib5TsUnb10SimpleNodeINS0_14FixedUplinkMacENS0_3PhyILm12100594ELm12100594ELm12ELm12ELNS0_12TsUnbUPGModeE0ELh3ENS0_10RadioBurstILt2ELt2EEEEENS_3Trx6SX1280I10STM32TsUnbILt48EELm3ES6_EELb0EEC2Ev
                0x08001bd8       0x24 ./Core/Src/main.o
                0x08001bd8                TsUnbLib::TsUnb::SimpleNode<TsUnbLib::TsUnb::FixedUplinkMac, TsUnbLib::TsUnb::Phy<12100594ul, 12100594ul, 12ul, 12ul, (TsUnbLib::TsUnb::TsUnbUPGMode)0, (unsigned char)3, TsUnbLib::TsUnb::RadioBurst<(unsigned short)2, (unsigned short)2> >, TsUnbLib::Trx::SX1280<STM32TsUnb<(unsigned short)48>, 3ul, TsUnbLib::TsUnb::RadioBurst<(unsigned short)2, (unsigned short)2> >, false>::SimpleNode()
                0x08001bd8                TsUnbLib::TsUnb::SimpleNode<TsUnbLib::TsUnb::FixedUplinkMac, TsUnbLib::TsUnb::Phy<12100594ul, 12100594ul, 12ul, 12ul, (TsUnbLib::TsUnb::TsUnbUPGMode)0, (unsigned char)3, TsUnbLib::TsUnb::RadioBurst<(unsigned short)2, (unsigned short)2> >, TsUnbLib::Trx::SX1280<STM32TsUnb<(unsigned short)48>, 3ul, TsUnbLib::TsUnb::RadioBurst<(unsigned short)2, (unsigned short)2> >, false>::SimpleNode()
 .text._ZN8TsUnbLib5TsUnb10SimpleNodeINS0_14FixedUplinkMacENS0_3PhyILm12100594ELm12100594ELm12ELm12ELNS0_12TsUnbUPGModeE0ELh3ENS0_10RadioBurstILt2ELt2EEEEENS_3Trx6SX1280I10STM32TsUnbILt48EELm3ES6_EELb0EE4initEv
                0x08001bfc       0x3c ./Core/Src/main.o
                0x08001bfc                TsUnbLib::TsUnb::SimpleNode<TsUnbLib::TsUnb::FixedUplinkMac, TsUnbLib::TsUnb::Phy<12100594ul, 12100594ul, 12ul, 12ul, (TsUnbLib::TsUnb::TsUnbUPGMode)0, (unsigned char)3, TsUnbLib::TsUnb::RadioBurst<(unsigned short)2, (unsigned short)2> >, TsUnbLib::Trx::SX1280<STM32TsUnb<(unsigned short)48>, 3ul, TsUnbLib::TsUnb::RadioBurst<(unsigned short)2, (unsigned short)2> >, false>::init()
 .text._ZN8TsUnbLib3Trx6SX1280I10STM32TsUnbILt48EELm3ENS_5TsUnb10RadioBurstILt2ELt2EEEE10setTxPowerEa
                0x08001c38       0x1e ./Core/Src/main.o
                0x08001c38                TsUnbLib::Trx::SX1280<STM32TsUnb<(unsigned short)48>, 3ul, TsUnbLib::TsUnb::RadioBurst<(unsigned short)2, (unsigned short)2> >::setTxPower(signed char)
 .text._ZN8TsUnbLib5TsUnb10SimpleNodeINS0_14FixedUplinkMacENS0_3PhyILm12100594ELm12100594ELm12ELm12ELNS0_12TsUnbUPGModeE0ELh3ENS0_10RadioBurstILt2ELt2EEEEENS_3Trx6SX1280I10STM32TsUnbILt48EELm3ES6_EELb0EE4sendEPKhthb
                0x08001c56      0x230 ./Core/Src/main.o
                0x08001c56                TsUnbLib::TsUnb::SimpleNode<TsUnbLib::TsUnb::FixedUplinkMac, TsUnbLib::TsUnb::Phy<12100594ul, 12100594ul, 12ul, 12ul, (TsUnbLib::TsUnb::TsUnbUPGMode)0, (unsigned char)3, TsUnbLib::TsUnb::RadioBurst<(unsigned short)2, (unsigned short)2> >, TsUnbLib::Trx::SX1280<STM32TsUnb<(unsigned short)48>, 3ul, TsUnbLib::TsUnb::RadioBurst<(unsigned short)2, (unsigned short)2> >, false>::send(unsigned char const*, unsigned short, unsigned char, bool)
 .text._ZN8TsUnbLib3Trx6SX1280I10STM32TsUnbILt48EELm3ENS_5TsUnb10RadioBurstILt2ELt2EEEEC2Ev
                0x08001e86       0x22 ./Core/Src/main.o
                0x08001e86                TsUnbLib::Trx::SX1280<STM32TsUnb<(unsigned short)48>, 3ul, TsUnbLib::TsUnb::RadioBurst<(unsigned short)2, (unsigned short)2> >::SX1280()
                0x08001e86                TsUnbLib::Trx::SX1280<STM32TsUnb<(unsigned short)48>, 3ul, TsUnbLib::TsUnb::RadioBurst<(unsigned short)2, (unsigned short)2> >::SX1280()
 .text._ZN8TsUnbLib3Trx6SX1280I10STM32TsUnbILt48EELm3ENS_5TsUnb10RadioBurstILt2ELt2EEEED2Ev
                0x08001ea8       0x14 ./Core/Src/main.o
                0x08001ea8                TsUnbLib::Trx::SX1280<STM32TsUnb<(unsigned short)48>, 3ul, TsUnbLib::TsUnb::RadioBurst<(unsigned short)2, (unsigned short)2> >::~SX1280()
                0x08001ea8                TsUnbLib::Trx::SX1280<STM32TsUnb<(unsigned short)48>, 3ul, TsUnbLib::TsUnb::RadioBurst<(unsigned short)2, (unsigned short)2> >::~SX1280()
 .text._ZN8TsUnbLib3Trx6SX1280I10STM32TsUnbILt48EELm3ENS_5TsUnb10RadioBurstILt2ELt2EEEE4initEv
                0x08001ebc       0x78 ./Core/Src/main.o
                0x08001ebc                TsUnbLib::Trx::SX1280<STM32TsUnb<(unsigned short)48>, 3ul, TsUnbLib::TsUnb::RadioBurst<(unsigned short)2, (unsigned short)2> >::init()
 .text._ZN8TsUnbLib5TsUnb3PhyILm12100594ELm12100594ELm12ELm12ELNS0_12TsUnbUPGModeE0ELh3ENS0_10RadioBurstILt2ELt2EEEEC2Ev
                0x08001f34       0x14 ./Core/Src/main.o
                0x08001f34                TsUnbLib::TsUnb::Phy<12100594ul, 12100594ul, 12ul, 12ul, (TsUnbLib::TsUnb::TsUnbUPGMode)0, (unsigned char)3, TsUnbLib::TsUnb::RadioBurst<(unsigned short)2, (unsigned short)2> >::Phy()
                0x08001f34                TsUnbLib::TsUnb::Phy<12100594ul, 12100594ul, 12ul, 12ul, (TsUnbLib::TsUnb::TsUnbUPGMode)0, (unsigned char)3, TsUnbLib::TsUnb::RadioBurst<(unsigned short)2, (unsigned short)2> >::Phy()
 .text._ZN8TsUnbLib5TsUnb3PhyILm12100594ELm12100594ELm12ELm12ELNS0_12TsUnbUPGModeE0ELh3ENS0_10RadioBurstILt2ELt2EEEED2Ev
                0x08001f48       0x14 ./Core/Src/main.o
                0x08001f48                TsUnbLib::TsUnb::Phy<12100594ul, 12100594ul, 12ul, 12ul, (TsUnbLib::TsUnb::TsUnbUPGMode)0, (unsigned char)3, TsUnbLib::TsUnb::RadioBurst<(unsigned short)2, (unsigned short)2> >::~Phy()
                0x08001f48                TsUnbLib::TsUnb::Phy<12100594ul, 12100594ul, 12ul, 12ul, (TsUnbLib::TsUnb::TsUnbUPGMode)0, (unsigned char)3, TsUnbLib::TsUnb::RadioBurst<(unsigned short)2, (unsigned short)2> >::~Phy()
 .text._ZNK8TsUnbLib5TsUnb3PhyILm12100594ELm12100594ELm12ELm12ELNS0_12TsUnbUPGModeE0ELh3ENS0_10RadioBurstILt2ELt2EEEE14numRadioBurstsEt
                0x08001f5c       0x30 ./Core/Src/main.o
                0x08001f5c                TsUnbLib::TsUnb::Phy<12100594ul, 12100594ul, 12ul, 12ul, (TsUnbLib::TsUnb::TsUnbUPGMode)0, (unsigned char)3, TsUnbLib::TsUnb::RadioBurst<(unsigned short)2, (unsigned short)2> >::numRadioBursts(unsigned short) const
 .text._ZN8TsUnbLib5TsUnb10RadioBurstILt2ELt2EEC2Ev
                0x08001f8c       0x38 ./Core/Src/main.o
                0x08001f8c                TsUnbLib::TsUnb::RadioBurst<(unsigned short)2, (unsigned short)2>::RadioBurst()
                0x08001f8c                TsUnbLib::TsUnb::RadioBurst<(unsigned short)2, (unsigned short)2>::RadioBurst()
 .text._ZN8TsUnbLib5TsUnb3PhyILm12100594ELm12100594ELm12ELm12ELNS0_12TsUnbUPGModeE0ELh3ENS0_10RadioBurstILt2ELt2EEEE6encodeEPS4_PKhthh
                0x08001fc4      0x334 ./Core/Src/main.o
                0x08001fc4                TsUnbLib::TsUnb::Phy<12100594ul, 12100594ul, 12ul, 12ul, (TsUnbLib::TsUnb::TsUnbUPGMode)0, (unsigned char)3, TsUnbLib::TsUnb::RadioBurst<(unsigned short)2, (unsigned short)2> >::encode(TsUnbLib::TsUnb::RadioBurst<(unsigned short)2, (unsigned short)2>*, unsigned char const*, unsigned short, unsigned char, unsigned char)
 .text._ZNK8TsUnbLib5TsUnb3PhyILm12100594ELm12100594ELm12ELm12ELNS0_12TsUnbUPGModeE0ELh3ENS0_10RadioBurstILt2ELt2EEEE14getTsmaPatternEm
                0x080022f8       0x4c ./Core/Src/main.o
                0x080022f8                TsUnbLib::TsUnb::Phy<12100594ul, 12100594ul, 12ul, 12ul, (TsUnbLib::TsUnb::TsUnbUPGMode)0, (unsigned char)3, TsUnbLib::TsUnb::RadioBurst<(unsigned short)2, (unsigned short)2> >::getTsmaPattern(unsigned long) const
 .text._ZN8TsUnbLib3Trx6SX1280I10STM32TsUnbILt48EELm3ENS_5TsUnb10RadioBurstILt2ELt2EEEE8transmitEPKS6_tm
                0x08002344      0x260 ./Core/Src/main.o
                0x08002344                TsUnbLib::Trx::SX1280<STM32TsUnb<(unsigned short)48>, 3ul, TsUnbLib::TsUnb::RadioBurst<(unsigned short)2, (unsigned short)2> >::transmit(TsUnbLib::TsUnb::RadioBurst<(unsigned short)2, (unsigned short)2> const*, unsigned short, unsigned long)
 .text._ZN10STM32TsUnbILt48EEC2Ev
                0x080025a4       0x14 ./Core/Src/main.o
                0x080025a4                STM32TsUnb<(unsigned short)48>::STM32TsUnb()
                0x080025a4                STM32TsUnb<(unsigned short)48>::STM32TsUnb()
 .text._ZN10STM32TsUnbILt48EE7spiInitEv
                0x080025b8       0x12 ./Core/Src/main.o
                0x080025b8                STM32TsUnb<(unsigned short)48>::spiInit()
 *fill*         0x080025ca        0x6 
 .text._ZN10STM32TsUnbILt48EE9initTimerEv
                0x080025d0       0x94 ./Core/Src/main.o
                0x080025d0                STM32TsUnb<(unsigned short)48>::initTimer()
 .text._ZN10STM32TsUnbILt48EE13addTimerDelayEl
                0x08002664       0x66 ./Core/Src/main.o
                0x08002664                STM32TsUnb<(unsigned short)48>::addTimerDelay(long)
 *fill*         0x080026ca        0x2 
 .text._ZN10STM32TsUnbILt48EE10startTimerEv
                0x080026cc       0x58 ./Core/Src/main.o
                0x080026cc                STM32TsUnb<(unsigned short)48>::startTimer()
 .text._ZN10STM32TsUnbILt48EE9waitTimerEv
                0x08002724       0x70 ./Core/Src/main.o
                0x08002724                STM32TsUnb<(unsigned short)48>::waitTimer()
 .text._ZN10STM32TsUnbILt48EE9stopTimerEv
                0x08002794       0x12 ./Core/Src/main.o
                0x08002794                STM32TsUnb<(unsigned short)48>::stopTimer()
 *fill*         0x080027a6        0x2 
 .text._ZN10STM32TsUnbILt48EE14spiSendReceiveEPhh
                0x080027a8       0xc0 ./Core/Src/main.o
                0x080027a8                STM32TsUnb<(unsigned short)48>::spiSendReceive(unsigned char*, unsigned char)
 .text._ZN10STM32TsUnbILt48EE9spiDeinitEv
                0x08002868       0x12 ./Core/Src/main.o
                0x08002868                STM32TsUnb<(unsigned short)48>::spiDeinit()
 .text._ZN8TsUnbLib3Trx6SX1280I10STM32TsUnbILt48EELm3ENS_5TsUnb10RadioBurstILt2ELt2EEEE12setSleepModeEv
                0x0800287a       0x24 ./Core/Src/main.o
                0x0800287a                TsUnbLib::Trx::SX1280<STM32TsUnb<(unsigned short)48>, 3ul, TsUnbLib::TsUnb::RadioBurst<(unsigned short)2, (unsigned short)2> >::setSleepMode()
 .text._ZN8TsUnbLib5TsUnb10RadioBurstILt2ELt2EE8punctureEv
                0x0800289e       0x1a ./Core/Src/main.o
                0x0800289e                TsUnbLib::TsUnb::RadioBurst<(unsigned short)2, (unsigned short)2>::puncture()
 .text._ZNK8TsUnbLib5TsUnb3PhyILm12100594ELm12100594ELm12ELm12ELNS0_12TsUnbUPGModeE0ELh3ENS0_10RadioBurstILt2ELt2EEEE8calcCRC8EPKht
                0x080028b8       0x78 ./Core/Src/main.o
                0x080028b8                TsUnbLib::TsUnb::Phy<12100594ul, 12100594ul, 12ul, 12ul, (TsUnbLib::TsUnb::TsUnbUPGMode)0, (unsigned char)3, TsUnbLib::TsUnb::RadioBurst<(unsigned short)2, (unsigned short)2> >::calcCRC8(unsigned char const*, unsigned short) const
 .text._ZNK8TsUnbLib5TsUnb3PhyILm12100594ELm12100594ELm12ELm12ELNS0_12TsUnbUPGModeE0ELh3ENS0_10RadioBurstILt2ELt2EEEE10whitenDataEPht
                0x08002930       0x80 ./Core/Src/main.o
                0x08002930                TsUnbLib::TsUnb::Phy<12100594ul, 12100594ul, 12ul, 12ul, (TsUnbLib::TsUnb::TsUnbUPGMode)0, (unsigned char)3, TsUnbLib::TsUnb::RadioBurst<(unsigned short)2, (unsigned short)2> >::whitenData(unsigned char*, unsigned short) const
 .text._ZNK8TsUnbLib5TsUnb3PhyILm12100594ELm12100594ELm12ELm12ELNS0_12TsUnbUPGModeE0ELh3ENS0_10RadioBurstILt2ELt2EEEE17convEncode_parityEh
                0x080029b0       0x42 ./Core/Src/main.o
                0x080029b0                TsUnbLib::TsUnb::Phy<12100594ul, 12100594ul, 12ul, 12ul, (TsUnbLib::TsUnb::TsUnbUPGMode)0, (unsigned char)3, TsUnbLib::TsUnb::RadioBurst<(unsigned short)2, (unsigned short)2> >::convEncode_parity(unsigned char) const
 *fill*         0x080029f2        0x2 
 .text._ZNK8TsUnbLib5TsUnb3PhyILm12100594ELm12100594ELm12ELm12ELNS0_12TsUnbUPGModeE0ELh3ENS0_10RadioBurstILt2ELt2EEEE16getRadioBurstIdxEtt
                0x080029f4       0x88 ./Core/Src/main.o
                0x080029f4                TsUnbLib::TsUnb::Phy<12100594ul, 12100594ul, 12ul, 12ul, (TsUnbLib::TsUnb::TsUnbUPGMode)0, (unsigned char)3, TsUnbLib::TsUnb::RadioBurst<(unsigned short)2, (unsigned short)2> >::getRadioBurstIdx(unsigned short, unsigned short) const
 .text._ZN8TsUnbLib5TsUnb10RadioBurstILt2ELt2EE17writeSubPacketBitEht
                0x08002a7c       0x48 ./Core/Src/main.o
                0x08002a7c                TsUnbLib::TsUnb::RadioBurst<(unsigned short)2, (unsigned short)2>::writeSubPacketBit(unsigned char, unsigned short)
 .text._ZN8TsUnbLib5TsUnb10RadioBurstILt2ELt2EE11addMidambleEt
                0x08002ac4      0x13c ./Core/Src/main.o
                0x08002ac4                TsUnbLib::TsUnb::RadioBurst<(unsigned short)2, (unsigned short)2>::addMidamble(unsigned short)
 .text._ZN8TsUnbLib5TsUnb10RadioBurstILt2ELt2EE23differentialMSKEncodingEv
                0x08002c00       0x66 ./Core/Src/main.o
                0x08002c00                TsUnbLib::TsUnb::RadioBurst<(unsigned short)2, (unsigned short)2>::differentialMSKEncoding()
 *fill*         0x08002c66        0x2 
 .text._ZNK8TsUnbLib5TsUnb3PhyILm12100594ELm12100594ELm12ELm12ELNS0_12TsUnbUPGModeE0ELh3ENS0_10RadioBurstILt2ELt2EEEE14addTsmaPatternEthtPS4_
                0x08002c68      0x138 ./Core/Src/main.o
                0x08002c68                TsUnbLib::TsUnb::Phy<12100594ul, 12100594ul, 12ul, 12ul, (TsUnbLib::TsUnb::TsUnbUPGMode)0, (unsigned char)3, TsUnbLib::TsUnb::RadioBurst<(unsigned short)2, (unsigned short)2> >::addTsmaPattern(unsigned short, unsigned char, unsigned short, TsUnbLib::TsUnb::RadioBurst<(unsigned short)2, (unsigned short)2>*) const
 .text._ZNK8TsUnbLib5TsUnb3PhyILm12100594ELm12100594ELm12ELm12ELNS0_12TsUnbUPGModeE0ELh3ENS0_10RadioBurstILt2ELt2EEEE11calcFreqRegEh
                0x08002da0       0x6c ./Core/Src/main.o
                0x08002da0                TsUnbLib::TsUnb::Phy<12100594ul, 12100594ul, 12ul, 12ul, (TsUnbLib::TsUnb::TsUnbUPGMode)0, (unsigned char)3, TsUnbLib::TsUnb::RadioBurst<(unsigned short)2, (unsigned short)2> >::calcFreqReg(unsigned char) const
 .text._ZN8TsUnbLib3Trx6SX1280I10STM32TsUnbILt48EELm3ENS_5TsUnb10RadioBurstILt2ELt2EEEE18setStandbyModeXOSCEv
                0x08002e0c       0x24 ./Core/Src/main.o
                0x08002e0c                TsUnbLib::Trx::SX1280<STM32TsUnb<(unsigned short)48>, 3ul, TsUnbLib::TsUnb::RadioBurst<(unsigned short)2, (unsigned short)2> >::setStandbyModeXOSC()
 .text._ZN10STM32TsUnbILt48EE13resetWatchdogEv
                0x08002e30       0x12 ./Core/Src/main.o
                0x08002e30                STM32TsUnb<(unsigned short)48>::resetWatchdog()
 .text._ZNK8TsUnbLib5TsUnb10RadioBurstILt2ELt2EE14getBurstLengthEv
                0x08002e42       0x24 ./Core/Src/main.o
                0x08002e42                TsUnbLib::TsUnb::RadioBurst<(unsigned short)2, (unsigned short)2>::getBurstLength() const
 .text._ZNK8TsUnbLib5TsUnb10RadioBurstILt2ELt2EE8get_T_RBEv
                0x08002e66       0x16 ./Core/Src/main.o
                0x08002e66                TsUnbLib::TsUnb::RadioBurst<(unsigned short)2, (unsigned short)2>::get_T_RB() const
 .text._ZNK8TsUnbLib5TsUnb10RadioBurstILt2ELt2EE16getCarrierOffsetEv
                0x08002e7c       0x16 ./Core/Src/main.o
                0x08002e7c                TsUnbLib::TsUnb::RadioBurst<(unsigned short)2, (unsigned short)2>::getCarrierOffset() const
 .text._ZNK8TsUnbLib5TsUnb10RadioBurstILt2ELt2EE8getBurstEv
                0x08002e92       0x14 ./Core/Src/main.o
                0x08002e92                TsUnbLib::TsUnb::RadioBurst<(unsigned short)2, (unsigned short)2>::getBurst() const
 .text._ZNK8TsUnbLib3Trx6SX1280I10STM32TsUnbILt48EELm3ENS_5TsUnb10RadioBurstILt2ELt2EEEE8calcFdevEh
                0x08002ea6       0x24 ./Core/Src/main.o
                0x08002ea6                TsUnbLib::Trx::SX1280<STM32TsUnb<(unsigned short)48>, 3ul, TsUnbLib::TsUnb::RadioBurst<(unsigned short)2, (unsigned short)2> >::calcFdev(unsigned char) const
 .text._ZN8TsUnbLib3Trx6SX1280I10STM32TsUnbILt48EELm3ENS_5TsUnb10RadioBurstILt2ELt2EEEE11setTxPwrRegEa
                0x08002eca       0x60 ./Core/Src/main.o
                0x08002eca                TsUnbLib::Trx::SX1280<STM32TsUnb<(unsigned short)48>, 3ul, TsUnbLib::TsUnb::RadioBurst<(unsigned short)2, (unsigned short)2> >::setTxPwrReg(signed char)
 .text._ZN8TsUnbLib3Trx6SX1280I10STM32TsUnbILt48EELm3ENS_5TsUnb10RadioBurstILt2ELt2EEEE15setFrequencyRegEm
                0x08002f2a       0x38 ./Core/Src/main.o
                0x08002f2a                TsUnbLib::Trx::SX1280<STM32TsUnb<(unsigned short)48>, 3ul, TsUnbLib::TsUnb::RadioBurst<(unsigned short)2, (unsigned short)2> >::setFrequencyReg(unsigned long)
 .text._ZN8TsUnbLib3Trx6SX1280I10STM32TsUnbILt48EELm3ENS_5TsUnb10RadioBurstILt2ELt2EEEE17setContinuousWaveEv
                0x08002f62       0x22 ./Core/Src/main.o
                0x08002f62                TsUnbLib::Trx::SX1280<STM32TsUnb<(unsigned short)48>, 3ul, TsUnbLib::TsUnb::RadioBurst<(unsigned short)2, (unsigned short)2> >::setContinuousWave()
 .text._ZN8TsUnbLib5TsUnb10RadioBurstILt2ELt2EE16setCarrierOffsetEt
                0x08002f84       0x1c ./Core/Src/main.o
                0x08002f84                TsUnbLib::TsUnb::RadioBurst<(unsigned short)2, (unsigned short)2>::setCarrierOffset(unsigned short)
 .text._ZN8TsUnbLib5TsUnb10RadioBurstILt2ELt2EE8set_T_RBEt
                0x08002fa0       0x1c ./Core/Src/main.o
                0x08002fa0                TsUnbLib::TsUnb::RadioBurst<(unsigned short)2, (unsigned short)2>::set_T_RB(unsigned short)
 .text._ZN10STM32TsUnbILt48EE7spiSendEPKhh
                0x08002fbc       0x44 ./Core/Src/main.o
                0x08002fbc                STM32TsUnb<(unsigned short)48>::spiSend(unsigned char const*, unsigned char)
 .text._ZNK8TsUnbLib5TsUnb10RadioBurstILt2ELt2EE15getSubPkgBitIdxEth
                0x08003000       0x40 ./Core/Src/main.o
                0x08003000                TsUnbLib::TsUnb::RadioBurst<(unsigned short)2, (unsigned short)2>::getSubPkgBitIdx(unsigned short, unsigned char) const
 .text._ZNK8TsUnbLib5TsUnb3PhyILm12100594ELm12100594ELm12ELm12ELNS0_12TsUnbUPGModeE0ELh3ENS0_10RadioBurstILt2ELt2EEEE8get_C_RBEht
                0x08003040       0x44 ./Core/Src/main.o
                0x08003040                TsUnbLib::TsUnb::Phy<12100594ul, 12100594ul, 12ul, 12ul, (TsUnbLib::TsUnb::TsUnbUPGMode)0, (unsigned char)3, TsUnbLib::TsUnb::RadioBurst<(unsigned short)2, (unsigned short)2> >::get_C_RB(unsigned char, unsigned short) const
 .text._ZNK8TsUnbLib5TsUnb3PhyILm12100594ELm12100594ELm12ELm12ELNS0_12TsUnbUPGModeE0ELh3ENS0_10RadioBurstILt2ELt2EEEE8get_T_RBEht
                0x08003084       0xa8 ./Core/Src/main.o
                0x08003084                TsUnbLib::TsUnb::Phy<12100594ul, 12100594ul, 12ul, 12ul, (TsUnbLib::TsUnb::TsUnbUPGMode)0, (unsigned char)3, TsUnbLib::TsUnb::RadioBurst<(unsigned short)2, (unsigned short)2> >::get_T_RB(unsigned char, unsigned short) const
 .text._ZNK8TsUnbLib5TsUnb3PhyILm12100594ELm12100594ELm12ELm12ELNS0_12TsUnbUPGModeE0ELh3ENS0_10RadioBurstILt2ELt2EEEE8tsmaLfsrEt
                0x0800312c       0x3a ./Core/Src/main.o
                0x0800312c                TsUnbLib::TsUnb::Phy<12100594ul, 12100594ul, 12ul, 12ul, (TsUnbLib::TsUnb::TsUnbUPGMode)0, (unsigned char)3, TsUnbLib::TsUnb::RadioBurst<(unsigned short)2, (unsigned short)2> >::tsmaLfsr(unsigned short) const
 *fill*         0x08003166        0x2 
 .text._Z41__static_initialization_and_destruction_0v
                0x08003168       0x14 ./Core/Src/main.o
 .text._Z41__static_initialization_and_destruction_1v
                0x0800317c       0x14 ./Core/Src/main.o
 .text._ZN8TsUnbLib5TsUnb10SimpleNodeINS0_14FixedUplinkMacENS0_3PhyILm12100594ELm12100594ELm12ELm12ELNS0_12TsUnbUPGModeE0ELh3ENS0_10RadioBurstILt2ELt2EEEEENS_3Trx6SX1280I10STM32TsUnbILt48EELm3ES6_EELb0EED2Ev
                0x08003190       0x1a ./Core/Src/main.o
                0x08003190                TsUnbLib::TsUnb::SimpleNode<TsUnbLib::TsUnb::FixedUplinkMac, TsUnbLib::TsUnb::Phy<12100594ul, 12100594ul, 12ul, 12ul, (TsUnbLib::TsUnb::TsUnbUPGMode)0, (unsigned char)3, TsUnbLib::TsUnb::RadioBurst<(unsigned short)2, (unsigned short)2> >, TsUnbLib::Trx::SX1280<STM32TsUnb<(unsigned short)48>, 3ul, TsUnbLib::TsUnb::RadioBurst<(unsigned short)2, (unsigned short)2> >, false>::~SimpleNode()
                0x08003190                TsUnbLib::TsUnb::SimpleNode<TsUnbLib::TsUnb::FixedUplinkMac, TsUnbLib::TsUnb::Phy<12100594ul, 12100594ul, 12ul, 12ul, (TsUnbLib::TsUnb::TsUnbUPGMode)0, (unsigned char)3, TsUnbLib::TsUnb::RadioBurst<(unsigned short)2, (unsigned short)2> >, TsUnbLib::Trx::SX1280<STM32TsUnb<(unsigned short)48>, 3ul, TsUnbLib::TsUnb::RadioBurst<(unsigned short)2, (unsigned short)2> >, false>::~SimpleNode()
 .text._GLOBAL__sub_I_hspi1
                0x080031aa        0xa ./Core/Src/main.o
 .text._GLOBAL__sub_D_hspi1
                0x080031b4        0xa ./Core/Src/main.o
 *fill*         0x080031be        0x2 
 .text.HAL_MspInit
                0x080031c0       0x64 ./Core/Src/stm32f1xx_hal_msp.o
                0x080031c0                HAL_MspInit
 .text.HAL_SPI_MspInit
                0x08003224       0x94 ./Core/Src/stm32f1xx_hal_msp.o
                0x08003224                HAL_SPI_MspInit
 .text.NMI_Handler
                0x080032b8        0x8 ./Core/Src/stm32f1xx_it.o
                0x080032b8                NMI_Handler
 .text.HardFault_Handler
                0x080032c0        0x8 ./Core/Src/stm32f1xx_it.o
                0x080032c0                HardFault_Handler
 .text.MemManage_Handler
                0x080032c8        0x8 ./Core/Src/stm32f1xx_it.o
                0x080032c8                MemManage_Handler
 .text.BusFault_Handler
                0x080032d0        0x8 ./Core/Src/stm32f1xx_it.o
                0x080032d0                BusFault_Handler
 .text.UsageFault_Handler
                0x080032d8        0x8 ./Core/Src/stm32f1xx_it.o
                0x080032d8                UsageFault_Handler
 .text.SVC_Handler
                0x080032e0        0xc ./Core/Src/stm32f1xx_it.o
                0x080032e0                SVC_Handler
 .text.DebugMon_Handler
                0x080032ec        0xc ./Core/Src/stm32f1xx_it.o
                0x080032ec                DebugMon_Handler
 .text.PendSV_Handler
                0x080032f8        0xc ./Core/Src/stm32f1xx_it.o
                0x080032f8                PendSV_Handler
 .text.SysTick_Handler
                0x08003304        0xc ./Core/Src/stm32f1xx_it.o
                0x08003304                SysTick_Handler
 .text.SystemInit
                0x08003310        0xc ./Core/Src/system_stm32f1xx.o
                0x08003310                SystemInit
 .text.Reset_Handler
                0x0800331c       0x48 ./Core/Startup/startup_stm32f103cbux.o
                0x0800331c                Reset_Handler
 .text.Default_Handler
                0x08003364        0x2 ./Core/Startup/startup_stm32f103cbux.o
                0x08003364                RTC_Alarm_IRQHandler
                0x08003364                EXTI2_IRQHandler
                0x08003364                TIM1_CC_IRQHandler
                0x08003364                PVD_IRQHandler
                0x08003364                EXTI3_IRQHandler
                0x08003364                EXTI0_IRQHandler
                0x08003364                I2C2_EV_IRQHandler
                0x08003364                ADC1_2_IRQHandler
                0x08003364                SPI1_IRQHandler
                0x08003364                TAMPER_IRQHandler
                0x08003364                DMA1_Channel4_IRQHandler
                0x08003364                USART3_IRQHandler
                0x08003364                RTC_IRQHandler
                0x08003364                DMA1_Channel7_IRQHandler
                0x08003364                CAN1_RX1_IRQHandler
                0x08003364                TIM4_IRQHandler
                0x08003364                I2C1_EV_IRQHandler
                0x08003364                DMA1_Channel6_IRQHandler
                0x08003364                TIM3_IRQHandler
                0x08003364                RCC_IRQHandler
                0x08003364                TIM1_TRG_COM_IRQHandler
                0x08003364                DMA1_Channel1_IRQHandler
                0x08003364                Default_Handler
                0x08003364                EXTI15_10_IRQHandler
                0x08003364                EXTI9_5_IRQHandler
                0x08003364                SPI2_IRQHandler
                0x08003364                DMA1_Channel5_IRQHandler
                0x08003364                EXTI4_IRQHandler
                0x08003364                USB_LP_CAN1_RX0_IRQHandler
                0x08003364                USB_HP_CAN1_TX_IRQHandler
                0x08003364                DMA1_Channel3_IRQHandler
                0x08003364                TIM1_UP_IRQHandler
                0x08003364                WWDG_IRQHandler
                0x08003364                TIM2_IRQHandler
                0x08003364                TIM1_BRK_IRQHandler
                0x08003364                EXTI1_IRQHandler
                0x08003364                USART2_IRQHandler
                0x08003364                I2C2_ER_IRQHandler
                0x08003364                DMA1_Channel2_IRQHandler
                0x08003364                CAN1_SCE_IRQHandler
                0x08003364                FLASH_IRQHandler
                0x08003364                USART1_IRQHandler
                0x08003364                I2C1_ER_IRQHandler
                0x08003364                USBWakeUp_IRQHandler
 *fill*         0x08003366        0x2 
 .text.HAL_Init
                0x08003368       0x2c ./Drivers/STM32F1xx_HAL_Driver/Src/stm32f1xx_hal.o
                0x08003368                HAL_Init
 .text.HAL_InitTick
                0x08003394       0x60 ./Drivers/STM32F1xx_HAL_Driver/Src/stm32f1xx_hal.o
                0x08003394                HAL_InitTick
 .text.HAL_IncTick
                0x080033f4       0x24 ./Drivers/STM32F1xx_HAL_Driver/Src/stm32f1xx_hal.o
                0x080033f4                HAL_IncTick
 .text.HAL_GetTick
                0x08003418       0x14 ./Drivers/STM32F1xx_HAL_Driver/Src/stm32f1xx_hal.o
                0x08003418                HAL_GetTick
 .text.HAL_Delay
                0x0800342c       0x48 ./Drivers/STM32F1xx_HAL_Driver/Src/stm32f1xx_hal.o
                0x0800342c                HAL_Delay
 .text.__NVIC_SetPriorityGrouping
                0x08003474       0x48 ./Drivers/STM32F1xx_HAL_Driver/Src/stm32f1xx_hal_cortex.o
 .text.__NVIC_GetPriorityGrouping
                0x080034bc       0x1c ./Drivers/STM32F1xx_HAL_Driver/Src/stm32f1xx_hal_cortex.o
 .text.__NVIC_SetPriority
                0x080034d8       0x54 ./Drivers/STM32F1xx_HAL_Driver/Src/stm32f1xx_hal_cortex.o
 .text.NVIC_EncodePriority
                0x0800352c       0x64 ./Drivers/STM32F1xx_HAL_Driver/Src/stm32f1xx_hal_cortex.o
 .text.SysTick_Config
                0x08003590       0x44 ./Drivers/STM32F1xx_HAL_Driver/Src/stm32f1xx_hal_cortex.o
 .text.HAL_NVIC_SetPriorityGrouping
                0x080035d4       0x16 ./Drivers/STM32F1xx_HAL_Driver/Src/stm32f1xx_hal_cortex.o
                0x080035d4                HAL_NVIC_SetPriorityGrouping
 .text.HAL_NVIC_SetPriority
                0x080035ea       0x38 ./Drivers/STM32F1xx_HAL_Driver/Src/stm32f1xx_hal_cortex.o
                0x080035ea                HAL_NVIC_SetPriority
 .text.HAL_SYSTICK_Config
                0x08003622       0x18 ./Drivers/STM32F1xx_HAL_Driver/Src/stm32f1xx_hal_cortex.o
                0x08003622                HAL_SYSTICK_Config
 *fill*         0x0800363a        0x2 
 .text.HAL_GPIO_Init
                0x0800363c      0x308 ./Drivers/STM32F1xx_HAL_Driver/Src/stm32f1xx_hal_gpio.o
                0x0800363c                HAL_GPIO_Init
 .text.HAL_GPIO_WritePin
                0x08003944       0x30 ./Drivers/STM32F1xx_HAL_Driver/Src/stm32f1xx_hal_gpio.o
                0x08003944                HAL_GPIO_WritePin
 .text.HAL_GPIO_TogglePin
                0x08003974       0x32 ./Drivers/STM32F1xx_HAL_Driver/Src/stm32f1xx_hal_gpio.o
                0x08003974                HAL_GPIO_TogglePin
 *fill*         0x080039a6        0x2 
 .text.HAL_RCC_OscConfig
                0x080039a8      0x504 ./Drivers/STM32F1xx_HAL_Driver/Src/stm32f1xx_hal_rcc.o
                0x080039a8                HAL_RCC_OscConfig
 .text.HAL_RCC_ClockConfig
                0x08003eac      0x1d4 ./Drivers/STM32F1xx_HAL_Driver/Src/stm32f1xx_hal_rcc.o
                0x08003eac                HAL_RCC_ClockConfig
 .text.HAL_RCC_GetSysClockFreq
                0x08004080       0xa8 ./Drivers/STM32F1xx_HAL_Driver/Src/stm32f1xx_hal_rcc.o
                0x08004080                HAL_RCC_GetSysClockFreq
 .text.RCC_Delay
                0x08004128       0x3c ./Drivers/STM32F1xx_HAL_Driver/Src/stm32f1xx_hal_rcc.o
 .text.HAL_SPI_Init
                0x08004164      0x108 ./Drivers/STM32F1xx_HAL_Driver/Src/stm32f1xx_hal_spi.o
                0x08004164                HAL_SPI_Init
 .text.HAL_SPI_Transmit
                0x0800426c      0x288 ./Drivers/STM32F1xx_HAL_Driver/Src/stm32f1xx_hal_spi.o
                0x0800426c                HAL_SPI_Transmit
 .text.HAL_SPI_TransmitReceive
                0x080044f4      0x352 ./Drivers/STM32F1xx_HAL_Driver/Src/stm32f1xx_hal_spi.o
                0x080044f4                HAL_SPI_TransmitReceive
 *fill*         0x08004846        0x2 
 .text.SPI_WaitFlagStateUntilTimeout
                0x08004848      0x110 ./Drivers/STM32F1xx_HAL_Driver/Src/stm32f1xx_hal_spi.o
 .text.SPI_EndRxTxTransaction
                0x08004958       0x62 ./Drivers/STM32F1xx_HAL_Driver/Src/stm32f1xx_hal_spi.o
 .text.memset   0x080049ba       0x10 C:/ST/STM32CubeIDE_1.19.0/STM32CubeIDE/plugins/com.st.stm32cube.ide.mcu.externaltools.gnu-tools-for-stm32.13.3.rel1.win32_1.0.0.202411081344/tools/bin/../lib/gcc/arm-none-eabi/13.3.1/../../../../arm-none-eabi/lib/thumb/v7-m/nofp\libc_nano.a(libc_a-memset.o)
                0x080049ba                memset
 *fill*         0x080049ca        0x2 
 .text.__libc_init_array
                0x080049cc       0x48 C:/ST/STM32CubeIDE_1.19.0/STM32CubeIDE/plugins/com.st.stm32cube.ide.mcu.externaltools.gnu-tools-for-stm32.13.3.rel1.win32_1.0.0.202411081344/tools/bin/../lib/gcc/arm-none-eabi/13.3.1/../../../../arm-none-eabi/lib/thumb/v7-m/nofp\libc_nano.a(libc_a-init.o)
                0x080049cc                __libc_init_array
 .text.memcpy   0x08004a14       0x1c C:/ST/STM32CubeIDE_1.19.0/STM32CubeIDE/plugins/com.st.stm32cube.ide.mcu.externaltools.gnu-tools-for-stm32.13.3.rel1.win32_1.0.0.202411081344/tools/bin/../lib/gcc/arm-none-eabi/13.3.1/../../../../arm-none-eabi/lib/thumb/v7-m/nofp\libc_nano.a(libc_a-memcpy-stub.o)
                0x08004a14                memcpy
 *(.glue_7)
 .glue_7        0x08004a30        0x0 linker stubs
 *(.glue_7t)
 .glue_7t       0x08004a30        0x0 linker stubs
 *(.eh_frame)
 .eh_frame      0x08004a30        0x0 C:/ST/STM32CubeIDE_1.19.0/STM32CubeIDE/plugins/com.st.stm32cube.ide.mcu.externaltools.gnu-tools-for-stm32.13.3.rel1.win32_1.0.0.202411081344/tools/bin/../lib/gcc/arm-none-eabi/13.3.1/thumb/v7-m/nofp/crtbegin.o
 *(.init)
 .init          0x08004a30        0x4 C:/ST/STM32CubeIDE_1.19.0/STM32CubeIDE/plugins/com.st.stm32cube.ide.mcu.externaltools.gnu-tools-for-stm32.13.3.rel1.win32_1.0.0.202411081344/tools/bin/../lib/gcc/arm-none-eabi/13.3.1/thumb/v7-m/nofp/crti.o
                0x08004a30                _init
 .init          0x08004a34        0x8 C:/ST/STM32CubeIDE_1.19.0/STM32CubeIDE/plugins/com.st.stm32cube.ide.mcu.externaltools.gnu-tools-for-stm32.13.3.rel1.win32_1.0.0.202411081344/tools/bin/../lib/gcc/arm-none-eabi/13.3.1/thumb/v7-m/nofp/crtn.o
 *(.fini)
 .fini          0x08004a3c        0x4 C:/ST/STM32CubeIDE_1.19.0/STM32CubeIDE/plugins/com.st.stm32cube.ide.mcu.externaltools.gnu-tools-for-stm32.13.3.rel1.win32_1.0.0.202411081344/tools/bin/../lib/gcc/arm-none-eabi/13.3.1/thumb/v7-m/nofp/crti.o
                0x08004a3c                _fini
 .fini          0x08004a40        0x8 C:/ST/STM32CubeIDE_1.19.0/STM32CubeIDE/plugins/com.st.stm32cube.ide.mcu.externaltools.gnu-tools-for-stm32.13.3.rel1.win32_1.0.0.202411081344/tools/bin/../lib/gcc/arm-none-eabi/13.3.1/thumb/v7-m/nofp/crtn.o
                0x08004a48                        . = ALIGN (0x4)
                0x08004a48                        _etext = .

.vfp11_veneer   0x08004a48        0x0
 .vfp11_veneer  0x08004a48        0x0 linker stubs

.v4_bx          0x08004a48        0x0
 .v4_bx         0x08004a48        0x0 linker stubs

.iplt           0x08004a48        0x0
 .iplt          0x08004a48        0x0 C:/ST/STM32CubeIDE_1.19.0/STM32CubeIDE/plugins/com.st.stm32cube.ide.mcu.externaltools.gnu-tools-for-stm32.13.3.rel1.win32_1.0.0.202411081344/tools/bin/../lib/gcc/arm-none-eabi/13.3.1/thumb/v7-m/nofp/crtbegin.o

.rodata         0x08004a48      0x264
                0x08004a48                        . = ALIGN (0x4)
 *(.rodata)
 .rodata        0x08004a48      0x140 ./Core/Src/main.o
 *(.rodata*)
 .rodata._ZN8TsUnbLibL8AES_sBoxE
                0x08004b88      0x100 ./Core/Src/main.o
 .rodata.AHBPrescTable
                0x08004c88       0x10 ./Core/Src/system_stm32f1xx.o
                0x08004c88                AHBPrescTable
 .rodata.aPLLMULFactorTable.1
                0x08004c98       0x10 ./Drivers/STM32F1xx_HAL_Driver/Src/stm32f1xx_hal_rcc.o
 .rodata.aPredivFactorTable.0
                0x08004ca8        0x2 ./Drivers/STM32F1xx_HAL_Driver/Src/stm32f1xx_hal_rcc.o
                0x08004cac                        . = ALIGN (0x4)
 *fill*         0x08004caa        0x2 

.ARM.extab      0x08004cac        0x0
                0x08004cac                        . = ALIGN (0x4)
 *(.ARM.extab* .gnu.linkonce.armextab.*)
                0x08004cac                        . = ALIGN (0x4)

.ARM            0x08004cac        0x0
                0x08004cac                        . = ALIGN (0x4)
                0x08004cac                        __exidx_start = .
 *(.ARM.exidx*)
                0x08004cac                        __exidx_end = .
                0x08004cac                        . = ALIGN (0x4)

.preinit_array  0x08004cac        0x0
                0x08004cac                        . = ALIGN (0x4)
                0x08004cac                        PROVIDE (__preinit_array_start = .)
 *(.preinit_array*)
                0x08004cac                        PROVIDE (__preinit_array_end = .)
                0x08004cac                        . = ALIGN (0x4)

.init_array     0x08004cac        0x8
                0x08004cac                        . = ALIGN (0x4)
                0x08004cac                        PROVIDE (__init_array_start = .)
 *(SORT_BY_NAME(.init_array.*))
 *(.init_array*)
 .init_array    0x08004cac        0x4 C:/ST/STM32CubeIDE_1.19.0/STM32CubeIDE/plugins/com.st.stm32cube.ide.mcu.externaltools.gnu-tools-for-stm32.13.3.rel1.win32_1.0.0.202411081344/tools/bin/../lib/gcc/arm-none-eabi/13.3.1/thumb/v7-m/nofp/crtbegin.o
 .init_array    0x08004cb0        0x4 ./Core/Src/main.o
                0x08004cb4                        PROVIDE (__init_array_end = .)
                0x08004cb4                        . = ALIGN (0x4)

.fini_array     0x08004cb4        0x8
                0x08004cb4                        . = ALIGN (0x4)
                [!provide]                        PROVIDE (__fini_array_start = .)
 *(SORT_BY_NAME(.fini_array.*))
 *(.fini_array*)
 .fini_array    0x08004cb4        0x4 C:/ST/STM32CubeIDE_1.19.0/STM32CubeIDE/plugins/com.st.stm32cube.ide.mcu.externaltools.gnu-tools-for-stm32.13.3.rel1.win32_1.0.0.202411081344/tools/bin/../lib/gcc/arm-none-eabi/13.3.1/thumb/v7-m/nofp/crtbegin.o
 .fini_array    0x08004cb8        0x4 ./Core/Src/main.o
                [!provide]                        PROVIDE (__fini_array_end = .)
                0x08004cbc                        . = ALIGN (0x4)
                0x08004cbc                        _sidata = LOADADDR (.data)

.rel.dyn        0x08004cbc        0x0
 .rel.iplt      0x08004cbc        0x0 C:/ST/STM32CubeIDE_1.19.0/STM32CubeIDE/plugins/com.st.stm32cube.ide.mcu.externaltools.gnu-tools-for-stm32.13.3.rel1.win32_1.0.0.202411081344/tools/bin/../lib/gcc/arm-none-eabi/13.3.1/thumb/v7-m/nofp/crtbegin.o

.data           0x20000000        0xc load address 0x08004cbc
                0x20000000                        . = ALIGN (0x4)
                0x20000000                        _sdata = .
 *(.data)
 *(.data*)
 .data.SystemCoreClock
                0x20000000        0x4 ./Core/Src/system_stm32f1xx.o
                0x20000000                SystemCoreClock
 .data.uwTickPrio
                0x20000004        0x4 ./Drivers/STM32F1xx_HAL_Driver/Src/stm32f1xx_hal.o
                0x20000004                uwTickPrio
 .data.uwTickFreq
                0x20000008        0x1 ./Drivers/STM32F1xx_HAL_Driver/Src/stm32f1xx_hal.o
                0x20000008                uwTickFreq
 *(.RamFunc)
 *(.RamFunc*)
                0x2000000c                        . = ALIGN (0x4)
 *fill*         0x20000009        0x3 
                0x2000000c                        _edata = .

.igot.plt       0x2000000c        0x0 load address 0x08004cc8
 .igot.plt      0x2000000c        0x0 C:/ST/STM32CubeIDE_1.19.0/STM32CubeIDE/plugins/com.st.stm32cube.ide.mcu.externaltools.gnu-tools-for-stm32.13.3.rel1.win32_1.0.0.202411081344/tools/bin/../lib/gcc/arm-none-eabi/13.3.1/thumb/v7-m/nofp/crtbegin.o
                0x2000000c                        . = ALIGN (0x4)

.bss            0x20000010       0xcc load address 0x08004cc8
                0x20000010                        _sbss = .
                0x20000010                        __bss_start__ = _sbss
 *(.bss)
 .bss           0x20000010       0x1c C:/ST/STM32CubeIDE_1.19.0/STM32CubeIDE/plugins/com.st.stm32cube.ide.mcu.externaltools.gnu-tools-for-stm32.13.3.rel1.win32_1.0.0.202411081344/tools/bin/../lib/gcc/arm-none-eabi/13.3.1/thumb/v7-m/nofp/crtbegin.o
 *(.bss*)
 .bss.hspi1     0x2000002c       0x58 ./Core/Src/main.o
                0x2000002c                hspi1
 *fill*         0x20000084        0x4 
 .bss.TsUnb_Node
                0x20000088       0x50 ./Core/Src/main.o
                0x20000088                TsUnb_Node
 .bss.uwTick    0x200000d8        0x4 ./Drivers/STM32F1xx_HAL_Driver/Src/stm32f1xx_hal.o
                0x200000d8                uwTick
 *(COMMON)
                0x200000dc                        . = ALIGN (0x4)
                0x200000dc                        _ebss = .
                0x200000dc                        __bss_end__ = _ebss

._user_heap_stack
                0x200000dc      0xa04 load address 0x08004cc8
                0x200000e0                        . = ALIGN (0x8)
 *fill*         0x200000dc        0x4 
                [!provide]                        PROVIDE (end = .)
                0x200000e0                        PROVIDE (_end = .)
                0x200002e0                        . = (. + _Min_Heap_Size)
 *fill*         0x200000e0      0x200 
                0x20000ae0                        . = (. + _Min_Stack_Size)
 *fill*         0x200002e0      0x800 
                0x20000ae0                        . = ALIGN (0x8)

/DISCARD/
 libc.a(*)
 libm.a(*)
 libgcc.a(*)

.ARM.attributes
                0x00000000       0x29
 *(.ARM.attributes)
 .ARM.attributes
                0x00000000       0x1d C:/ST/STM32CubeIDE_1.19.0/STM32CubeIDE/plugins/com.st.stm32cube.ide.mcu.externaltools.gnu-tools-for-stm32.13.3.rel1.win32_1.0.0.202411081344/tools/bin/../lib/gcc/arm-none-eabi/13.3.1/thumb/v7-m/nofp/crti.o
 .ARM.attributes
                0x0000001d       0x2d C:/ST/STM32CubeIDE_1.19.0/STM32CubeIDE/plugins/com.st.stm32cube.ide.mcu.externaltools.gnu-tools-for-stm32.13.3.rel1.win32_1.0.0.202411081344/tools/bin/../lib/gcc/arm-none-eabi/13.3.1/thumb/v7-m/nofp/crtbegin.o
 .ARM.attributes
                0x0000004a       0x2d ./Core/Src/main.o
 .ARM.attributes
                0x00000077       0x2d ./Core/Src/stm32f1xx_hal_msp.o
 .ARM.attributes
                0x000000a4       0x2d ./Core/Src/stm32f1xx_it.o
 .ARM.attributes
                0x000000d1       0x2d ./Core/Src/system_stm32f1xx.o
 .ARM.attributes
                0x000000fe       0x21 ./Core/Startup/startup_stm32f103cbux.o
 .ARM.attributes
                0x0000011f       0x2d ./Drivers/STM32F1xx_HAL_Driver/Src/stm32f1xx_hal.o
 .ARM.attributes
                0x0000014c       0x2d ./Drivers/STM32F1xx_HAL_Driver/Src/stm32f1xx_hal_cortex.o
 .ARM.attributes
                0x00000179       0x2d ./Drivers/STM32F1xx_HAL_Driver/Src/stm32f1xx_hal_gpio.o
 .ARM.attributes
                0x000001a6       0x2d ./Drivers/STM32F1xx_HAL_Driver/Src/stm32f1xx_hal_rcc.o
 .ARM.attributes
                0x000001d3       0x2d ./Drivers/STM32F1xx_HAL_Driver/Src/stm32f1xx_hal_spi.o
 .ARM.attributes
                0x00000200       0x2d C:/ST/STM32CubeIDE_1.19.0/STM32CubeIDE/plugins/com.st.stm32cube.ide.mcu.externaltools.gnu-tools-for-stm32.13.3.rel1.win32_1.0.0.202411081344/tools/bin/../lib/gcc/arm-none-eabi/13.3.1/../../../../arm-none-eabi/lib/thumb/v7-m/nofp\libc_nano.a(libc_a-memset.o)
 .ARM.attributes
                0x0000022d       0x2d C:/ST/STM32CubeIDE_1.19.0/STM32CubeIDE/plugins/com.st.stm32cube.ide.mcu.externaltools.gnu-tools-for-stm32.13.3.rel1.win32_1.0.0.202411081344/tools/bin/../lib/gcc/arm-none-eabi/13.3.1/../../../../arm-none-eabi/lib/thumb/v7-m/nofp\libc_nano.a(libc_a-init.o)
 .ARM.attributes
                0x0000025a       0x2d C:/ST/STM32CubeIDE_1.19.0/STM32CubeIDE/plugins/com.st.stm32cube.ide.mcu.externaltools.gnu-tools-for-stm32.13.3.rel1.win32_1.0.0.202411081344/tools/bin/../lib/gcc/arm-none-eabi/13.3.1/../../../../arm-none-eabi/lib/thumb/v7-m/nofp\libc_nano.a(libc_a-memcpy-stub.o)
 .ARM.attributes
                0x00000287       0x1d C:/ST/STM32CubeIDE_1.19.0/STM32CubeIDE/plugins/com.st.stm32cube.ide.mcu.externaltools.gnu-tools-for-stm32.13.3.rel1.win32_1.0.0.202411081344/tools/bin/../lib/gcc/arm-none-eabi/13.3.1/thumb/v7-m/nofp\libgcc.a(_arm_addsubdf3.o)
 .ARM.attributes
                0x000002a4       0x1d C:/ST/STM32CubeIDE_1.19.0/STM32CubeIDE/plugins/com.st.stm32cube.ide.mcu.externaltools.gnu-tools-for-stm32.13.3.rel1.win32_1.0.0.202411081344/tools/bin/../lib/gcc/arm-none-eabi/13.3.1/thumb/v7-m/nofp\libgcc.a(_arm_muldivdf3.o)
 .ARM.attributes
                0x000002c1       0x1d C:/ST/STM32CubeIDE_1.19.0/STM32CubeIDE/plugins/com.st.stm32cube.ide.mcu.externaltools.gnu-tools-for-stm32.13.3.rel1.win32_1.0.0.202411081344/tools/bin/../lib/gcc/arm-none-eabi/13.3.1/thumb/v7-m/nofp\libgcc.a(_arm_cmpdf2.o)
 .ARM.attributes
                0x000002de       0x2d C:/ST/STM32CubeIDE_1.19.0/STM32CubeIDE/plugins/com.st.stm32cube.ide.mcu.externaltools.gnu-tools-for-stm32.13.3.rel1.win32_1.0.0.202411081344/tools/bin/../lib/gcc/arm-none-eabi/13.3.1/thumb/v7-m/nofp\libgcc.a(_fixunsdfdi.o)
 .ARM.attributes
                0x0000030b       0x1d C:/ST/STM32CubeIDE_1.19.0/STM32CubeIDE/plugins/com.st.stm32cube.ide.mcu.externaltools.gnu-tools-for-stm32.13.3.rel1.win32_1.0.0.202411081344/tools/bin/../lib/gcc/arm-none-eabi/13.3.1/thumb/v7-m/nofp\libgcc.a(_arm_fixunsdfsi.o)
 .ARM.attributes
                0x00000328       0x1d C:/ST/STM32CubeIDE_1.19.0/STM32CubeIDE/plugins/com.st.stm32cube.ide.mcu.externaltools.gnu-tools-for-stm32.13.3.rel1.win32_1.0.0.202411081344/tools/bin/../lib/gcc/arm-none-eabi/13.3.1/thumb/v7-m/nofp/crtn.o
OUTPUT(BLE_MIOTY_ibeacon_tx_Battery_opt.elf elf32-littlearm)
LOAD linker stubs
LOAD C:/ST/STM32CubeIDE_1.19.0/STM32CubeIDE/plugins/com.st.stm32cube.ide.mcu.externaltools.gnu-tools-for-stm32.13.3.rel1.win32_1.0.0.202411081344/tools/bin/../lib/gcc/arm-none-eabi/13.3.1/../../../../arm-none-eabi/lib/thumb/v7-m/nofp\libc.a
LOAD C:/ST/STM32CubeIDE_1.19.0/STM32CubeIDE/plugins/com.st.stm32cube.ide.mcu.externaltools.gnu-tools-for-stm32.13.3.rel1.win32_1.0.0.202411081344/tools/bin/../lib/gcc/arm-none-eabi/13.3.1/../../../../arm-none-eabi/lib/thumb/v7-m/nofp\libm.a
LOAD C:/ST/STM32CubeIDE_1.19.0/STM32CubeIDE/plugins/com.st.stm32cube.ide.mcu.externaltools.gnu-tools-for-stm32.13.3.rel1.win32_1.0.0.202411081344/tools/bin/../lib/gcc/arm-none-eabi/13.3.1/thumb/v7-m/nofp\libgcc.a

.debug_info     0x00000000     0x8271
 .debug_info    0x00000000     0x43b5 ./Core/Src/main.o
 .debug_info    0x000043b5      0x81f ./Core/Src/stm32f1xx_hal_msp.o
 .debug_info    0x00004bd4      0x113 ./Core/Src/stm32f1xx_it.o
 .debug_info    0x00004ce7      0x222 ./Core/Src/system_stm32f1xx.o
 .debug_info    0x00004f09       0x30 ./Core/Startup/startup_stm32f103cbux.o
 .debug_info    0x00004f39      0x704 ./Drivers/STM32F1xx_HAL_Driver/Src/stm32f1xx_hal.o
 .debug_info    0x0000563d      0xa87 ./Drivers/STM32F1xx_HAL_Driver/Src/stm32f1xx_hal_cortex.o
 .debug_info    0x000060c4      0x5ab ./Drivers/STM32F1xx_HAL_Driver/Src/stm32f1xx_hal_gpio.o
 .debug_info    0x0000666f      0x7d5 ./Drivers/STM32F1xx_HAL_Driver/Src/stm32f1xx_hal_rcc.o
 .debug_info    0x00006e44     0x142d ./Drivers/STM32F1xx_HAL_Driver/Src/stm32f1xx_hal_spi.o

.debug_abbrev   0x00000000     0x1709
 .debug_abbrev  0x00000000      0x797 ./Core/Src/main.o
 .debug_abbrev  0x00000797      0x1ac ./Core/Src/stm32f1xx_hal_msp.o
 .debug_abbrev  0x00000943       0x73 ./Core/Src/stm32f1xx_it.o
 .debug_abbrev  0x000009b6      0x13f ./Core/Src/system_stm32f1xx.o
 .debug_abbrev  0x00000af5       0x24 ./Core/Startup/startup_stm32f103cbux.o
 .debug_abbrev  0x00000b19      0x201 ./Drivers/STM32F1xx_HAL_Driver/Src/stm32f1xx_hal.o
 .debug_abbrev  0x00000d1a      0x2f8 ./Drivers/STM32F1xx_HAL_Driver/Src/stm32f1xx_hal_cortex.o
 .debug_abbrev  0x00001012      0x1ca ./Drivers/STM32F1xx_HAL_Driver/Src/stm32f1xx_hal_gpio.o
 .debug_abbrev  0x000011dc      0x2b3 ./Drivers/STM32F1xx_HAL_Driver/Src/stm32f1xx_hal_rcc.o
 .debug_abbrev  0x0000148f      0x27a ./Drivers/STM32F1xx_HAL_Driver/Src/stm32f1xx_hal_spi.o

.debug_aranges  0x00000000      0x838
 .debug_aranges
                0x00000000      0x2c0 ./Core/Src/main.o
 .debug_aranges
                0x000002c0       0x30 ./Core/Src/stm32f1xx_hal_msp.o
 .debug_aranges
                0x000002f0       0x60 ./Core/Src/stm32f1xx_it.o
 .debug_aranges
                0x00000350       0x28 ./Core/Src/system_stm32f1xx.o
 .debug_aranges
                0x00000378       0x28 ./Core/Startup/startup_stm32f103cbux.o
 .debug_aranges
                0x000003a0       0xe0 ./Drivers/STM32F1xx_HAL_Driver/Src/stm32f1xx_hal.o
 .debug_aranges
                0x00000480      0x100 ./Drivers/STM32F1xx_HAL_Driver/Src/stm32f1xx_hal_cortex.o
 .debug_aranges
                0x00000580       0x58 ./Drivers/STM32F1xx_HAL_Driver/Src/stm32f1xx_hal_gpio.o
 .debug_aranges
                0x000005d8       0x90 ./Drivers/STM32F1xx_HAL_Driver/Src/stm32f1xx_hal_rcc.o
 .debug_aranges
                0x00000668      0x1d0 ./Drivers/STM32F1xx_HAL_Driver/Src/stm32f1xx_hal_spi.o

.debug_rnglists
                0x00000000      0x63b
 .debug_rnglists
                0x00000000      0x22e ./Core/Src/main.o
 .debug_rnglists
                0x0000022e       0x20 ./Core/Src/stm32f1xx_hal_msp.o
 .debug_rnglists
                0x0000024e       0x43 ./Core/Src/stm32f1xx_it.o
 .debug_rnglists
                0x00000291       0x1a ./Core/Src/system_stm32f1xx.o
 .debug_rnglists
                0x000002ab       0x19 ./Core/Startup/startup_stm32f103cbux.o
 .debug_rnglists
                0x000002c4       0xa3 ./Drivers/STM32F1xx_HAL_Driver/Src/stm32f1xx_hal.o
 .debug_rnglists
                0x00000367       0xbb ./Drivers/STM32F1xx_HAL_Driver/Src/stm32f1xx_hal_cortex.o
 .debug_rnglists
                0x00000422       0x3f ./Drivers/STM32F1xx_HAL_Driver/Src/stm32f1xx_hal_gpio.o
 .debug_rnglists
                0x00000461       0x6c ./Drivers/STM32F1xx_HAL_Driver/Src/stm32f1xx_hal_rcc.o
 .debug_rnglists
                0x000004cd      0x16e ./Drivers/STM32F1xx_HAL_Driver/Src/stm32f1xx_hal_spi.o

.debug_macro    0x00000000    0x18edd
 .debug_macro   0x00000000      0x35f ./Core/Src/main.o
 .debug_macro   0x0000035f      0xba4 ./Core/Src/main.o
 .debug_macro   0x00000f03      0x215 ./Core/Src/main.o
 .debug_macro   0x00001118       0x2e ./Core/Src/main.o
 .debug_macro   0x00001146       0x22 ./Core/Src/main.o
 .debug_macro   0x00001168       0x1c ./Core/Src/main.o
 .debug_macro   0x00001184       0x22 ./Core/Src/main.o
 .debug_macro   0x000011a6       0x8e ./Core/Src/main.o
 .debug_macro   0x00001234       0x51 ./Core/Src/main.o
 .debug_macro   0x00001285      0x103 ./Core/Src/main.o
 .debug_macro   0x00001388       0x6a ./Core/Src/main.o
 .debug_macro   0x000013f2      0x1df ./Core/Src/main.o
 .debug_macro   0x000015d1       0x1c ./Core/Src/main.o
 .debug_macro   0x000015ed       0x22 ./Core/Src/main.o
 .debug_macro   0x0000160f       0xbd ./Core/Src/main.o
 .debug_macro   0x000016cc      0xd23 ./Core/Src/main.o
 .debug_macro   0x000023ef     0xe09e ./Core/Src/main.o
 .debug_macro   0x0001048d       0x6d ./Core/Src/main.o
 .debug_macro   0x000104fa     0x34a2 ./Core/Src/main.o
 .debug_macro   0x0001399c      0x197 ./Core/Src/main.o
 .debug_macro   0x00013b33       0x5c ./Core/Src/main.o
 .debug_macro   0x00013b8f      0x5bc ./Core/Src/main.o
 .debug_macro   0x0001414b      0x289 ./Core/Src/main.o
 .debug_macro   0x000143d4      0x1cb ./Core/Src/main.o
 .debug_macro   0x0001459f      0x114 ./Core/Src/main.o
 .debug_macro   0x000146b3      0x1b2 ./Core/Src/main.o
 .debug_macro   0x00014865       0x27 ./Core/Src/main.o
 .debug_macro   0x0001488c      0x136 ./Core/Src/main.o
 .debug_macro   0x000149c2      0x1bc ./Core/Src/main.o
 .debug_macro   0x00014b7e       0x34 ./Core/Src/main.o
 .debug_macro   0x00014bb2       0x3c ./Core/Src/main.o
 .debug_macro   0x00014bee       0x57 ./Core/Src/main.o
 .debug_macro   0x00014c45       0x87 ./Core/Src/main.o
 .debug_macro   0x00014ccc      0x240 ./Core/Src/main.o
 .debug_macro   0x00014f0c      0x140 ./Core/Src/main.o
 .debug_macro   0x0001504c      0x217 ./Core/Src/main.o
 .debug_macro   0x00015263       0x83 ./Core/Src/main.o
 .debug_macro   0x000152e6       0x40 ./Core/Src/main.o
 .debug_macro   0x00015326       0x61 ./Core/Src/main.o
 .debug_macro   0x00015387       0x24 ./Core/Src/main.o
 .debug_macro   0x000153ab       0x43 ./Core/Src/main.o
 .debug_macro   0x000153ee       0x3a ./Core/Src/main.o
 .debug_macro   0x00015428       0x3c ./Core/Src/main.o
 .debug_macro   0x00015464      0x460 ./Core/Src/main.o
 .debug_macro   0x000158c4       0x1c ./Core/Src/main.o
 .debug_macro   0x000158e0       0xb0 ./Core/Src/main.o
 .debug_macro   0x00015990      0x1f2 ./Core/Src/main.o
 .debug_macro   0x00015b82       0x10 ./Core/Src/main.o
 .debug_macro   0x00015b92      0x409 ./Core/Src/main.o
 .debug_macro   0x00015f9b       0x10 ./Core/Src/main.o
 .debug_macro   0x00015fab       0x16 ./Core/Src/main.o
 .debug_macro   0x00015fc1      0x38c ./Core/Src/main.o
 .debug_macro   0x0001634d       0x16 ./Core/Src/main.o
 .debug_macro   0x00016363       0x4a ./Core/Src/main.o
 .debug_macro   0x000163ad       0x34 ./Core/Src/main.o
 .debug_macro   0x000163e1       0x10 ./Core/Src/main.o
 .debug_macro   0x000163f1       0x58 ./Core/Src/main.o
 .debug_macro   0x00016449       0x8e ./Core/Src/main.o
 .debug_macro   0x000164d7       0x16 ./Core/Src/main.o
 .debug_macro   0x000164ed      0x185 ./Core/Src/main.o
 .debug_macro   0x00016672       0x16 ./Core/Src/main.o
 .debug_macro   0x00016688       0x29 ./Core/Src/main.o
 .debug_macro   0x000166b1       0x1c ./Core/Src/main.o
 .debug_macro   0x000166cd       0xde ./Core/Src/main.o
 .debug_macro   0x000167ab       0x2e ./Core/Src/main.o
 .debug_macro   0x000167d9       0x1c ./Core/Src/main.o
 .debug_macro   0x000167f5       0x28 ./Core/Src/main.o
 .debug_macro   0x0001681d      0x19d ./Core/Src/stm32f1xx_hal_msp.o
 .debug_macro   0x000169ba      0xacc ./Core/Src/stm32f1xx_hal_msp.o
 .debug_macro   0x00017486      0xd23 ./Core/Src/stm32f1xx_hal_msp.o
 .debug_macro   0x000181a9      0x190 ./Core/Src/stm32f1xx_hal_msp.o
 .debug_macro   0x00018339      0x1a7 ./Core/Src/stm32f1xx_it.o
 .debug_macro   0x000184e0      0x18e ./Core/Src/system_stm32f1xx.o
 .debug_macro   0x0001866e      0x1b2 ./Drivers/STM32F1xx_HAL_Driver/Src/stm32f1xx_hal.o
 .debug_macro   0x00018820      0x18e ./Drivers/STM32F1xx_HAL_Driver/Src/stm32f1xx_hal_cortex.o
 .debug_macro   0x000189ae      0x1f9 ./Drivers/STM32F1xx_HAL_Driver/Src/stm32f1xx_hal_gpio.o
 .debug_macro   0x00018ba7      0x1a0 ./Drivers/STM32F1xx_HAL_Driver/Src/stm32f1xx_hal_rcc.o
 .debug_macro   0x00018d47      0x196 ./Drivers/STM32F1xx_HAL_Driver/Src/stm32f1xx_hal_spi.o

.debug_line     0x00000000     0x82fe
 .debug_line    0x00000000     0x23cd ./Core/Src/main.o
 .debug_line    0x000023cd      0x71e ./Core/Src/stm32f1xx_hal_msp.o
 .debug_line    0x00002aeb      0x779 ./Core/Src/stm32f1xx_it.o
 .debug_line    0x00003264      0x749 ./Core/Src/system_stm32f1xx.o
 .debug_line    0x000039ad       0x78 ./Core/Startup/startup_stm32f103cbux.o
 .debug_line    0x00003a25      0x97a ./Drivers/STM32F1xx_HAL_Driver/Src/stm32f1xx_hal.o
 .debug_line    0x0000439f      0xb44 ./Drivers/STM32F1xx_HAL_Driver/Src/stm32f1xx_hal_cortex.o
 .debug_line    0x00004ee3      0x9d7 ./Drivers/STM32F1xx_HAL_Driver/Src/stm32f1xx_hal_gpio.o
 .debug_line    0x000058ba      0xe33 ./Drivers/STM32F1xx_HAL_Driver/Src/stm32f1xx_hal_rcc.o
 .debug_line    0x000066ed     0x1c11 ./Drivers/STM32F1xx_HAL_Driver/Src/stm32f1xx_hal_spi.o

.debug_str      0x00000000    0x87232
 .debug_str     0x00000000    0x87232 ./Core/Src/main.o
                              0x861f3 (size before relaxing)
 .debug_str     0x00087232    0x7c7a9 ./Core/Src/stm32f1xx_hal_msp.o
 .debug_str     0x00087232    0x7c363 ./Core/Src/stm32f1xx_it.o
 .debug_str     0x00087232    0x7c286 ./Core/Src/system_stm32f1xx.o
 .debug_str     0x00087232       0xb7 ./Core/Startup/startup_stm32f103cbux.o
 .debug_str     0x00087232    0x7c9b9 ./Drivers/STM32F1xx_HAL_Driver/Src/stm32f1xx_hal.o
 .debug_str     0x00087232    0x7c905 ./Drivers/STM32F1xx_HAL_Driver/Src/stm32f1xx_hal_cortex.o
 .debug_str     0x00087232    0x7c60c ./Drivers/STM32F1xx_HAL_Driver/Src/stm32f1xx_hal_gpio.o
 .debug_str     0x00087232    0x7c6b5 ./Drivers/STM32F1xx_HAL_Driver/Src/stm32f1xx_hal_rcc.o
 .debug_str     0x00087232    0x7cbac ./Drivers/STM32F1xx_HAL_Driver/Src/stm32f1xx_hal_spi.o

.comment        0x00000000       0x43
 .comment       0x00000000       0x43 ./Core/Src/main.o
                                 0x44 (size before relaxing)
 .comment       0x00000043       0x44 ./Core/Src/stm32f1xx_hal_msp.o
 .comment       0x00000043       0x44 ./Core/Src/stm32f1xx_it.o
 .comment       0x00000043       0x44 ./Core/Src/system_stm32f1xx.o
 .comment       0x00000043       0x44 ./Drivers/STM32F1xx_HAL_Driver/Src/stm32f1xx_hal.o
 .comment       0x00000043       0x44 ./Drivers/STM32F1xx_HAL_Driver/Src/stm32f1xx_hal_cortex.o
 .comment       0x00000043       0x44 ./Drivers/STM32F1xx_HAL_Driver/Src/stm32f1xx_hal_gpio.o
 .comment       0x00000043       0x44 ./Drivers/STM32F1xx_HAL_Driver/Src/stm32f1xx_hal_rcc.o
 .comment       0x00000043       0x44 ./Drivers/STM32F1xx_HAL_Driver/Src/stm32f1xx_hal_spi.o

.debug_frame    0x00000000     0x23fc
 .debug_frame   0x00000000      0xcb8 ./Core/Src/main.o
 .debug_frame   0x00000cb8       0x80 ./Core/Src/stm32f1xx_hal_msp.o
 .debug_frame   0x00000d38      0x104 ./Core/Src/stm32f1xx_it.o
 .debug_frame   0x00000e3c       0x58 ./Core/Src/system_stm32f1xx.o
 .debug_frame   0x00000e94      0x334 ./Drivers/STM32F1xx_HAL_Driver/Src/stm32f1xx_hal.o
 .debug_frame   0x000011c8      0x428 ./Drivers/STM32F1xx_HAL_Driver/Src/stm32f1xx_hal_cortex.o
 .debug_frame   0x000015f0      0x14c ./Drivers/STM32F1xx_HAL_Driver/Src/stm32f1xx_hal_gpio.o
 .debug_frame   0x0000173c      0x218 ./Drivers/STM32F1xx_HAL_Driver/Src/stm32f1xx_hal_rcc.o
 .debug_frame   0x00001954      0x824 ./Drivers/STM32F1xx_HAL_Driver/Src/stm32f1xx_hal_spi.o
 .debug_frame   0x00002178       0x20 C:/ST/STM32CubeIDE_1.19.0/STM32CubeIDE/plugins/com.st.stm32cube.ide.mcu.externaltools.gnu-tools-for-stm32.13.3.rel1.win32_1.0.0.202411081344/tools/bin/../lib/gcc/arm-none-eabi/13.3.1/../../../../arm-none-eabi/lib/thumb/v7-m/nofp\libc_nano.a(libc_a-memset.o)
 .debug_frame   0x00002198       0x2c C:/ST/STM32CubeIDE_1.19.0/STM32CubeIDE/plugins/com.st.stm32cube.ide.mcu.externaltools.gnu-tools-for-stm32.13.3.rel1.win32_1.0.0.202411081344/tools/bin/../lib/gcc/arm-none-eabi/13.3.1/../../../../arm-none-eabi/lib/thumb/v7-m/nofp\libc_nano.a(libc_a-init.o)
 .debug_frame   0x000021c4       0x28 C:/ST/STM32CubeIDE_1.19.0/STM32CubeIDE/plugins/com.st.stm32cube.ide.mcu.externaltools.gnu-tools-for-stm32.13.3.rel1.win32_1.0.0.202411081344/tools/bin/../lib/gcc/arm-none-eabi/13.3.1/../../../../arm-none-eabi/lib/thumb/v7-m/nofp\libc_nano.a(libc_a-memcpy-stub.o)
 .debug_frame   0x000021ec       0xac C:/ST/STM32CubeIDE_1.19.0/STM32CubeIDE/plugins/com.st.stm32cube.ide.mcu.externaltools.gnu-tools-for-stm32.13.3.rel1.win32_1.0.0.202411081344/tools/bin/../lib/gcc/arm-none-eabi/13.3.1/thumb/v7-m/nofp\libgcc.a(_arm_addsubdf3.o)
 .debug_frame   0x00002298       0x50 C:/ST/STM32CubeIDE_1.19.0/STM32CubeIDE/plugins/com.st.stm32cube.ide.mcu.externaltools.gnu-tools-for-stm32.13.3.rel1.win32_1.0.0.202411081344/tools/bin/../lib/gcc/arm-none-eabi/13.3.1/thumb/v7-m/nofp\libgcc.a(_arm_muldivdf3.o)
 .debug_frame   0x000022e8       0xc4 C:/ST/STM32CubeIDE_1.19.0/STM32CubeIDE/plugins/com.st.stm32cube.ide.mcu.externaltools.gnu-tools-for-stm32.13.3.rel1.win32_1.0.0.202411081344/tools/bin/../lib/gcc/arm-none-eabi/13.3.1/thumb/v7-m/nofp\libgcc.a(_arm_cmpdf2.o)
 .debug_frame   0x000023ac       0x2c C:/ST/STM32CubeIDE_1.19.0/STM32CubeIDE/plugins/com.st.stm32cube.ide.mcu.externaltools.gnu-tools-for-stm32.13.3.rel1.win32_1.0.0.202411081344/tools/bin/../lib/gcc/arm-none-eabi/13.3.1/thumb/v7-m/nofp\libgcc.a(_fixunsdfdi.o)
 .debug_frame   0x000023d8       0x24 C:/ST/STM32CubeIDE_1.19.0/STM32CubeIDE/plugins/com.st.stm32cube.ide.mcu.externaltools.gnu-tools-for-stm32.13.3.rel1.win32_1.0.0.202411081344/tools/bin/../lib/gcc/arm-none-eabi/13.3.1/thumb/v7-m/nofp\libgcc.a(_arm_fixunsdfsi.o)

.debug_line_str
                0x00000000       0x9b
 .debug_line_str
                0x00000000       0x9b ./Core/Startup/startup_stm32f103cbux.o
