Archive member included to satisfy reference by file (symbol)

C:/Users/ortiz/.pico-sdk/toolchain/13_2_Rel1/bin/../lib/gcc/arm-none-eabi/13.2.1/thumb/v6-m/nofp\libgcc.a(_dvmd_tls.o)
                              CMakeFiles/mioty-ble.dir/C_/Users/ortiz/.pico-sdk/sdk/2.0.0/src/rp2_common/pico_divider/divider_hardware.S.obj (__aeabi_idiv0)
C:/Users/ortiz/.pico-sdk/toolchain/13_2_Rel1/bin/../lib/gcc/arm-none-eabi/13.2.1/thumb/v6-m/nofp\libg.a(libc_a-calloc.o)
                              CMakeFiles/mioty-ble.dir/C_/Users/ortiz/.pico-sdk/sdk/2.0.0/src/rp2_common/pico_malloc/malloc.c.obj (calloc)
C:/Users/ortiz/.pico-sdk/toolchain/13_2_Rel1/bin/../lib/gcc/arm-none-eabi/13.2.1/thumb/v6-m/nofp\libg.a(libc_a-callocr.o)
                              C:/Users/ortiz/.pico-sdk/toolchain/13_2_Rel1/bin/../lib/gcc/arm-none-eabi/13.2.1/thumb/v6-m/nofp\libg.a(libc_a-calloc.o) (_calloc_r)
C:/Users/ortiz/.pico-sdk/toolchain/13_2_Rel1/bin/../lib/gcc/arm-none-eabi/13.2.1/thumb/v6-m/nofp\libg.a(libc_a-malloc.o)
                              CMakeFiles/mioty-ble.dir/C_/Users/ortiz/.pico-sdk/sdk/2.0.0/src/rp2_common/pico_malloc/malloc.c.obj (malloc)
C:/Users/ortiz/.pico-sdk/toolchain/13_2_Rel1/bin/../lib/gcc/arm-none-eabi/13.2.1/thumb/v6-m/nofp\libg.a(libc_a-mallocr.o)
                              C:/Users/ortiz/.pico-sdk/toolchain/13_2_Rel1/bin/../lib/gcc/arm-none-eabi/13.2.1/thumb/v6-m/nofp\libg.a(libc_a-callocr.o) (_malloc_r)
C:/Users/ortiz/.pico-sdk/toolchain/13_2_Rel1/bin/../lib/gcc/arm-none-eabi/13.2.1/thumb/v6-m/nofp\libg.a(libc_a-mlock.o)
                              C:/Users/ortiz/.pico-sdk/toolchain/13_2_Rel1/bin/../lib/gcc/arm-none-eabi/13.2.1/thumb/v6-m/nofp\libg.a(libc_a-mallocr.o) (__malloc_lock)
C:/Users/ortiz/.pico-sdk/toolchain/13_2_Rel1/bin/../lib/gcc/arm-none-eabi/13.2.1/thumb/v6-m/nofp\libg.a(libc_a-realloc.o)
                              CMakeFiles/mioty-ble.dir/C_/Users/ortiz/.pico-sdk/sdk/2.0.0/src/rp2_common/pico_malloc/malloc.c.obj (realloc)
C:/Users/ortiz/.pico-sdk/toolchain/13_2_Rel1/bin/../lib/gcc/arm-none-eabi/13.2.1/thumb/v6-m/nofp\libg.a(libc_a-reallocr.o)
                              C:/Users/ortiz/.pico-sdk/toolchain/13_2_Rel1/bin/../lib/gcc/arm-none-eabi/13.2.1/thumb/v6-m/nofp\libg.a(libc_a-realloc.o) (_realloc_r)
C:/Users/ortiz/.pico-sdk/toolchain/13_2_Rel1/bin/../lib/gcc/arm-none-eabi/13.2.1/thumb/v6-m/nofp\libg.a(libc_a-ctype_.o)
                              CMakeFiles/mioty-ble.dir/C_/Users/ortiz/.pico-sdk/sdk/2.0.0/lib/tinyusb/src/tusb.c.obj (_ctype_)
C:/Users/ortiz/.pico-sdk/toolchain/13_2_Rel1/bin/../lib/gcc/arm-none-eabi/13.2.1/thumb/v6-m/nofp\libg.a(libc_a-memcmp.o)
                              CMakeFiles/mioty-ble.dir/C_/Users/ortiz/.pico-sdk/sdk/2.0.0/src/rp2_common/pico_atomic/atomic.c.obj (memcmp)
C:/Users/ortiz/.pico-sdk/toolchain/13_2_Rel1/bin/../lib/gcc/arm-none-eabi/13.2.1/thumb/v6-m/nofp\libg.a(libc_a-memmove.o)
                              C:/Users/ortiz/.pico-sdk/toolchain/13_2_Rel1/bin/../lib/gcc/arm-none-eabi/13.2.1/thumb/v6-m/nofp\libg.a(libc_a-reallocr.o) (memmove)
C:/Users/ortiz/.pico-sdk/toolchain/13_2_Rel1/bin/../lib/gcc/arm-none-eabi/13.2.1/thumb/v6-m/nofp\libg.a(libc_a-lcltime_r.o)
                              CMakeFiles/mioty-ble.dir/C_/Users/ortiz/.pico-sdk/sdk/2.0.0/src/common/pico_util/datetime.c.obj (localtime_r)
C:/Users/ortiz/.pico-sdk/toolchain/13_2_Rel1/bin/../lib/gcc/arm-none-eabi/13.2.1/thumb/v6-m/nofp\libg.a(libc_a-mktime.o)
                              CMakeFiles/mioty-ble.dir/C_/Users/ortiz/.pico-sdk/sdk/2.0.0/src/common/pico_util/datetime.c.obj (mktime)
C:/Users/ortiz/.pico-sdk/toolchain/13_2_Rel1/bin/../lib/gcc/arm-none-eabi/13.2.1/thumb/v6-m/nofp\libg.a(libc_a-month_lengths.o)
                              C:/Users/ortiz/.pico-sdk/toolchain/13_2_Rel1/bin/../lib/gcc/arm-none-eabi/13.2.1/thumb/v6-m/nofp\libg.a(libc_a-lcltime_r.o) (__month_lengths)
C:/Users/ortiz/.pico-sdk/toolchain/13_2_Rel1/bin/../lib/gcc/arm-none-eabi/13.2.1/thumb/v6-m/nofp\libg.a(libc_a-tzcalc_limits.o)
                              C:/Users/ortiz/.pico-sdk/toolchain/13_2_Rel1/bin/../lib/gcc/arm-none-eabi/13.2.1/thumb/v6-m/nofp\libg.a(libc_a-lcltime_r.o) (__tzcalc_limits)
C:/Users/ortiz/.pico-sdk/toolchain/13_2_Rel1/bin/../lib/gcc/arm-none-eabi/13.2.1/thumb/v6-m/nofp\libg.a(libc_a-tzlock.o)
                              C:/Users/ortiz/.pico-sdk/toolchain/13_2_Rel1/bin/../lib/gcc/arm-none-eabi/13.2.1/thumb/v6-m/nofp\libg.a(libc_a-lcltime_r.o) (__tz_lock)
C:/Users/ortiz/.pico-sdk/toolchain/13_2_Rel1/bin/../lib/gcc/arm-none-eabi/13.2.1/thumb/v6-m/nofp\libg.a(libc_a-tzset.o)
                              C:/Users/ortiz/.pico-sdk/toolchain/13_2_Rel1/bin/../lib/gcc/arm-none-eabi/13.2.1/thumb/v6-m/nofp\libg.a(libc_a-lcltime_r.o) (_tzset_unlocked)
C:/Users/ortiz/.pico-sdk/toolchain/13_2_Rel1/bin/../lib/gcc/arm-none-eabi/13.2.1/thumb/v6-m/nofp\libg.a(libc_a-tzset_r.o)
[...]
Memory Configuration

Name             Origin             Length             Attributes
FLASH            0x10000000         0x00200000         xr
RAM              0x20000000         0x00040000         xrw
SCRATCH_X        0x20040000         0x00001000         xrw
SCRATCH_Y        0x20041000         0x00001000         xrw
*default*        0x00000000         0xffffffff

Linker script and memory map

LOAD C:/Users/ortiz/.pico-sdk/toolchain/13_2_Rel1/bin/../lib/gcc/arm-none-eabi/13.2.1/thumb/v6-m/nofp/crti.o
LOAD C:/Users/ortiz/.pico-sdk/toolchain/13_2_Rel1/bin/../lib/gcc/arm-none-eabi/13.2.1/thumb/v6-m/nofp/crtbegin.o
LOAD C:/Users/ortiz/.pico-sdk/toolchain/13_2_Rel1/bin/../lib/gcc/arm-none-eabi/13.2.1/thumb/v6-m/nofp/crt0.o

.flash_begin    0x10000000        0x0
                0x10000000                        __flash_binary_start = .

.boot2          0x10000000      0x100
                0x10000000                        __boot2_start__ = .
 *(.boot2)
 .boot2         0x10000000      0x100 C:\Users\ortiz\AppData\Local\Temp\ccwyFzqQ.o
                0x10000100                        __boot2_end__ = .
                0x00000001                        ASSERT (((__boot2_end__ - __boot2_start__) == 0x100), ERROR: Pico second stage bootloader must be 256 bytes in size)

.text           0x10000100     0x8d90
                0x10000100                        __logical_binary_start = .
 *(.vectors)
 .vectors       0x10000100       0xd4 CMakeFiles/mioty-ble.dir/C_/Users/ortiz/.pico-sdk/sdk/2.0.0/src/rp2_common/pico_crt0/crt0.S.obj
                0x10000100                __VECTOR_TABLE
                0x10000100                __vectors
                0x100001c0                isr_invalid
                0x100001c0                __default_isrs_start
                0x100001c2                isr_nmi
                0x100001c4                isr_hardfault
                0x100001c6                isr_svcall
                0x100001c8                isr_pendsv
                0x100001ca                isr_systick
                0x100001cc                isr_irq23
                0x100001cc                isr_irq18
                0x100001cc                isr_irq11
                0x100001cc                isr_irq28
                0x100001cc                isr_irq19
                0x100001cc                isr_irq0
                0x100001cc                isr_irq6
                0x100001cc                isr_irq5
                0x100001cc                isr_irq12
                0x100001cc                isr_irq22
                0x100001cc                isr_irq31
                0x100001cc                isr_irq17
                0x100001cc                isr_irq27
                0x100001cc                isr_irq30
                0x100001cc                isr_irq2
                0x100001cc                isr_irq10
                0x100001cc                isr_irq8
                0x100001cc                isr_irq24
                0x100001cc                isr_irq1
                0x100001cc                isr_irq7
                0x100001cc                isr_irq21
                0x100001cc                isr_irq20
                0x100001cc                isr_irq15
                0x100001cc                isr_irq25
                0x100001cc                isr_irq13
                0x100001cc                __unhandled_user_irq
                0x100001cc                isr_irq4
                0x100001cc                isr_irq16
                0x100001cc                isr_irq29
                0x100001cc                isr_irq26
                0x100001cc                __default_isrs_end
                0x100001cc                isr_irq3
                0x100001cc                isr_irq14
                0x100001cc                isr_irq9
                0x100001d2                unhandled_user_irq_num_in_r0
 *(.binary_info_header)
 .binary_info_header
                0x100001d4       0x14 CMakeFiles/mioty-ble.dir/C_/Users/ortiz/.pico-sdk/sdk/2.0.0/src/rp2_common/pico_crt0/crt0.S.obj
                0x100001e8                        __binary_info_header_end = .
 *(.embedded_block)
                0x100001e8                        __embedded_block_end = .
 *(.reset)
 .reset         0x100001e8       0x9c CMakeFiles/mioty-ble.dir/C_/Users/ortiz/.pico-sdk/sdk/2.0.0/src/rp2_common/pico_crt0/crt0.S.obj
                0x100001e8                _entry_point
 *(.init)
 .init          0x10000284        0x4 C:/Users/ortiz/.pico-sdk/toolchain/13_2_Rel1/bin/../lib/gcc/arm-none-eabi/13.2.1/thumb/v6-m/nofp/crti.o
                0x10000284                _init
 *(EXCLUDE_FILE(*libm.a: *libc.a:*lib_a-mem*.o *libgcc.a:) .text*)
 .text.register_tm_clones
                0x10000288       0x28 C:/Users/ortiz/.pico-sdk/toolchain/13_2_Rel1/bin/../lib/gcc/arm-none-eabi/13.2.1/thumb/v6-m/nofp/crtbegin.o
 .text.frame_dummy
                0x100002b0       0x24 C:/Users/ortiz/.pico-sdk/toolchain/13_2_Rel1/bin/../lib/gcc/arm-none-eabi/13.2.1/thumb/v6-m/nofp/crtbegin.o
 .text._ZN8TsUnbLibL8writeBitEhjPh
                0x100002d4       0x2a CMakeFiles/mioty-ble.dir/mioty-ble.cpp.obj
 *fill*         0x100002fe        0x2 
 .text._ZN8TsUnbLib6RPPico14timer_callbackElPv
                0x10000300       0xa0 CMakeFiles/mioty-ble.dir/mioty-ble.cpp.obj
                0x10000300                TsUnbLib::RPPico::timer_callback(long, void*)
 .text.alarm_pool_add_alarm_in_us
                0x100003a0       0x40 CMakeFiles/mioty-ble.dir/mioty-ble.cpp.obj
 .text.add_alarm_in_us
                0x100003e0       0x2e CMakeFiles/mioty-ble.dir/mioty-ble.cpp.obj
 .text.cancel_alarm
                0x1000040e       0x10 CMakeFiles/mioty-ble.dir/mioty-ble.cpp.obj
 *fill*         0x1000041e        0x2 
 .text._ZN8TsUnbLib6Aes12820subBytesAndShiftRowsEPh
                0x10000420       0x68 CMakeFiles/mioty-ble.dir/mioty-ble.cpp.obj
                0x10000420                TsUnbLib::Aes128::subBytesAndShiftRows(unsigned char*)
 .text._ZN8TsUnbLib6Aes12810mixColumnsEPh
                0x10000488       0x84 CMakeFiles/mioty-ble.dir/mioty-ble.cpp.obj
                0x10000488                TsUnbLib::Aes128::mixColumns(unsigned char*)
 .text._ZN8TsUnbLib6Aes1287chipherEPKhPh
                0x1000050c       0x80 CMakeFiles/mioty-ble.dir/mioty-ble.cpp.obj
                0x1000050c                TsUnbLib::Aes128::chipher(unsigned char const*, unsigned char*)
 .text._ZNK8TsUnbLib6Aes12814subRotRconWordEPhS1_h
                0x1000058c       0x3c CMakeFiles/mioty-ble.dir/mioty-ble.cpp.obj
                0x1000058c                TsUnbLib::Aes128::subRotRconWord(unsigned char*, unsigned char*, unsigned char) const
 .text._ZN8TsUnbLib6Aes1284initEPKh
                0x100005c8       0x72 CMakeFiles/mioty-ble.dir/mioty-ble.cpp.obj
                0x100005c8                TsUnbLib::Aes128::init(unsigned char const*)
 .text._ZN8TsUnbLib6Aes12818cmacGenerateSubkeyEPhS1_
                0x1000063a       0x6e CMakeFiles/mioty-ble.dir/mioty-ble.cpp.obj
                0x1000063a                TsUnbLib::Aes128::cmacGenerateSubkey(unsigned char*, unsigned char*)
 .text._ZN8TsUnbLib6Aes12812generateCmacEPhPKhtS1_
                0x100006a8      0x12a CMakeFiles/mioty-ble.dir/mioty-ble.cpp.obj
                0x100006a8                TsUnbLib::Aes128::generateCmac(unsigned char*, unsigned char const*, unsigned short, unsigned char*)
 .text._ZN8TsUnbLib5TsUnb14FixedUplinkMac6encodeEPhPKhtbh
                0x100007d2      0x194 CMakeFiles/mioty-ble.dir/mioty-ble.cpp.obj
                0x100007d2                TsUnbLib::TsUnb::FixedUplinkMac::encode(unsigned char*, unsigned char const*, unsigned short, bool, unsigned char)
 .text._ZN8TsUnbLib5TsUnb10SimpleNodeINS0_14FixedUplinkMacENS0_3PhyILm12099962ELm12099962ELm12ELm12ELNS0_12TsUnbUPGModeE0ELh3ENS0_10RadioBurstILt2ELt2EEEEENS_3Trx6SX1280INS_6RPPico11RPPicoTsUnbILt48EEELm3ES6_EELb0EEC2Ev
                0x10000966       0x26 CMakeFiles/mioty-ble.dir/mioty-ble.cpp.obj
                0x10000966                TsUnbLib::TsUnb::SimpleNode<TsUnbLib::TsUnb::FixedUplinkMac, TsUnbLib::TsUnb::Phy<12099962ul, 12099962ul, 12ul, 12ul, (TsUnbLib::TsUnb::TsUnbUPGMode)0, (unsigned char)3, TsUnbLib::TsUnb::RadioBurst<(unsigned short)2, (unsigned short)2> >, TsUnbLib::Trx::SX1280<TsUnbLib::RPPico::RPPicoTsUnb<(unsigned short)48>, 3ul, TsUnbLib::TsUnb::RadioBurst<(unsigned short)2, (unsigned short)2> >, false>::SimpleNode()
                0x10000966                TsUnbLib::TsUnb::SimpleNode<TsUnbLib::TsUnb::FixedUplinkMac, TsUnbLib::TsUnb::Phy<12099962ul, 12099962ul, 12ul, 12ul, (TsUnbLib::TsUnb::TsUnbUPGMode)0, (unsigned char)3, TsUnbLib::TsUnb::RadioBurst<(unsigned short)2, (unsigned short)2> >, TsUnbLib::Trx::SX1280<TsUnbLib::RPPico::RPPicoTsUnb<(unsigned short)48>, 3ul, TsUnbLib::TsUnb::RadioBurst<(unsigned short)2, (unsigned short)2> >, false>::SimpleNode()
 .text._Z41__static_initialization_and_destruction_0v
                0x1000098c       0x10 CMakeFiles/mioty-ble.dir/mioty-ble.cpp.obj
 .text._ZN8TsUnbLib6RPPico11RPPicoTsUnbILt48EE7spiInitEv
                0x1000099c       0x40 CMakeFiles/mioty-ble.dir/mioty-ble.cpp.obj
                0x1000099c                TsUnbLib::RPPico::RPPicoTsUnb<(unsigned short)48>::spiInit()
 .text._ZN8TsUnbLib6RPPico11RPPicoTsUnbILt48EE13addTimerDelayEl
                0x100009dc       0x40 CMakeFiles/mioty-ble.dir/mioty-ble.cpp.obj
                0x100009dc                TsUnbLib::RPPico::RPPicoTsUnb<(unsigned short)48>::addTimerDelay(long)
 .text._ZN8TsUnbLib6RPPico11RPPicoTsUnbILt48EE10startTimerEv
                0x10000a1c       0x84 CMakeFiles/mioty-ble.dir/mioty-ble.cpp.obj
                0x10000a1c                TsUnbLib::RPPico::RPPicoTsUnb<(unsigned short)48>::startTimer()
 .text._ZNK8TsUnbLib6RPPico11RPPicoTsUnbILt48EE9waitTimerEv
                0x10000aa0       0x30 CMakeFiles/mioty-ble.dir/mioty-ble.cpp.obj
                0x10000aa0                TsUnbLib::RPPico::RPPicoTsUnb<(unsigned short)48>::waitTimer() const
 .text._ZN8TsUnbLib6RPPico11RPPicoTsUnbILt48EE14spiSendReceiveEPhh
                0x10000ad0       0x5c CMakeFiles/mioty-ble.dir/mioty-ble.cpp.obj
                0x10000ad0                TsUnbLib::RPPico::RPPicoTsUnb<(unsigned short)48>::spiSendReceive(unsigned char*, unsigned char)
 .text._ZN8TsUnbLib6RPPico11RPPicoTsUnbILt48EE9spiDeinitEv
                0x10000b2c       0x28 CMakeFiles/mioty-ble.dir/mioty-ble.cpp.obj
                0x10000b2c                TsUnbLib::RPPico::RPPicoTsUnb<(unsigned short)48>::spiDeinit()
 .text._ZN8TsUnbLib3Trx6SX1280INS_6RPPico11RPPicoTsUnbILt48EEELm3ENS_5TsUnb10RadioBurstILt2ELt2EEEE12setSleepModeEv
                0x10000b54       0x28 CMakeFiles/mioty-ble.dir/mioty-ble.cpp.obj
                0x10000b54                TsUnbLib::Trx::SX1280<TsUnbLib::RPPico::RPPicoTsUnb<(unsigned short)48>, 3ul, TsUnbLib::TsUnb::RadioBurst<(unsigned short)2, (unsigned short)2> >::setSleepMode()
 .text._ZN8TsUnbLib3Trx6SX1280INS_6RPPico11RPPicoTsUnbILt48EEELm3ENS_5TsUnb10RadioBurstILt2ELt2EEEE4initEv
                0x10000b7c       0x74 CMakeFiles/mioty-ble.dir/mioty-ble.cpp.obj
                0x10000b7c                TsUnbLib::Trx::SX1280<TsUnbLib::RPPico::RPPicoTsUnb<(unsigned short)48>, 3ul, TsUnbLib::TsUnb::RadioBurst<(unsigned short)2, (unsigned short)2> >::init()
 .text._Z15prepareForMiotyv
                0x10000bf0       0x7c CMakeFiles/mioty-ble.dir/mioty-ble.cpp.obj
                0x10000bf0                prepareForMioty()
 .text._ZNK8TsUnbLib5TsUnb3PhyILm12099962ELm12099962ELm12ELm12ELNS0_12TsUnbUPGModeE0ELh3ENS0_10RadioBurstILt2ELt2EEEE8calcCRC8EPKht
                0x10000c6c       0x44 CMakeFiles/mioty-ble.dir/mioty-ble.cpp.obj
                0x10000c6c                TsUnbLib::TsUnb::Phy<12099962ul, 12099962ul, 12ul, 12ul, (TsUnbLib::TsUnb::TsUnbUPGMode)0, (unsigned char)3, TsUnbLib::TsUnb::RadioBurst<(unsigned short)2, (unsigned short)2> >::calcCRC8(unsigned char const*, unsigned short) const
 .text._ZNK8TsUnbLib5TsUnb3PhyILm12099962ELm12099962ELm12ELm12ELNS0_12TsUnbUPGModeE0ELh3ENS0_10RadioBurstILt2ELt2EEEE10whitenDataEPht
                0x10000cb0       0x3c CMakeFiles/mioty-ble.dir/mioty-ble.cpp.obj
                0x10000cb0                TsUnbLib::TsUnb::Phy<12099962ul, 12099962ul, 12ul, 12ul, (TsUnbLib::TsUnb::TsUnbUPGMode)0, (unsigned char)3, TsUnbLib::TsUnb::RadioBurst<(unsigned short)2, (unsigned short)2> >::whitenData(unsigned char*, unsigned short) const
 .text._ZNK8TsUnbLib5TsUnb3PhyILm12099962ELm12099962ELm12ELm12ELNS0_12TsUnbUPGModeE0ELh3ENS0_10RadioBurstILt2ELt2EEEE16getRadioBurstIdxEtt
                0x10000cec       0x4c CMakeFiles/mioty-ble.dir/mioty-ble.cpp.obj
                0x10000cec                TsUnbLib::TsUnb::Phy<12099962ul, 12099962ul, 12ul, 12ul, (TsUnbLib::TsUnb::TsUnbUPGMode)0, (unsigned char)3, TsUnbLib::TsUnb::RadioBurst<(unsigned short)2, (unsigned short)2> >::getRadioBurstIdx(unsigned short, unsigned short) const
 .text._ZN8TsUnbLib5TsUnb10RadioBurstILt2ELt2EE17writeSubPacketBitEht
                0x10000d38       0x2c CMakeFiles/mioty-ble.dir/mioty-ble.cpp.obj
                0x10000d38                TsUnbLib::TsUnb::RadioBurst<(unsigned short)2, (unsigned short)2>::writeSubPacketBit(unsigned char, unsigned short)
 .text._ZN8TsUnbLib5TsUnb10RadioBurstILt2ELt2EE11addMidambleEt
                0x10000d64       0xc4 CMakeFiles/mioty-ble.dir/mioty-ble.cpp.obj
                0x10000d64                TsUnbLib::TsUnb::RadioBurst<(unsigned short)2, (unsigned short)2>::addMidamble(unsigned short)
 .text._ZN8TsUnbLib5TsUnb10RadioBurstILt2ELt2EE23differentialMSKEncodingEv
                0x10000e28       0x2a CMakeFiles/mioty-ble.dir/mioty-ble.cpp.obj
                0x10000e28                TsUnbLib::TsUnb::RadioBurst<(unsigned short)2, (unsigned short)2>::differentialMSKEncoding()
 *fill*         0x10000e52        0x2 
 .text._ZN8TsUnbLib3Trx6SX1280INS_6RPPico11RPPicoTsUnbILt48EEELm3ENS_5TsUnb10RadioBurstILt2ELt2EEEE18setStandbyModeXOSCEv
                0x10000e54       0x28 CMakeFiles/mioty-ble.dir/mioty-ble.cpp.obj
                0x10000e54                TsUnbLib::Trx::SX1280<TsUnbLib::RPPico::RPPicoTsUnb<(unsigned short)48>, 3ul, TsUnbLib::TsUnb::RadioBurst<(unsigned short)2, (unsigned short)2> >::setStandbyModeXOSC()
 .text._ZN8TsUnbLib3Trx6SX1280INS_6RPPico11RPPicoTsUnbILt48EEELm3ENS_5TsUnb10RadioBurstILt2ELt2EEEE11setTxPwrRegEa
                0x10000e7c       0x58 CMakeFiles/mioty-ble.dir/mioty-ble.cpp.obj
                0x10000e7c                TsUnbLib::Trx::SX1280<TsUnbLib::RPPico::RPPicoTsUnb<(unsigned short)48>, 3ul, TsUnbLib::TsUnb::RadioBurst<(unsigned short)2, (unsigned short)2> >::setTxPwrReg(signed char)
 .text._ZN8TsUnbLib3Trx6SX1280INS_6RPPico11RPPicoTsUnbILt48EEELm3ENS_5TsUnb10RadioBurstILt2ELt2EEEE15setFrequencyRegEm
                0x10000ed4       0x3c CMakeFiles/mioty-ble.dir/mioty-ble.cpp.obj
                0x10000ed4                TsUnbLib::Trx::SX1280<TsUnbLib::RPPico::RPPicoTsUnb<(unsigned short)48>, 3ul, TsUnbLib::TsUnb::RadioBurst<(unsigned short)2, (unsigned short)2> >::setFrequencyReg(unsigned long)
 .text._ZN8TsUnbLib3Trx6SX1280INS_6RPPico11RPPicoTsUnbILt48EEELm3ENS_5TsUnb10RadioBurstILt2ELt2EEEE17setContinuousWaveEv
                0x10000f10       0x28 CMakeFiles/mioty-ble.dir/mioty-ble.cpp.obj
                0x10000f10                TsUnbLib::Trx::SX1280<TsUnbLib::RPPico::RPPicoTsUnb<(unsigned short)48>, 3ul, TsUnbLib::TsUnb::RadioBurst<(unsigned short)2, (unsigned short)2> >::setContinuousWave()
 .text._ZN8TsUnbLib3Trx6SX1280INS_6RPPico11RPPicoTsUnbILt48EEELm3ENS_5TsUnb10RadioBurstILt2ELt2EEEE8transmitEPKS7_tm
                0x10000f38      0x170 CMakeFiles/mioty-ble.dir/mioty-ble.cpp.obj
                0x10000f38                TsUnbLib::Trx::SX1280<TsUnbLib::RPPico::RPPicoTsUnb<(unsigned short)48>, 3ul, TsUnbLib::TsUnb::RadioBurst<(unsigned short)2, (unsigned short)2> >::transmit(TsUnbLib::TsUnb::RadioBurst<(unsigned short)2, (unsigned short)2> const*, unsigned short, unsigned long)
 .text._ZNK8TsUnbLib5TsUnb3PhyILm12099962ELm12099962ELm12ELm12ELNS0_12TsUnbUPGModeE0ELh3ENS0_10RadioBurstILt2ELt2EEEE8get_T_RBEht
                0x100010a8       0x68 CMakeFiles/mioty-ble.dir/mioty-ble.cpp.obj
                0x100010a8                TsUnbLib::TsUnb::Phy<12099962ul, 12099962ul, 12ul, 12ul, (TsUnbLib::TsUnb::TsUnbUPGMode)0, (unsigned char)3, TsUnbLib::TsUnb::RadioBurst<(unsigned short)2, (unsigned short)2> >::get_T_RB(unsigned char, unsigned short) const
 .text._ZNK8TsUnbLib5TsUnb3PhyILm12099962ELm12099962ELm12ELm12ELNS0_12TsUnbUPGModeE0ELh3ENS0_10RadioBurstILt2ELt2EEEE14addTsmaPatternEthtPS4_
                0x10001110       0xd4 CMakeFiles/mioty-ble.dir/mioty-ble.cpp.obj
                0x10001110                TsUnbLib::TsUnb::Phy<12099962ul, 12099962ul, 12ul, 12ul, (TsUnbLib::TsUnb::TsUnbUPGMode)0, (unsigned char)3, TsUnbLib::TsUnb::RadioBurst<(unsigned short)2, (unsigned short)2> >::addTsmaPattern(unsigned short, unsigned char, unsigned short, TsUnbLib::TsUnb::RadioBurst<(unsigned short)2, (unsigned short)2>*) const
 .text._ZN8TsUnbLib5TsUnb3PhyILm12099962ELm12099962ELm12ELm12ELNS0_12TsUnbUPGModeE0ELh3ENS0_10RadioBurstILt2ELt2EEEE6encodeEPS4_PKhthh
                0x100011e4      0x230 CMakeFiles/mioty-ble.dir/mioty-ble.cpp.obj
                0x100011e4                TsUnbLib::TsUnb::Phy<12099962ul, 12099962ul, 12ul, 12ul, (TsUnbLib::TsUnb::TsUnbUPGMode)0, (unsigned char)3, TsUnbLib::TsUnb::RadioBurst<(unsigned short)2, (unsigned short)2> >::encode(TsUnbLib::TsUnb::RadioBurst<(unsigned short)2, (unsigned short)2>*, unsigned char const*, unsigned short, unsigned char, unsigned char)
 .text._ZN8TsUnbLib5TsUnb10SimpleNodeINS0_14FixedUplinkMacENS0_3PhyILm12099962ELm12099962ELm12ELm12ELNS0_12TsUnbUPGModeE0ELh3ENS0_10RadioBurstILt2ELt2EEEEENS_3Trx6SX1280INS_6RPPico11RPPicoTsUnbILt48EEELm3ES6_EELb0EE4sendEPKhthb
                0x10001414      0x140 CMakeFiles/mioty-ble.dir/mioty-ble.cpp.obj
                0x10001414                TsUnbLib::TsUnb::SimpleNode<TsUnbLib::TsUnb::FixedUplinkMac, TsUnbLib::TsUnb::Phy<12099962ul, 12099962ul, 12ul, 12ul, (TsUnbLib::TsUnb::TsUnbUPGMode)0, (unsigned char)3, TsUnbLib::TsUnb::RadioBurst<(unsigned short)2, (unsigned short)2> >, TsUnbLib::Trx::SX1280<TsUnbLib::RPPico::RPPicoTsUnb<(unsigned short)48>, 3ul, TsUnbLib::TsUnb::RadioBurst<(unsigned short)2, (unsigned short)2> >, false>::send(unsigned char const*, unsigned short, unsigned char, bool)
 .text._GLOBAL__sub_I__ZN8TsUnbLib6RPPico14TimeAddedDelayE
                0x10001554        0x8 CMakeFiles/mioty-ble.dir/mioty-ble.cpp.obj
 .text.main     0x1000155c       0xdc CMakeFiles/mioty-ble.dir/mioty-ble.cpp.obj
                0x1000155c                main
 .text._ZN9SX1280HalD2Ev
                0x10001638       0x14 CMakeFiles/mioty-ble.dir/SX1280Driver/sx1280.cpp.obj
                0x10001638                SX1280Hal::~SX1280Hal()
                0x10001638                SX1280Hal::~SX1280Hal()
 .text._ZN9SX1280Hal10SetStandbyE19RadioStandbyModes_t
                0x1000164c       0x2e CMakeFiles/mioty-ble.dir/SX1280Driver/sx1280.cpp.obj
                0x1000164c                SX1280Hal::SetStandby(RadioStandbyModes_t)
 .text._ZN9SX1280Hal16SetRegulatorModeE21RadioRegulatorModes_t
                0x1000167a       0x18 CMakeFiles/mioty-ble.dir/SX1280Driver/sx1280.cpp.obj
                0x1000167a                SX1280Hal::SetRegulatorMode(RadioRegulatorModes_t)
 .text._ZN9SX1280Hal13WriteRegisterEth
                0x10001692       0x18 CMakeFiles/mioty-ble.dir/SX1280Driver/sx1280.cpp.obj
                0x10001692                SX1280Hal::WriteRegister(unsigned short, unsigned char)
 .text._ZN9SX1280Hal12ReadRegisterEt
                0x100016aa       0x18 CMakeFiles/mioty-ble.dir/SX1280Driver/sx1280.cpp.obj
                0x100016aa                SX1280Hal::ReadRegister(unsigned short)
 .text._ZN9SX1280Hal13SetPacketTypeE18RadioPacketTypes_t
                0x100016c2       0x1e CMakeFiles/mioty-ble.dir/SX1280Driver/sx1280.cpp.obj
                0x100016c2                SX1280Hal::SetPacketType(RadioPacketTypes_t)
 .text._ZN9SX1280Hal14SetRfFrequencyEm
                0x100016e0       0x38 CMakeFiles/mioty-ble.dir/SX1280Driver/sx1280.cpp.obj
                0x100016e0                SX1280Hal::SetRfFrequency(unsigned long)
 .text._ZN9SX1280Hal22SetBufferBaseAddressesEhh
                0x10001718       0x1a CMakeFiles/mioty-ble.dir/SX1280Driver/sx1280.cpp.obj
                0x10001718                SX1280Hal::SetBufferBaseAddresses(unsigned char, unsigned char)
 .text._ZN9SX1280Hal19SetModulationParamsEhhh
                0x10001732       0x1c CMakeFiles/mioty-ble.dir/SX1280Driver/sx1280.cpp.obj
                0x10001732                SX1280Hal::SetModulationParams(unsigned char, unsigned char, unsigned char)
 .text._ZN9SX1280Hal15SetPacketParamsEhhhhhhh
                0x1000174e       0x38 CMakeFiles/mioty-ble.dir/SX1280Driver/sx1280.cpp.obj
                0x1000174e                SX1280Hal::SetPacketParams(unsigned char, unsigned char, unsigned char, unsigned char, unsigned char, unsigned char, unsigned char)
 *fill*         0x10001786        0x2 
 .text._ZN9SX1280Hal19SetBleAccessAddressEm
                0x10001788       0x48 CMakeFiles/mioty-ble.dir/SX1280Driver/sx1280.cpp.obj
                0x10001788                SX1280Hal::SetBleAccessAddress(unsigned long)
 .text._ZN9SX1280Hal29SetBleAdvertizerAccessAddressEv
                0x100017d0       0x10 CMakeFiles/mioty-ble.dir/SX1280Driver/sx1280.cpp.obj
                0x100017d0                SX1280Hal::SetBleAdvertizerAccessAddress()
 .text._ZN9SX1280Hal16SetWhiteningSeedEh
                0x100017e0       0x14 CMakeFiles/mioty-ble.dir/SX1280Driver/sx1280.cpp.obj
                0x100017e0                SX1280Hal::SetWhiteningSeed(unsigned char)
 .text._ZN9SX1280Hal10SetCrcSeedEPh
                0x100017f4       0x38 CMakeFiles/mioty-ble.dir/SX1280Driver/sx1280.cpp.obj
                0x100017f4                SX1280Hal::SetCrcSeed(unsigned char*)
 .text._ZN9SX1280Hal11SetTxParamsEa16RadioRampTimes_t
                0x1000182c       0x1c CMakeFiles/mioty-ble.dir/SX1280Driver/sx1280.cpp.obj
                0x1000182c                SX1280Hal::SetTxParams(signed char, RadioRampTimes_t)
 .text._ZN9SX1280Hal15SetDioIrqParamsEtttt
                0x10001848       0x32 CMakeFiles/mioty-ble.dir/SX1280Driver/sx1280.cpp.obj
                0x10001848                SX1280Hal::SetDioIrqParams(unsigned short, unsigned short, unsigned short, unsigned short)
 .text._ZN9SX1280Hal5SetTxE10TickTime_s
                0x1000187a       0x2a CMakeFiles/mioty-ble.dir/SX1280Driver/sx1280.cpp.obj
                0x1000187a                SX1280Hal::SetTx(TickTime_s)
 .text._ZN9SX1280Hal15GetPacketStatusEP14PacketStatus_t
                0x100018a4       0xb6 CMakeFiles/mioty-ble.dir/SX1280Driver/sx1280.cpp.obj
                0x100018a4                SX1280Hal::GetPacketStatus(PacketStatus_t*)
 .text._ZN9SX1280Hal14ClearIrqStatusEt
                0x1000195a       0x1c CMakeFiles/mioty-ble.dir/SX1280Driver/sx1280.cpp.obj
                0x1000195a                SX1280Hal::ClearIrqStatus(unsigned short)
 .text._ZN9SX1280HalD0Ev
                0x10001976       0x14 CMakeFiles/mioty-ble.dir/SX1280Driver/sx1280.cpp.obj
                0x10001976                SX1280Hal::~SX1280Hal()
 .text._ZN9SX1280Hal5ResetEv
                0x1000198a       0x2c CMakeFiles/mioty-ble.dir/SX1280Driver/sx1280.cpp.obj
                0x1000198a                SX1280Hal::Reset()
 .text._ZN9SX1280Hal9IoIrqInitEPFvjmE
                0x100019b6       0x2a CMakeFiles/mioty-ble.dir/SX1280Driver/sx1280.cpp.obj
                0x100019b6                SX1280Hal::IoIrqInit(void (*)(unsigned int, unsigned long))
 .text._ZN9SX1280Hal11SetupAdvPduEhhhPKhS1_
                0x100019e0       0x3e CMakeFiles/mioty-ble.dir/SX1280Driver/sx1280.cpp.obj
                0x100019e0                SX1280Hal::SetupAdvPdu(unsigned char, unsigned char, unsigned char, unsigned char const*, unsigned char const*)
 .text._ZN9SX1280Hal10WaitOnBusyEv
                0x10001a1e       0x12 CMakeFiles/mioty-ble.dir/SX1280Driver/sx1280.cpp.obj
                0x10001a1e                SX1280Hal::WaitOnBusy()
 .text._ZN9SX1280Hal6WakeupEv
                0x10001a30       0x5c CMakeFiles/mioty-ble.dir/SX1280Driver/sx1280.cpp.obj
                0x10001a30                SX1280Hal::Wakeup()
 .text._ZN9SX1280Hal13WriteRegisterEtPKht
                0x10001a8c       0x74 CMakeFiles/mioty-ble.dir/SX1280Driver/sx1280.cpp.obj
                0x10001a8c                SX1280Hal::WriteRegister(unsigned short, unsigned char const*, unsigned short)
 .text._ZN9SX1280Hal12ReadRegisterEtPht
                0x10001b00       0x64 CMakeFiles/mioty-ble.dir/SX1280Driver/sx1280.cpp.obj
                0x10001b00                SX1280Hal::ReadRegister(unsigned short, unsigned char*, unsigned short)
 .text._ZN9SX1280Hal12WriteCommandEhPht
                0x10001b64       0x64 CMakeFiles/mioty-ble.dir/SX1280Driver/sx1280.cpp.obj
                0x10001b64                SX1280Hal::WriteCommand(unsigned char, unsigned char*, unsigned short)
 .text._ZN9SX1280Hal11ReadCommandEhPht
                0x10001bc8       0xa8 CMakeFiles/mioty-ble.dir/SX1280Driver/sx1280.cpp.obj
                0x10001bc8                SX1280Hal::ReadCommand(unsigned char, unsigned char*, unsigned short)
 .text._ZN9SX1280Hal11WriteBufferEhPhh
                0x10001c70       0x60 CMakeFiles/mioty-ble.dir/SX1280Driver/sx1280.cpp.obj
                0x10001c70                SX1280Hal::WriteBuffer(unsigned char, unsigned char*, unsigned char)
 .text._ZN9SX1280Hal10ReadBufferEhPhh
                0x10001cd0       0x68 CMakeFiles/mioty-ble.dir/SX1280Driver/sx1280.cpp.obj
                0x10001cd0                SX1280Hal::ReadBuffer(unsigned char, unsigned char*, unsigned char)
 .text._ZN9SX1280Hal14initialize_spiEv
                0x10001d38       0x30 CMakeFiles/mioty-ble.dir/SX1280Driver/sx1280.cpp.obj
                0x10001d38                SX1280Hal::initialize_spi()
 .text._ZN9SX1280HalC2Ejjjjjj
                0x10001d68       0x68 CMakeFiles/mioty-ble.dir/SX1280Driver/sx1280.cpp.obj
                0x10001d68                SX1280Hal::SX1280Hal(unsigned int, unsigned int, unsigned int, unsigned int, unsigned int, unsigned int)
                0x10001d68                SX1280Hal::SX1280Hal(unsigned int, unsigned int, unsigned int, unsigned int, unsigned int, unsigned int)
 .text._Z15dio_irq_handlerjm
                0x10001dd0       0x10 CMakeFiles/mioty-ble.dir/Transmitter/trasmitter.cpp.obj
                0x10001dd0                dio_irq_handler(unsigned int, unsigned long)
 .text._Z16prepareForBeaconR9SX1280Hal
                0x10001de0       0x78 CMakeFiles/mioty-ble.dir/Transmitter/trasmitter.cpp.obj
                0x10001de0                prepareForBeacon(SX1280Hal&)
 .text._Z15initializeRadioR9SX1280Hal
                0x10001e58       0x38 CMakeFiles/mioty-ble.dir/Transmitter/trasmitter.cpp.obj
                0x10001e58                initializeRadio(SX1280Hal&)
 .text._Z12transmitDataR9SX1280HalPKhhhm
                0x10001e90       0xb8 CMakeFiles/mioty-ble.dir/Transmitter/trasmitter.cpp.obj
                0x10001e90                transmitData(SX1280Hal&, unsigned char const*, unsigned char, unsigned char, unsigned long)
 .text._Z13initializeLedv
                0x10001f48       0x14 CMakeFiles/mioty-ble.dir/Utils/utils.cpp.obj
                0x10001f48                initializeLed()
 .text._Z21waitUntilUsbConnectedv
                0x10001f5c        0xc CMakeFiles/mioty-ble.dir/Utils/utils.cpp.obj
                0x10001f5c                waitUntilUsbConnected()
 .text._Z19displayPacketStatusR9SX1280Hal
                0x10001f68       0x24 CMakeFiles/mioty-ble.dir/Utils/utils.cpp.obj
                0x10001f68                displayPacketStatus(SX1280Hal&)
 .text.gpio_set_function
                0x10001f8c       0x34 CMakeFiles/mioty-ble.dir/C_/Users/ortiz/.pico-sdk/sdk/2.0.0/src/rp2_common/hardware_gpio/gpio.c.obj
                0x10001f8c                gpio_set_function
 .text.gpio_set_irq_callback
                0x10001fc0       0x48 CMakeFiles/mioty-ble.dir/C_/Users/ortiz/.pico-sdk/sdk/2.0.0/src/rp2_common/hardware_gpio/gpio.c.obj
                0x10001fc0                gpio_set_irq_callback
 .text.gpio_acknowledge_irq
                0x10002008       0x18 CMakeFiles/mioty-ble.dir/C_/Users/ortiz/.pico-sdk/sdk/2.0.0/src/rp2_common/hardware_gpio/gpio.c.obj
                0x10002008                gpio_acknowledge_irq
 .text._gpio_set_irq_enabled
                0x10002020       0x38 CMakeFiles/mioty-ble.dir/C_/Users/ortiz/.pico-sdk/sdk/2.0.0/src/rp2_common/hardware_gpio/gpio.c.obj
 .text.gpio_set_irq_enabled
                0x10002058       0x64 CMakeFiles/mioty-ble.dir/C_/Users/ortiz/.pico-sdk/sdk/2.0.0/src/rp2_common/hardware_gpio/gpio.c.obj
                0x10002058                gpio_set_irq_enabled
 .text.gpio_set_irq_enabled_with_callback
                0x100020bc       0x28 CMakeFiles/mioty-ble.dir/C_/Users/ortiz/.pico-sdk/sdk/2.0.0/src/rp2_common/hardware_gpio/gpio.c.obj
                0x100020bc                gpio_set_irq_enabled_with_callback
 .text.gpio_default_irq_handler
                0x100020e4       0xa0 CMakeFiles/mioty-ble.dir/C_/Users/ortiz/.pico-sdk/sdk/2.0.0/src/rp2_common/hardware_gpio/gpio.c.obj
 .text.gpio_init
                0x10002184       0x16 CMakeFiles/mioty-ble.dir/C_/Users/ortiz/.pico-sdk/sdk/2.0.0/src/rp2_common/hardware_gpio/gpio.c.obj
                0x10002184                gpio_init
 *fill*         0x1000219a        0x2 
 .text.rp2040_chip_version
                0x1000219c       0x54 CMakeFiles/mioty-ble.dir/C_/Users/ortiz/.pico-sdk/sdk/2.0.0/src/rp2040/pico_platform/platform.c.obj
                0x1000219c                rp2040_chip_version
 .text.panic    0x100021f0       0x30 CMakeFiles/mioty-ble.dir/C_/Users/ortiz/.pico-sdk/sdk/2.0.0/src/rp2_common/pico_platform_panic/panic.c.obj
                0x100021f0                panic
 .text.hw_claim_lock
                0x10002220       0x18 CMakeFiles/mioty-ble.dir/C_/Users/ortiz/.pico-sdk/sdk/2.0.0/src/common/hardware_claim/claim.c.obj
                0x10002220                hw_claim_lock
 .text.hw_claim_unlock
                0x10002238       0x14 CMakeFiles/mioty-ble.dir/C_/Users/ortiz/.pico-sdk/sdk/2.0.0/src/common/hardware_claim/claim.c.obj
                0x10002238                hw_claim_unlock
 .text.hw_claim_or_assert
                0x1000224c       0x32 CMakeFiles/mioty-ble.dir/C_/Users/ortiz/.pico-sdk/sdk/2.0.0/src/common/hardware_claim/claim.c.obj
                0x1000224c                hw_claim_or_assert
 .text.hw_claim_unused_from_range
                0x1000227e       0x50 CMakeFiles/mioty-ble.dir/C_/Users/ortiz/.pico-sdk/sdk/2.0.0/src/common/hardware_claim/claim.c.obj
                0x1000227e                hw_claim_unused_from_range
 *fill*         0x100022ce        0x2 
 .text.next_striped_spin_lock_num
                0x100022d0       0x1c CMakeFiles/mioty-ble.dir/C_/Users/ortiz/.pico-sdk/sdk/2.0.0/src/rp2_common/hardware_sync/sync.c.obj
                0x100022d0                next_striped_spin_lock_num
 .text.spin_lock_claim_unused
                0x100022ec       0x24 CMakeFiles/mioty-ble.dir/C_/Users/ortiz/.pico-sdk/sdk/2.0.0/src/rp2_common/hardware_sync/sync.c.obj
                0x100022ec                spin_lock_claim_unused
 .text.spin_locks_reset
                0x10002310       0x20 CMakeFiles/mioty-ble.dir/C_/Users/ortiz/.pico-sdk/sdk/2.0.0/src/rp2_common/hardware_sync_spin_lock/sync_spin_lock.c.obj
                0x10002310                spin_locks_reset
 .text.set_raw_irq_handler_and_unlock
                0x10002330       0x28 CMakeFiles/mioty-ble.dir/C_/Users/ortiz/.pico-sdk/sdk/2.0.0/src/rp2_common/hardware_irq/irq.c.obj
 .text.nvic_ipr0
                0x10002358        0x8 CMakeFiles/mioty-ble.dir/C_/Users/ortiz/.pico-sdk/sdk/2.0.0/src/rp2_common/hardware_irq/irq.c.obj
 .text.runtime_init_per_core_irq_priorities
                0x10002360       0x1c CMakeFiles/mioty-ble.dir/C_/Users/ortiz/.pico-sdk/sdk/2.0.0/src/rp2_common/hardware_irq/irq.c.obj
                0x10002360                runtime_init_per_core_irq_priorities
 .text.resolve_j_16
                0x1000237c       0x30 CMakeFiles/mioty-ble.dir/C_/Users/ortiz/.pico-sdk/sdk/2.0.0/src/rp2_common/hardware_irq/irq.c.obj
 .text.make_j_16
                0x100023ac       0x48 CMakeFiles/mioty-ble.dir/C_/Users/ortiz/.pico-sdk/sdk/2.0.0/src/rp2_common/hardware_irq/irq.c.obj
 .text.insert_bl_32
                0x100023f4       0x40 CMakeFiles/mioty-ble.dir/C_/Users/ortiz/.pico-sdk/sdk/2.0.0/src/rp2_common/hardware_irq/irq.c.obj
 .text.irq_is_enabled
                0x10002434       0x18 CMakeFiles/mioty-ble.dir/C_/Users/ortiz/.pico-sdk/sdk/2.0.0/src/rp2_common/hardware_irq/irq.c.obj
                0x10002434                irq_is_enabled
 .text.irq_set_mask_n_enabled
                0x1000244c       0x1c CMakeFiles/mioty-ble.dir/C_/Users/ortiz/.pico-sdk/sdk/2.0.0/src/rp2_common/hardware_irq/irq.c.obj
                0x1000244c                irq_set_mask_n_enabled
 .text.irq_set_enabled
                0x10002468       0x14 CMakeFiles/mioty-ble.dir/C_/Users/ortiz/.pico-sdk/sdk/2.0.0/src/rp2_common/hardware_irq/irq.c.obj
                0x10002468                irq_set_enabled
 .text.irq_set_pending
                0x1000247c       0x10 CMakeFiles/mioty-ble.dir/C_/Users/ortiz/.pico-sdk/sdk/2.0.0/src/rp2_common/hardware_irq/irq.c.obj
                0x1000247c                irq_set_pending
 .text.irq_get_vtable_handler
                0x1000248c       0x10 CMakeFiles/mioty-ble.dir/C_/Users/ortiz/.pico-sdk/sdk/2.0.0/src/rp2_common/hardware_irq/irq.c.obj
                0x1000248c                irq_get_vtable_handler
 .text.irq_has_shared_handler
                0x1000249c       0x24 CMakeFiles/mioty-ble.dir/C_/Users/ortiz/.pico-sdk/sdk/2.0.0/src/rp2_common/hardware_irq/irq.c.obj
                0x1000249c                irq_has_shared_handler
 .text.irq_set_exclusive_handler
                0x100024c0       0x54 CMakeFiles/mioty-ble.dir/C_/Users/ortiz/.pico-sdk/sdk/2.0.0/src/rp2_common/hardware_irq/irq.c.obj
                0x100024c0                irq_set_exclusive_handler
 .text.irq_add_shared_handler
                0x10002514      0x218 CMakeFiles/mioty-ble.dir/C_/Users/ortiz/.pico-sdk/sdk/2.0.0/src/rp2_common/hardware_irq/irq.c.obj
                0x10002514                irq_add_shared_handler
 .text.irq_remove_handler
                0x1000272c      0x18c CMakeFiles/mioty-ble.dir/C_/Users/ortiz/.pico-sdk/sdk/2.0.0/src/rp2_common/hardware_irq/irq.c.obj
                0x1000272c                irq_remove_handler
 .text.irq_add_tail_to_free_list
                0x100028b8       0xf4 CMakeFiles/mioty-ble.dir/C_/Users/ortiz/.pico-sdk/sdk/2.0.0/src/rp2_common/hardware_irq/irq.c.obj
                0x100028b8                irq_add_tail_to_free_list
 .text.user_irq_claim_unused
                0x100029ac       0x2c CMakeFiles/mioty-ble.dir/C_/Users/ortiz/.pico-sdk/sdk/2.0.0/src/rp2_common/hardware_irq/irq.c.obj
                0x100029ac                user_irq_claim_unused
 .text.lock_init
                0x100029d8       0x10 CMakeFiles/mioty-ble.dir/C_/Users/ortiz/.pico-sdk/sdk/2.0.0/src/common/pico_sync/lock_core.c.obj
                0x100029d8                lock_init
 .text.mutex_init
                0x100029e8       0x1a CMakeFiles/mioty-ble.dir/C_/Users/ortiz/.pico-sdk/sdk/2.0.0/src/common/pico_sync/mutex.c.obj
                0x100029e8                mutex_init
 .text.recursive_mutex_init
                0x10002a02       0x1e CMakeFiles/mioty-ble.dir/C_/Users/ortiz/.pico-sdk/sdk/2.0.0/src/common/pico_sync/mutex.c.obj
                0x10002a02                recursive_mutex_init
 .text.runtime_init_mutex
                0x10002a20       0x4c CMakeFiles/mioty-ble.dir/C_/Users/ortiz/.pico-sdk/sdk/2.0.0/src/common/pico_sync/mutex.c.obj
                0x10002a20                runtime_init_mutex
 .text.critical_section_init_with_lock_num
                0x10002a6c       0x14 CMakeFiles/mioty-ble.dir/C_/Users/ortiz/.pico-sdk/sdk/2.0.0/src/common/pico_sync/critical_section.c.obj
                0x10002a6c                critical_section_init_with_lock_num
 .text.critical_section_init
                0x10002a80       0x14 CMakeFiles/mioty-ble.dir/C_/Users/ortiz/.pico-sdk/sdk/2.0.0/src/common/pico_sync/critical_section.c.obj
                0x10002a80                critical_section_init
 .text.make_alarm_id
                0x10002a94        0x6 CMakeFiles/mioty-ble.dir/C_/Users/ortiz/.pico-sdk/sdk/2.0.0/src/common/pico_time/time.c.obj
 *fill*         0x10002a9a        0x2 
 .text.sleep_until_callback
                0x10002a9c       0x30 CMakeFiles/mioty-ble.dir/C_/Users/ortiz/.pico-sdk/sdk/2.0.0/src/common/pico_time/time.c.obj
 .text.alarm_pool_irq_handler
                0x10002acc      0x2e0 CMakeFiles/mioty-ble.dir/C_/Users/ortiz/.pico-sdk/sdk/2.0.0/src/common/pico_time/time.c.obj
 .text.ta_enable_irq_handler
                0x10002dac       0x2c CMakeFiles/mioty-ble.dir/C_/Users/ortiz/.pico-sdk/sdk/2.0.0/src/common/pico_time/time.c.obj
 .text.alarm_pool_post_alloc_init
                0x10002dd8       0x78 CMakeFiles/mioty-ble.dir/C_/Users/ortiz/.pico-sdk/sdk/2.0.0/src/common/pico_time/time.c.obj
 .text.alarm_pool_get_default
                0x10002e50       0x2c CMakeFiles/mioty-ble.dir/C_/Users/ortiz/.pico-sdk/sdk/2.0.0/src/common/pico_time/time.c.obj
                0x10002e50                alarm_pool_get_default
 .text.alarm_pool_add_alarm_at_force_in_context
                0x10002e7c       0xa4 CMakeFiles/mioty-ble.dir/C_/Users/ortiz/.pico-sdk/sdk/2.0.0/src/common/pico_time/time.c.obj
                0x10002e7c                alarm_pool_add_alarm_at_force_in_context
 .text.alarm_pool_add_alarm_at
                0x10002f20       0x3c CMakeFiles/mioty-ble.dir/C_/Users/ortiz/.pico-sdk/sdk/2.0.0/src/common/pico_time/time.c.obj
                0x10002f20                alarm_pool_add_alarm_at
 .text.add_alarm_at
                0x10002f5c       0x2e CMakeFiles/mioty-ble.dir/C_/Users/ortiz/.pico-sdk/sdk/2.0.0/src/common/pico_time/time.c.obj
 *fill*         0x10002f8a        0x2 
 .text.alarm_pool_cancel_alarm
                0x10002f8c       0x78 CMakeFiles/mioty-ble.dir/C_/Users/ortiz/.pico-sdk/sdk/2.0.0/src/common/pico_time/time.c.obj
                0x10002f8c                alarm_pool_cancel_alarm
 .text.cancel_alarm
                0x10003004       0x10 CMakeFiles/mioty-ble.dir/C_/Users/ortiz/.pico-sdk/sdk/2.0.0/src/common/pico_time/time.c.obj
 .text.alarm_pool_core_num
                0x10003014        0x4 CMakeFiles/mioty-ble.dir/C_/Users/ortiz/.pico-sdk/sdk/2.0.0/src/common/pico_time/time.c.obj
                0x10003014                alarm_pool_core_num
 .text.sleep_until
                0x10003018       0xc0 CMakeFiles/mioty-ble.dir/C_/Users/ortiz/.pico-sdk/sdk/2.0.0/src/common/pico_time/time.c.obj
                0x10003018                sleep_until
 .text.sleep_us
                0x100030d8       0x24 CMakeFiles/mioty-ble.dir/C_/Users/ortiz/.pico-sdk/sdk/2.0.0/src/common/pico_time/time.c.obj
                0x100030d8                sleep_us
 .text.sleep_ms
                0x100030fc       0x14 CMakeFiles/mioty-ble.dir/C_/Users/ortiz/.pico-sdk/sdk/2.0.0/src/common/pico_time/time.c.obj
                0x100030fc                sleep_ms
 .text.best_effort_wfe_or_timeout
                0x10003110       0xc4 CMakeFiles/mioty-ble.dir/C_/Users/ortiz/.pico-sdk/sdk/2.0.0/src/common/pico_time/time.c.obj
                0x10003110                best_effort_wfe_or_timeout
 .text.alarm_pool_get_default_timer
                0x100031d4        0x8 CMakeFiles/mioty-ble.dir/C_/Users/ortiz/.pico-sdk/sdk/2.0.0/src/common/pico_time/time.c.obj
                0x100031d4                alarm_pool_get_default_timer
 .text.runtime_init_default_alarm_pool
                0x100031dc       0x38 CMakeFiles/mioty-ble.dir/C_/Users/ortiz/.pico-sdk/sdk/2.0.0/src/common/pico_time/time.c.obj
                0x100031dc                runtime_init_default_alarm_pool
 .text.timer_hardware_alarm_claim
                0x10003214       0x14 CMakeFiles/mioty-ble.dir/C_/Users/ortiz/.pico-sdk/sdk/2.0.0/src/rp2_common/hardware_timer/timer.c.obj
                0x10003214                timer_hardware_alarm_claim
 .text.timer_time_us_64
                0x10003228       0x10 CMakeFiles/mioty-ble.dir/C_/Users/ortiz/.pico-sdk/sdk/2.0.0/src/rp2_common/hardware_timer/timer.c.obj
                0x10003228                timer_time_us_64
 .text.timer_busy_wait_until
                0x10003238       0x1a CMakeFiles/mioty-ble.dir/C_/Users/ortiz/.pico-sdk/sdk/2.0.0/src/rp2_common/hardware_timer/timer.c.obj
                0x10003238                timer_busy_wait_until
 *fill*         0x10003252        0x2 
 .text.time_us_64
                0x10003254       0x10 CMakeFiles/mioty-ble.dir/C_/Users/ortiz/.pico-sdk/sdk/2.0.0/src/rp2_common/hardware_timer/timer.c.obj
                0x10003254                time_us_64
 .text.busy_wait_until
                0x10003264       0x14 CMakeFiles/mioty-ble.dir/C_/Users/ortiz/.pico-sdk/sdk/2.0.0/src/rp2_common/hardware_timer/timer.c.obj
                0x10003264                busy_wait_until
 .text.clock_configure_internal
                0x10003278       0xc4 CMakeFiles/mioty-ble.dir/C_/Users/ortiz/.pico-sdk/sdk/2.0.0/src/rp2_common/hardware_clocks/clocks.c.obj
 .text.clock_configure_int_divider
                0x1000333c       0x28 CMakeFiles/mioty-ble.dir/C_/Users/ortiz/.pico-sdk/sdk/2.0.0/src/rp2_common/hardware_clocks/clocks.c.obj
                0x1000333c                clock_configure_int_divider
 .text.clock_configure_undivided
                0x10003364       0x12 CMakeFiles/mioty-ble.dir/C_/Users/ortiz/.pico-sdk/sdk/2.0.0/src/rp2_common/hardware_clocks/clocks.c.obj
                0x10003364                clock_configure_undivided
 *fill*         0x10003376        0x2 
 .text.clock_get_hz
                0x10003378        0xc CMakeFiles/mioty-ble.dir/C_/Users/ortiz/.pico-sdk/sdk/2.0.0/src/rp2_common/hardware_clocks/clocks.c.obj
                0x10003378                clock_get_hz
 .text.pll_init
                0x10003384      0x124 CMakeFiles/mioty-ble.dir/C_/Users/ortiz/.pico-sdk/sdk/2.0.0/src/rp2_common/hardware_pll/pll.c.obj
                0x10003384                pll_init
 .text.watchdog_update
                0x100034a8       0x14 CMakeFiles/mioty-ble.dir/C_/Users/ortiz/.pico-sdk/sdk/2.0.0/src/rp2_common/hardware_watchdog/watchdog.c.obj
                0x100034a8                watchdog_update
 .text._watchdog_enable
                0x100034bc       0x7c CMakeFiles/mioty-ble.dir/C_/Users/ortiz/.pico-sdk/sdk/2.0.0/src/rp2_common/hardware_watchdog/watchdog.c.obj
                0x100034bc                _watchdog_enable
 .text.watchdog_reboot
                0x10003538       0x48 CMakeFiles/mioty-ble.dir/C_/Users/ortiz/.pico-sdk/sdk/2.0.0/src/rp2_common/hardware_watchdog/watchdog.c.obj
                0x10003538                watchdog_reboot
 .text.tick_start
                0x10003580       0x10 CMakeFiles/mioty-ble.dir/C_/Users/ortiz/.pico-sdk/sdk/2.0.0/src/rp2_common/hardware_ticks/ticks.c.obj
                0x10003580                tick_start
 .text.xosc_init
                0x10003590       0x28 CMakeFiles/mioty-ble.dir/C_/Users/ortiz/.pico-sdk/sdk/2.0.0/src/rp2_common/hardware_xosc/xosc.c.obj
                0x10003590                xosc_init
 .text.runtime_run_initializers_from
                0x100035b8       0x18 CMakeFiles/mioty-ble.dir/C_/Users/ortiz/.pico-sdk/sdk/2.0.0/src/rp2_common/pico_runtime/runtime.c.obj
 .text.first_per_core_initializer
                0x100035d0        0x2 CMakeFiles/mioty-ble.dir/C_/Users/ortiz/.pico-sdk/sdk/2.0.0/src/rp2_common/pico_runtime/runtime.c.obj
 *fill*         0x100035d2        0x2 
 .text.runtime_run_initializers
                0x100035d4       0x10 CMakeFiles/mioty-ble.dir/C_/Users/ortiz/.pico-sdk/sdk/2.0.0/src/rp2_common/pico_runtime/runtime.c.obj
                0x100035d4                runtime_run_initializers
 .text.runtime_init_early_resets
                0x100035e4       0x2c CMakeFiles/mioty-ble.dir/C_/Users/ortiz/.pico-sdk/sdk/2.0.0/src/rp2_common/pico_runtime_init/runtime_init.c.obj
                0x100035e4                runtime_init_early_resets
 .text.runtime_init_usb_power_down
                0x10003610       0x1c CMakeFiles/mioty-ble.dir/C_/Users/ortiz/.pico-sdk/sdk/2.0.0/src/rp2_common/pico_runtime_init/runtime_init.c.obj
                0x10003610                runtime_init_usb_power_down
 .text.runtime_init_post_clock_resets
                0x1000362c       0x20 CMakeFiles/mioty-ble.dir/C_/Users/ortiz/.pico-sdk/sdk/2.0.0/src/rp2_common/pico_runtime_init/runtime_init.c.obj
                0x1000362c                runtime_init_post_clock_resets
 .text.runtime_init_rp2040_gpio_ie_disable
                0x1000364c       0x14 CMakeFiles/mioty-ble.dir/C_/Users/ortiz/.pico-sdk/sdk/2.0.0/src/rp2_common/pico_runtime_init/runtime_init.c.obj
                0x1000364c                runtime_init_rp2040_gpio_ie_disable
 .text.runtime_init_spin_locks_reset
                0x10003660        0x8 CMakeFiles/mioty-ble.dir/C_/Users/ortiz/.pico-sdk/sdk/2.0.0/src/rp2_common/pico_runtime_init/runtime_init.c.obj
                0x10003660                runtime_init_spin_locks_reset
 .text.runtime_init_install_ram_vector_table
                0x10003668       0x1c CMakeFiles/mioty-ble.dir/C_/Users/ortiz/.pico-sdk/sdk/2.0.0/src/rp2_common/pico_runtime_init/runtime_init.c.obj
                0x10003668                runtime_init_install_ram_vector_table
 .text.start_all_ticks
                0x10003684       0x28 CMakeFiles/mioty-ble.dir/C_/Users/ortiz/.pico-sdk/sdk/2.0.0/src/rp2_common/pico_runtime_init/runtime_init_clocks.c.obj
 .text.runtime_init_clocks
                0x100036ac       0xcc CMakeFiles/mioty-ble.dir/C_/Users/ortiz/.pico-sdk/sdk/2.0.0/src/rp2_common/pico_runtime_init/runtime_init_clocks.c.obj
                0x100036ac                runtime_init_clocks
 .text          0x10003778       0x10 CMakeFiles/mioty-ble.dir/C_/Users/ortiz/.pico-sdk/sdk/2.0.0/src/rp2_common/pico_bit_ops/bit_ops_aeabi.S.obj
 .text.rom_func_lookup
                0x10003788       0x10 CMakeFiles/mioty-ble.dir/C_/Users/ortiz/.pico-sdk/sdk/2.0.0/src/rp2_common/pico_bootrom/bootrom.c.obj
                0x10003788                rom_func_lookup
 .text.rom_data_lookup
                0x10003798       0x10 CMakeFiles/mioty-ble.dir/C_/Users/ortiz/.pico-sdk/sdk/2.0.0/src/rp2_common/pico_bootrom/bootrom.c.obj
                0x10003798                rom_data_lookup
 .text.rom_funcs_lookup
                0x100037a8       0x36 CMakeFiles/mioty-ble.dir/C_/Users/ortiz/.pico-sdk/sdk/2.0.0/src/rp2_common/pico_bootrom/bootrom.c.obj
                0x100037a8                rom_funcs_lookup
 *fill*         0x100037de        0x2 
 .text.rom_reset_usb_boot
                0x100037e0       0x18 CMakeFiles/mioty-ble.dir/C_/Users/ortiz/.pico-sdk/sdk/2.0.0/src/rp2_common/pico_bootrom/bootrom.c.obj
                0x100037e0                rom_reset_usb_boot
 .text.__wrap___aeabi_idiv
                0x100037f8       0x50 CMakeFiles/mioty-ble.dir/C_/Users/ortiz/.pico-sdk/sdk/2.0.0/src/rp2_common/pico_divider/divider_hardware.S.obj
                0x100037f8                __wrap___aeabi_idivmod
                0x100037f8                divmod_s32s32
                0x100037f8                div_s32s32
                0x100037f8                __wrap___aeabi_idiv
                0x10003800                divmod_s32s32_unsafe
                0x1000382c                divmod_s32s32_savestate
 .text.__wrap___aeabi_uidiv
                0x10003848       0x4c CMakeFiles/mioty-ble.dir/C_/Users/ortiz/.pico-sdk/sdk/2.0.0/src/rp2_common/pico_divider/divider_hardware.S.obj
                0x10003848                __wrap___aeabi_uidiv
                0x10003848                __wrap___aeabi_uidivmod
                0x10003848                div_u32u32
                0x10003848                divmod_u32u32
                0x10003850                divmod_u32u32_unsafe
                0x10003878                divmod_u32u32_savestate
 .text.__wrap___aeabi_ldiv
                0x10003894      0x424 CMakeFiles/mioty-ble.dir/C_/Users/ortiz/.pico-sdk/sdk/2.0.0/src/rp2_common/pico_divider/divider_hardware.S.obj
                0x10003894                div_s64s64
                0x10003894                divmod_s64s64
                0x10003894                __wrap___aeabi_ldivmod
                0x100038c4                divmod_u64u64
                0x100038c4                div_u64u64
                0x100038c4                __wrap___aeabi_uldivmod
                0x100038d4                divmod_u64u64_savestate
                0x100038f4                divmod_s64s64_unsafe
                0x1000397c                divmod_u64u64_unsafe
 .text.__wrap___aeabi_darithmetic
                0x10003cb8       0x80 CMakeFiles/mioty-ble.dir/C_/Users/ortiz/.pico-sdk/sdk/2.0.0/src/rp2_common/pico_double/double_aeabi_rp2040.S.obj
                0x10003cb8                __wrap___aeabi_drsub
                0x10003cbe                __wrap___aeabi_dsub
                0x10003cd0                __wrap___aeabi_dadd
                0x10003ce2                __wrap___aeabi_ddiv
                0x10003d1e                __wrap___aeabi_dmul
 .text.__wrap___aeabi_cdcmple
                0x10003d38       0x6c CMakeFiles/mioty-ble.dir/C_/Users/ortiz/.pico-sdk/sdk/2.0.0/src/rp2_common/pico_double/double_aeabi_rp2040.S.obj
                0x10003d38                __wrap___aeabi_cdrcmple
                0x10003d48                __wrap___aeabi_cdcmpeq
                0x10003d48                __wrap___aeabi_cdcmple
 .text.__wrap___aeabi_dcmplt
                0x10003da4        0xc CMakeFiles/mioty-ble.dir/C_/Users/ortiz/.pico-sdk/sdk/2.0.0/src/rp2_common/pico_double/double_aeabi_rp2040.S.obj
                0x10003da4                __wrap___aeabi_dcmplt
 .text.__wrap___aeabi_dcmple
                0x10003db0       0x10 CMakeFiles/mioty-ble.dir/C_/Users/ortiz/.pico-sdk/sdk/2.0.0/src/rp2_common/pico_double/double_aeabi_rp2040.S.obj
                0x10003db0                __wrap___aeabi_dcmple
 .text.__wrap___aeabi_dcmpge
                0x10003dc0       0x10 CMakeFiles/mioty-ble.dir/C_/Users/ortiz/.pico-sdk/sdk/2.0.0/src/rp2_common/pico_double/double_aeabi_rp2040.S.obj
                0x10003dc0                __wrap___aeabi_dcmpge
 .text.__wrap___aeabi_dcmpgt
                0x10003dd0        0xa CMakeFiles/mioty-ble.dir/C_/Users/ortiz/.pico-sdk/sdk/2.0.0/src/rp2_common/pico_double/double_aeabi_rp2040.S.obj
                0x10003dd0                __wrap___aeabi_dcmpgt
 .text.__wrap___aeabi_dcmpun
                0x10003dda       0x18 CMakeFiles/mioty-ble.dir/C_/Users/ortiz/.pico-sdk/sdk/2.0.0/src/rp2_common/pico_double/double_aeabi_rp2040.S.obj
                0x10003dda                __wrap___aeabi_dcmpun
 *fill*         0x10003df2        0x2 
 .text.__wrap___aeabi_i2d
                0x10003df4       0x38 CMakeFiles/mioty-ble.dir/C_/Users/ortiz/.pico-sdk/sdk/2.0.0/src/rp2_common/pico_double/double_aeabi_rp2040.S.obj
                0x10003df4                __wrap___aeabi_ui2d
                0x10003dfc                __wrap___aeabi_i2d
 .text.__wrap___aeabi_d2iz
                0x10003e2c       0x48 CMakeFiles/mioty-ble.dir/C_/Users/ortiz/.pico-sdk/sdk/2.0.0/src/rp2_common/pico_double/double_aeabi_rp2040.S.obj
                0x10003e2c                double2int_z
                0x10003e2c                __wrap___aeabi_d2iz
 .text.__wrap___aeabi_d2uiz
                0x10003e74       0x18 CMakeFiles/mioty-ble.dir/C_/Users/ortiz/.pico-sdk/sdk/2.0.0/src/rp2_common/pico_double/double_aeabi_rp2040.S.obj
                0x10003e74                __wrap___aeabi_d2uiz
                0x10003e74                double2uint
 .text.__aeabi_double_init
                0x10003e8c       0xcc CMakeFiles/mioty-ble.dir/C_/Users/ortiz/.pico-sdk/sdk/2.0.0/src/rp2_common/pico_double/double_init_rom_rp2040.c.obj
                0x10003e8c                __aeabi_double_init
 .text.double_table_shim_on_use_helper
                0x10003f58       0x34 CMakeFiles/mioty-ble.dir/C_/Users/ortiz/.pico-sdk/sdk/2.0.0/src/rp2_common/pico_double/double_v1_rom_shim_rp2040.S.obj
                0x10003f58                double_table_shim_on_use_helper
 .text.__wrap___aeabi_dsub
                0x10003f8c       0x10 CMakeFiles/mioty-ble.dir/C_/Users/ortiz/.pico-sdk/sdk/2.0.0/src/rp2_common/pico_double/double_v1_rom_shim_rp2040.S.obj
                0x10003f8c                drsub_shim
                0x10003f92                dsub_shim
 .text.dadd_shim
                0x10003f9c      0x15c CMakeFiles/mioty-ble.dir/C_/Users/ortiz/.pico-sdk/sdk/2.0.0/src/rp2_common/pico_double/double_v1_rom_shim_rp2040.S.obj
                0x10003f9c                dadd_shim
 .text.dmul_shim
                0x100040f8      0x15c CMakeFiles/mioty-ble.dir/C_/Users/ortiz/.pico-sdk/sdk/2.0.0/src/rp2_common/pico_double/double_v1_rom_shim_rp2040.S.obj
                0x100040f8                dmul_shim
 .text.ddiv_shim
                0x10004254      0x1b0 CMakeFiles/mioty-ble.dir/C_/Users/ortiz/.pico-sdk/sdk/2.0.0/src/rp2_common/pico_double/double_v1_rom_shim_rp2040.S.obj
                0x10004254                ddiv_shim
 .text.double2uint_shim
                0x10004404        0xe CMakeFiles/mioty-ble.dir/C_/Users/ortiz/.pico-sdk/sdk/2.0.0/src/rp2_common/pico_double/double_v1_rom_shim_rp2040.S.obj
                0x10004404                double2uint_shim
                0x10004406                double2ufix_shim
 *fill*         0x10004412        0x2 
 .text.double2uint64_shim
                0x10004414       0x70 CMakeFiles/mioty-ble.dir/C_/Users/ortiz/.pico-sdk/sdk/2.0.0/src/rp2_common/pico_double/double_v1_rom_shim_rp2040.S.obj
                0x10004414                double2uint64_shim
                0x10004416                double2ufix64_shim
                0x10004436                d2fix_a
 .text.dunpacks
                0x10004484       0x3c CMakeFiles/mioty-ble.dir/C_/Users/ortiz/.pico-sdk/sdk/2.0.0/src/rp2_common/pico_double/double_v1_rom_shim_rp2040.S.obj
                0x10004484                dunpacks
 .text.__aeabi_lmul
                0x100044c0       0x32 CMakeFiles/mioty-ble.dir/C_/Users/ortiz/.pico-sdk/sdk/2.0.0/src/rp2_common/pico_int64_ops/pico_int64_ops_aeabi.S.obj
                0x100044c0                __wrap___aeabi_lmul
 *fill*         0x100044f2        0x2 
 .text.__wrap___aeabi_farithmetic
                0x100044f4       0x58 CMakeFiles/mioty-ble.dir/C_/Users/ortiz/.pico-sdk/sdk/2.0.0/src/rp2_common/pico_float/float_aeabi_rp2040.S.obj
                0x100044f4                __wrap___aeabi_frsub
                0x100044fa                __wrap___aeabi_fsub
                0x10004504                __wrap___aeabi_fadd
                0x1000450e                __wrap___aeabi_fdiv
                0x1000453a                __wrap___aeabi_fmul
 .text.__wrap___aeabi_cfcmple
                0x1000454c       0x50 CMakeFiles/mioty-ble.dir/C_/Users/ortiz/.pico-sdk/sdk/2.0.0/src/rp2_common/pico_float/float_aeabi_rp2040.S.obj
                0x1000454c                __wrap___aeabi_cfrcmple
                0x10004558                __wrap___aeabi_cfcmple
                0x10004558                __wrap___aeabi_cfcmpeq
 .text.__wrap___aeabi_fcmpeq
                0x1000459c       0x10 CMakeFiles/mioty-ble.dir/C_/Users/ortiz/.pico-sdk/sdk/2.0.0/src/rp2_common/pico_float/float_aeabi_rp2040.S.obj
                0x1000459c                __wrap___aeabi_fcmpeq
 .text.__wrap___aeabi_i2f
                0x100045ac       0x44 CMakeFiles/mioty-ble.dir/C_/Users/ortiz/.pico-sdk/sdk/2.0.0/src/rp2_common/pico_float/float_aeabi_rp2040.S.obj
                0x100045ac                __wrap___aeabi_i2f
                0x100045ac                int2float
 .text.__wrap___aeabi_l2f
                0x100045f0       0x20 CMakeFiles/mioty-ble.dir/C_/Users/ortiz/.pico-sdk/sdk/2.0.0/src/rp2_common/pico_float/float_aeabi_rp2040.S.obj
                0x100045f4                __wrap___aeabi_l2f
                0x100045f4                int642float
 .text.__wrap___aeabi_f2lz
                0x10004610       0x26 CMakeFiles/mioty-ble.dir/C_/Users/ortiz/.pico-sdk/sdk/2.0.0/src/rp2_common/pico_float/float_aeabi_rp2040.S.obj
                0x10004610                __wrap___aeabi_f2lz
                0x10004610                float2int64_z
 *fill*         0x10004636        0x2 
 .text.float2int64
                0x10004638       0x14 CMakeFiles/mioty-ble.dir/C_/Users/ortiz/.pico-sdk/sdk/2.0.0/src/rp2_common/pico_float/float_aeabi_rp2040.S.obj
                0x10004638                float2int64
 .text.float2ufix64
                0x1000464c       0x14 CMakeFiles/mioty-ble.dir/C_/Users/ortiz/.pico-sdk/sdk/2.0.0/src/rp2_common/pico_float/float_aeabi_rp2040.S.obj
                0x1000464c                float2ufix64
 .text.__aeabi_float_init
                0x10004660       0xfc CMakeFiles/mioty-ble.dir/C_/Users/ortiz/.pico-sdk/sdk/2.0.0/src/rp2_common/pico_float/float_init_rom_rp2040.c.obj
                0x10004660                __aeabi_float_init
 .text.float_table_shim_on_use_helper
                0x1000475c       0x34 CMakeFiles/mioty-ble.dir/C_/Users/ortiz/.pico-sdk/sdk/2.0.0/src/rp2_common/pico_float/float_v1_rom_shim_rp2040.S.obj
                0x1000475c                float_table_shim_on_use_helper
 .text.642float_shims
                0x10004790       0x44 CMakeFiles/mioty-ble.dir/C_/Users/ortiz/.pico-sdk/sdk/2.0.0/src/rp2_common/pico_float/float_v1_rom_shim_rp2040.S.obj
                0x10004790                uint642float_shim
                0x10004792                ufix642float_shim
                0x100047a2                int642float_shim
                0x100047a4                fix642float_shim
 .text.float264_shims
                0x100047d4       0x4c CMakeFiles/mioty-ble.dir/C_/Users/ortiz/.pico-sdk/sdk/2.0.0/src/rp2_common/pico_float/float_v1_rom_shim_rp2040.S.obj
                0x100047d4                float2int64_shim
                0x100047d6                float2fix64_shim
                0x100047de                float2uint64_shim
                0x100047e0                float2ufix64_shim
 .text.d2fix_a_float
                0x10004820       0x5c CMakeFiles/mioty-ble.dir/C_/Users/ortiz/.pico-sdk/sdk/2.0.0/src/rp2_common/pico_float/float_v1_rom_shim_rp2040.S.obj
 .text.__wrap_free
                0x1000487c        0x8 CMakeFiles/mioty-ble.dir/C_/Users/ortiz/.pico-sdk/sdk/2.0.0/src/rp2_common/pico_malloc/malloc.c.obj
                0x1000487c                __wrap_free
 .text          0x10004884       0x10 CMakeFiles/mioty-ble.dir/C_/Users/ortiz/.pico-sdk/sdk/2.0.0/src/rp2_common/pico_mem_ops/mem_ops_aeabi.S.obj
                0x10004884                __aeabi_mem_init
 .text.memset   0x10004894        0xc CMakeFiles/mioty-ble.dir/C_/Users/ortiz/.pico-sdk/sdk/2.0.0/src/rp2_common/pico_mem_ops/mem_ops_aeabi.S.obj
                0x10004894                __wrap_memset
 .text.memcpy   0x100048a0        0xc CMakeFiles/mioty-ble.dir/C_/Users/ortiz/.pico-sdk/sdk/2.0.0/src/rp2_common/pico_mem_ops/mem_ops_aeabi.S.obj
                0x100048a0                __wrap_memcpy
                0x100048a0                __wrap___aeabi_memcpy
 .text._ZdlPvj  0x100048ac        0x8 CMakeFiles/mioty-ble.dir/C_/Users/ortiz/.pico-sdk/sdk/2.0.0/src/rp2_common/pico_cxx_options/new_delete.cpp.obj
                0x100048ac                operator delete(void*, unsigned int)
 .text._out_null
                0x100048b4        0x2 CMakeFiles/mioty-ble.dir/C_/Users/ortiz/.pico-sdk/sdk/2.0.0/src/rp2_common/pico_printf/printf.c.obj
 .text._out_fct
                0x100048b6        0xe CMakeFiles/mioty-ble.dir/C_/Users/ortiz/.pico-sdk/sdk/2.0.0/src/rp2_common/pico_printf/printf.c.obj
 .text._atoi    0x100048c4       0x24 CMakeFiles/mioty-ble.dir/C_/Users/ortiz/.pico-sdk/sdk/2.0.0/src/rp2_common/pico_printf/printf.c.obj
 .text._out_rev
                0x100048e8       0xae CMakeFiles/mioty-ble.dir/C_/Users/ortiz/.pico-sdk/sdk/2.0.0/src/rp2_common/pico_printf/printf.c.obj
 .text._ntoa_format
                0x10004996      0x110 CMakeFiles/mioty-ble.dir/C_/Users/ortiz/.pico-sdk/sdk/2.0.0/src/rp2_common/pico_printf/printf.c.obj
 .text._ntoa_long
                0x10004aa6       0xbc CMakeFiles/mioty-ble.dir/C_/Users/ortiz/.pico-sdk/sdk/2.0.0/src/rp2_common/pico_printf/printf.c.obj
 .text._ntoa_long_long
                0x10004b62      0x10e CMakeFiles/mioty-ble.dir/C_/Users/ortiz/.pico-sdk/sdk/2.0.0/src/rp2_common/pico_printf/printf.c.obj
 .text._etoa    0x10004c70      0x420 CMakeFiles/mioty-ble.dir/C_/Users/ortiz/.pico-sdk/sdk/2.0.0/src/rp2_common/pico_printf/printf.c.obj
 .text._ftoa    0x10005090      0x354 CMakeFiles/mioty-ble.dir/C_/Users/ortiz/.pico-sdk/sdk/2.0.0/src/rp2_common/pico_printf/printf.c.obj
 .text._vsnprintf
                0x100053e4      0x668 CMakeFiles/mioty-ble.dir/C_/Users/ortiz/.pico-sdk/sdk/2.0.0/src/rp2_common/pico_printf/printf.c.obj
 .text.vfctprintf
                0x10005a4c       0x20 CMakeFiles/mioty-ble.dir/C_/Users/ortiz/.pico-sdk/sdk/2.0.0/src/rp2_common/pico_printf/printf.c.obj
                0x10005a4c                vfctprintf
 .text._exit    0x10005a6c        0x4 CMakeFiles/mioty-ble.dir/C_/Users/ortiz/.pico-sdk/sdk/2.0.0/src/rp2_common/pico_clib_interface/newlib_interface.c.obj
                0x10005a6c                _exit
 .text._sbrk    0x10005a70       0x38 CMakeFiles/mioty-ble.dir/C_/Users/ortiz/.pico-sdk/sdk/2.0.0/src/rp2_common/pico_clib_interface/newlib_interface.c.obj
                0x10005a70                _sbrk
 .text.exit     0x10005aa8        0x6 CMakeFiles/mioty-ble.dir/C_/Users/ortiz/.pico-sdk/sdk/2.0.0/src/rp2_common/pico_clib_interface/newlib_interface.c.obj
                0x10005aa8                exit
 *fill*         0x10005aae        0x2 
 .text.__assert_func
                0x10005ab0       0x38 CMakeFiles/mioty-ble.dir/C_/Users/ortiz/.pico-sdk/sdk/2.0.0/src/rp2_common/pico_clib_interface/newlib_interface.c.obj
                0x10005ab0                __assert_func
 .text.runtime_init
                0x10005ae8       0x28 CMakeFiles/mioty-ble.dir/C_/Users/ortiz/.pico-sdk/sdk/2.0.0/src/rp2_common/pico_clib_interface/newlib_interface.c.obj
                0x10005ae8                runtime_init
 .text.stdio_out_chars_no_crlf
                0x10005b10        0xe CMakeFiles/mioty-ble.dir/C_/Users/ortiz/.pico-sdk/sdk/2.0.0/src/rp2_common/pico_stdio/stdio.c.obj
 *fill*         0x10005b1e        0x2 
 .text.stdio_out_chars_crlf
                0x10005b20       0x80 CMakeFiles/mioty-ble.dir/C_/Users/ortiz/.pico-sdk/sdk/2.0.0/src/rp2_common/pico_stdio/stdio.c.obj
 .text.stdio_stack_buffer_flush
                0x10005ba0       0x44 CMakeFiles/mioty-ble.dir/C_/Users/ortiz/.pico-sdk/sdk/2.0.0/src/rp2_common/pico_stdio/stdio.c.obj
 .text.stdio_buffered_printer
                0x10005be4       0x20 CMakeFiles/mioty-ble.dir/C_/Users/ortiz/.pico-sdk/sdk/2.0.0/src/rp2_common/pico_stdio/stdio.c.obj
 .text.stdout_serialize_begin
                0x10005c04       0x30 CMakeFiles/mioty-ble.dir/C_/Users/ortiz/.pico-sdk/sdk/2.0.0/src/rp2_common/pico_stdio/stdio.c.obj
                0x10005c04                stdout_serialize_begin
 .text.stdout_serialize_end
                0x10005c34       0x10 CMakeFiles/mioty-ble.dir/C_/Users/ortiz/.pico-sdk/sdk/2.0.0/src/rp2_common/pico_stdio/stdio.c.obj
                0x10005c34                stdout_serialize_end
 .text.stdio_put_string
                0x10005c44       0x94 CMakeFiles/mioty-ble.dir/C_/Users/ortiz/.pico-sdk/sdk/2.0.0/src/rp2_common/pico_stdio/stdio.c.obj
                0x10005c44                stdio_put_string
 .text.stdio_set_driver_enabled
                0x10005cd8       0x2c CMakeFiles/mioty-ble.dir/C_/Users/ortiz/.pico-sdk/sdk/2.0.0/src/rp2_common/pico_stdio/stdio.c.obj
                0x10005cd8                stdio_set_driver_enabled
 .text.stdio_flush
                0x10005d04       0x20 CMakeFiles/mioty-ble.dir/C_/Users/ortiz/.pico-sdk/sdk/2.0.0/src/rp2_common/pico_stdio/stdio.c.obj
                0x10005d04                stdio_flush
 .text.stdio_init_all
                0x10005d24        0x8 CMakeFiles/mioty-ble.dir/C_/Users/ortiz/.pico-sdk/sdk/2.0.0/src/rp2_common/pico_stdio/stdio.c.obj
                0x10005d24                stdio_init_all
 .text.__wrap_puts
                0x10005d2c       0x1e CMakeFiles/mioty-ble.dir/C_/Users/ortiz/.pico-sdk/sdk/2.0.0/src/rp2_common/pico_stdio/stdio.c.obj
                0x10005d2c                stdio_puts
                0x10005d2c                __wrap_puts
 *fill*         0x10005d4a        0x2 
 .text.__wrap_vprintf
                0x10005d4c       0x40 CMakeFiles/mioty-ble.dir/C_/Users/ortiz/.pico-sdk/sdk/2.0.0/src/rp2_common/pico_stdio/stdio.c.obj
                0x10005d4c                stdio_vprintf
                0x10005d4c                __wrap_vprintf
 .text.__wrap_printf
                0x10005d8c       0x18 CMakeFiles/mioty-ble.dir/C_/Users/ortiz/.pico-sdk/sdk/2.0.0/src/rp2_common/pico_stdio/stdio.c.obj
                0x10005d8c                __wrap_printf
                0x10005d8c                stdio_printf
 .text.resetd_init
                0x10005da4        0x2 CMakeFiles/mioty-ble.dir/C_/Users/ortiz/.pico-sdk/sdk/2.0.0/src/rp2_common/pico_stdio_usb/reset_interface.c.obj
 *fill*         0x10005da6        0x2 
 .text.resetd_reset
                0x10005da8        0xc CMakeFiles/mioty-ble.dir/C_/Users/ortiz/.pico-sdk/sdk/2.0.0/src/rp2_common/pico_stdio_usb/reset_interface.c.obj
 .text.resetd_open
                0x10005db4       0x34 CMakeFiles/mioty-ble.dir/C_/Users/ortiz/.pico-sdk/sdk/2.0.0/src/rp2_common/pico_stdio_usb/reset_interface.c.obj
 .text.resetd_xfer_cb
                0x10005de8        0x4 CMakeFiles/mioty-ble.dir/C_/Users/ortiz/.pico-sdk/sdk/2.0.0/src/rp2_common/pico_stdio_usb/reset_interface.c.obj
 .text.resetd_control_xfer_cb
                0x10005dec       0x5c CMakeFiles/mioty-ble.dir/C_/Users/ortiz/.pico-sdk/sdk/2.0.0/src/rp2_common/pico_stdio_usb/reset_interface.c.obj
 .text.tud_descriptor_bos_cb
                0x10005e48        0x8 CMakeFiles/mioty-ble.dir/C_/Users/ortiz/.pico-sdk/sdk/2.0.0/src/rp2_common/pico_stdio_usb/reset_interface.c.obj
                0x10005e48                tud_descriptor_bos_cb
 .text.tud_vendor_control_xfer_cb
                0x10005e50       0x38 CMakeFiles/mioty-ble.dir/C_/Users/ortiz/.pico-sdk/sdk/2.0.0/src/rp2_common/pico_stdio_usb/reset_interface.c.obj
                0x10005e50                tud_vendor_control_xfer_cb
 .text.usbd_app_driver_get_cb
                0x10005e88        0xc CMakeFiles/mioty-ble.dir/C_/Users/ortiz/.pico-sdk/sdk/2.0.0/src/rp2_common/pico_stdio_usb/reset_interface.c.obj
                0x10005e88                usbd_app_driver_get_cb
 .text.tud_cdc_line_coding_cb
                0x10005e94       0x28 CMakeFiles/mioty-ble.dir/C_/Users/ortiz/.pico-sdk/sdk/2.0.0/src/rp2_common/pico_stdio_usb/reset_interface.c.obj
                0x10005e94                tud_cdc_line_coding_cb
 .text.stdio_usb_set_chars_available_callback
                0x10005ebc       0x14 CMakeFiles/mioty-ble.dir/C_/Users/ortiz/.pico-sdk/sdk/2.0.0/src/rp2_common/pico_stdio_usb/stdio_usb.c.obj
                0x10005ebc                stdio_usb_set_chars_available_callback
 .text.stdio_usb_out_flush
                0x10005ed0       0x4c CMakeFiles/mioty-ble.dir/C_/Users/ortiz/.pico-sdk/sdk/2.0.0/src/rp2_common/pico_stdio_usb/stdio_usb.c.obj
 .text.usb_irq  0x10005f1c       0x10 CMakeFiles/mioty-ble.dir/C_/Users/ortiz/.pico-sdk/sdk/2.0.0/src/rp2_common/pico_stdio_usb/stdio_usb.c.obj
 .text.critical_section_enter_blocking
                0x10005f2c       0x16 CMakeFiles/mioty-ble.dir/C_/Users/ortiz/.pico-sdk/sdk/2.0.0/src/rp2_common/pico_stdio_usb/stdio_usb.c.obj
 *fill*         0x10005f42        0x2 
 .text.timer_task
                0x10005f44       0x60 CMakeFiles/mioty-ble.dir/C_/Users/ortiz/.pico-sdk/sdk/2.0.0/src/rp2_common/pico_stdio_usb/stdio_usb.c.obj
 .text.alarm_pool_add_alarm_in_us
                0x10005fa4       0x40 CMakeFiles/mioty-ble.dir/C_/Users/ortiz/.pico-sdk/sdk/2.0.0/src/rp2_common/pico_stdio_usb/stdio_usb.c.obj
 .text.add_alarm_in_us
                0x10005fe4       0x2e CMakeFiles/mioty-ble.dir/C_/Users/ortiz/.pico-sdk/sdk/2.0.0/src/rp2_common/pico_stdio_usb/stdio_usb.c.obj
 *fill*         0x10006012        0x2 
 .text.low_priority_worker_irq
                0x10006014       0xa0 CMakeFiles/mioty-ble.dir/C_/Users/ortiz/.pico-sdk/sdk/2.0.0/src/rp2_common/pico_stdio_usb/stdio_usb.c.obj
 .text.stdio_usb_init
                0x100060b4       0xdc CMakeFiles/mioty-ble.dir/C_/Users/ortiz/.pico-sdk/sdk/2.0.0/src/rp2_common/pico_stdio_usb/stdio_usb.c.obj
                0x100060b4                stdio_usb_init
 .text.stdio_usb_connected
                0x10006190        0xa CMakeFiles/mioty-ble.dir/C_/Users/ortiz/.pico-sdk/sdk/2.0.0/src/rp2_common/pico_stdio_usb/stdio_usb.c.obj
                0x10006190                stdio_usb_connected
 *fill*         0x1000619a        0x2 
 .text.stdio_usb_in_chars
                0x1000619c       0x98 CMakeFiles/mioty-ble.dir/C_/Users/ortiz/.pico-sdk/sdk/2.0.0/src/rp2_common/pico_stdio_usb/stdio_usb.c.obj
                0x1000619c                stdio_usb_in_chars
 .text.stdio_usb_out_chars
                0x10006234       0xe8 CMakeFiles/mioty-ble.dir/C_/Users/ortiz/.pico-sdk/sdk/2.0.0/src/rp2_common/pico_stdio_usb/stdio_usb.c.obj
 .text.tud_descriptor_device_cb
                0x1000631c        0x8 CMakeFiles/mioty-ble.dir/C_/Users/ortiz/.pico-sdk/sdk/2.0.0/src/rp2_common/pico_stdio_usb/stdio_usb_descriptors.c.obj
                0x1000631c                tud_descriptor_device_cb
 .text.tud_descriptor_configuration_cb
                0x10006324        0x8 CMakeFiles/mioty-ble.dir/C_/Users/ortiz/.pico-sdk/sdk/2.0.0/src/rp2_common/pico_stdio_usb/stdio_usb_descriptors.c.obj
                0x10006324                tud_descriptor_configuration_cb
 .text.tud_descriptor_string_cb
                0x1000632c       0x6c CMakeFiles/mioty-ble.dir/C_/Users/ortiz/.pico-sdk/sdk/2.0.0/src/rp2_common/pico_stdio_usb/stdio_usb_descriptors.c.obj
                0x1000632c                tud_descriptor_string_cb
 .text._retrieve_unique_id_on_boot
                0x10006398       0x10 CMakeFiles/mioty-ble.dir/C_/Users/ortiz/.pico-sdk/sdk/2.0.0/src/rp2_common/pico_unique_id/unique_id.c.obj
 .text.pico_get_unique_board_id_string
                0x100063a8       0x5c CMakeFiles/mioty-ble.dir/C_/Users/ortiz/.pico-sdk/sdk/2.0.0/src/rp2_common/pico_unique_id/unique_id.c.obj
                0x100063a8                pico_get_unique_board_id_string
 .text.flash_get_unique_id
                0x10006404       0x40 CMakeFiles/mioty-ble.dir/C_/Users/ortiz/.pico-sdk/sdk/2.0.0/src/rp2_common/hardware_flash/flash.c.obj
                0x10006404                flash_get_unique_id
 .text._hw_endpoint_alloc
                0x10006444       0x70 CMakeFiles/mioty-ble.dir/C_/Users/ortiz/.pico-sdk/sdk/2.0.0/lib/tinyusb/src/portable/raspberrypi/rp2040/dcd_rp2040.c.obj
 .text.hw_endpoint_init
                0x100064b4       0xbc CMakeFiles/mioty-ble.dir/C_/Users/ortiz/.pico-sdk/sdk/2.0.0/lib/tinyusb/src/portable/raspberrypi/rp2040/dcd_rp2040.c.obj
 .text.hw_endpoint_xfer
                0x10006570       0x20 CMakeFiles/mioty-ble.dir/C_/Users/ortiz/.pico-sdk/sdk/2.0.0/lib/tinyusb/src/portable/raspberrypi/rp2040/dcd_rp2040.c.obj
 .text.dcd_int_enable
                0x10006590       0x2c CMakeFiles/mioty-ble.dir/C_/Users/ortiz/.pico-sdk/sdk/2.0.0/lib/tinyusb/src/portable/raspberrypi/rp2040/dcd_rp2040.c.obj
                0x10006590                dcd_int_enable
 .text.dcd_set_address
                0x100065bc       0x2c CMakeFiles/mioty-ble.dir/C_/Users/ortiz/.pico-sdk/sdk/2.0.0/lib/tinyusb/src/portable/raspberrypi/rp2040/dcd_rp2040.c.obj
                0x100065bc                dcd_set_address
 .text.dcd_connect
                0x100065e8       0x10 CMakeFiles/mioty-ble.dir/C_/Users/ortiz/.pico-sdk/sdk/2.0.0/lib/tinyusb/src/portable/raspberrypi/rp2040/dcd_rp2040.c.obj
                0x100065e8                dcd_connect
 .text.dcd_init
                0x100065f8       0x80 CMakeFiles/mioty-ble.dir/C_/Users/ortiz/.pico-sdk/sdk/2.0.0/lib/tinyusb/src/portable/raspberrypi/rp2040/dcd_rp2040.c.obj
                0x100065f8                dcd_init
 .text.dcd_sof_enable
                0x10006678       0x1c CMakeFiles/mioty-ble.dir/C_/Users/ortiz/.pico-sdk/sdk/2.0.0/lib/tinyusb/src/portable/raspberrypi/rp2040/dcd_rp2040.c.obj
                0x10006678                dcd_sof_enable
 .text.dcd_edpt0_status_complete
                0x10006694       0x1c CMakeFiles/mioty-ble.dir/C_/Users/ortiz/.pico-sdk/sdk/2.0.0/lib/tinyusb/src/portable/raspberrypi/rp2040/dcd_rp2040.c.obj
                0x10006694                dcd_edpt0_status_complete
 .text.dcd_edpt_open
                0x100066b0       0x40 CMakeFiles/mioty-ble.dir/C_/Users/ortiz/.pico-sdk/sdk/2.0.0/lib/tinyusb/src/portable/raspberrypi/rp2040/dcd_rp2040.c.obj
                0x100066b0                dcd_edpt_open
 .text.dcd_edpt_close_all
                0x100066f0        0x8 CMakeFiles/mioty-ble.dir/C_/Users/ortiz/.pico-sdk/sdk/2.0.0/lib/tinyusb/src/portable/raspberrypi/rp2040/dcd_rp2040.c.obj
                0x100066f0                dcd_edpt_close_all
 .text.dcd_edpt_xfer
                0x100066f8       0x30 CMakeFiles/mioty-ble.dir/C_/Users/ortiz/.pico-sdk/sdk/2.0.0/lib/tinyusb/src/portable/raspberrypi/rp2040/dcd_rp2040.c.obj
                0x100066f8                dcd_edpt_xfer
 .text.dcd_edpt_stall
                0x10006728       0x3c CMakeFiles/mioty-ble.dir/C_/Users/ortiz/.pico-sdk/sdk/2.0.0/lib/tinyusb/src/portable/raspberrypi/rp2040/dcd_rp2040.c.obj
                0x10006728                dcd_edpt_stall
 .text.dcd_edpt_clear_stall
                0x10006764       0x30 CMakeFiles/mioty-ble.dir/C_/Users/ortiz/.pico-sdk/sdk/2.0.0/lib/tinyusb/src/portable/raspberrypi/rp2040/dcd_rp2040.c.obj
                0x10006764                dcd_edpt_clear_stall
 .text.unaligned_memcpy
                0x10006794       0x14 CMakeFiles/mioty-ble.dir/C_/Users/ortiz/.pico-sdk/sdk/2.0.0/lib/tinyusb/src/portable/raspberrypi/rp2040/rp2040_usb.c.obj
 .text.rp2040_usb_init
                0x100067a8       0x44 CMakeFiles/mioty-ble.dir/C_/Users/ortiz/.pico-sdk/sdk/2.0.0/lib/tinyusb/src/portable/raspberrypi/rp2040/rp2040_usb.c.obj
                0x100067a8                rp2040_usb_init
 .text.hw_endpoint_xfer_start
                0x100067ec       0x60 CMakeFiles/mioty-ble.dir/C_/Users/ortiz/.pico-sdk/sdk/2.0.0/lib/tinyusb/src/portable/raspberrypi/rp2040/rp2040_usb.c.obj
                0x100067ec                hw_endpoint_xfer_start
 .text.configuration_reset
                0x1000684c       0x84 CMakeFiles/mioty-ble.dir/C_/Users/ortiz/.pico-sdk/sdk/2.0.0/lib/tinyusb/src/device/usbd.c.obj
 .text.critical_section_enter_blocking
                0x100068d0       0x16 CMakeFiles/mioty-ble.dir/C_/Users/ortiz/.pico-sdk/sdk/2.0.0/lib/tinyusb/src/device/usbd.c.obj
 .text.usbd_reset
                0x100068e6        0xc CMakeFiles/mioty-ble.dir/C_/Users/ortiz/.pico-sdk/sdk/2.0.0/lib/tinyusb/src/device/usbd.c.obj
 .text.invoke_class_control
                0x100068f2       0x1a CMakeFiles/mioty-ble.dir/C_/Users/ortiz/.pico-sdk/sdk/2.0.0/lib/tinyusb/src/device/usbd.c.obj
 .text.process_set_config
                0x1000690c      0x1b0 CMakeFiles/mioty-ble.dir/C_/Users/ortiz/.pico-sdk/sdk/2.0.0/lib/tinyusb/src/device/usbd.c.obj
 .text.tud_event_hook_cb
                0x10006abc        0x2 CMakeFiles/mioty-ble.dir/C_/Users/ortiz/.pico-sdk/sdk/2.0.0/lib/tinyusb/src/device/usbd.c.obj
                0x10006abc                tud_event_hook_cb
 .text.tud_sof_cb
                0x10006abe        0x2 CMakeFiles/mioty-ble.dir/C_/Users/ortiz/.pico-sdk/sdk/2.0.0/lib/tinyusb/src/device/usbd.c.obj
                0x10006abe                tud_sof_cb
 .text.tud_descriptor_device_qualifier_cb
                0x10006ac0        0x4 CMakeFiles/mioty-ble.dir/C_/Users/ortiz/.pico-sdk/sdk/2.0.0/lib/tinyusb/src/device/usbd.c.obj
                0x10006ac0                tud_descriptor_device_qualifier_cb
 .text.tud_descriptor_other_speed_configuration_cb
                0x10006ac4        0x4 CMakeFiles/mioty-ble.dir/C_/Users/ortiz/.pico-sdk/sdk/2.0.0/lib/tinyusb/src/device/usbd.c.obj
                0x10006ac4                tud_descriptor_other_speed_configuration_cb
 .text.process_get_descriptor
                0x10006ac8       0xe0 CMakeFiles/mioty-ble.dir/C_/Users/ortiz/.pico-sdk/sdk/2.0.0/lib/tinyusb/src/device/usbd.c.obj
 .text.tud_mount_cb
                0x10006ba8        0x2 CMakeFiles/mioty-ble.dir/C_/Users/ortiz/.pico-sdk/sdk/2.0.0/lib/tinyusb/src/device/usbd.c.obj
                0x10006ba8                tud_mount_cb
 .text.tud_umount_cb
                0x10006baa        0x2 CMakeFiles/mioty-ble.dir/C_/Users/ortiz/.pico-sdk/sdk/2.0.0/lib/tinyusb/src/device/usbd.c.obj
                0x10006baa                tud_umount_cb
 .text.tud_suspend_cb
                0x10006bac        0x2 CMakeFiles/mioty-ble.dir/C_/Users/ortiz/.pico-sdk/sdk/2.0.0/lib/tinyusb/src/device/usbd.c.obj
                0x10006bac                tud_suspend_cb
 .text.tud_resume_cb
                0x10006bae        0x2 CMakeFiles/mioty-ble.dir/C_/Users/ortiz/.pico-sdk/sdk/2.0.0/lib/tinyusb/src/device/usbd.c.obj
                0x10006bae                tud_resume_cb
 .text.tud_mounted
                0x10006bb0       0x10 CMakeFiles/mioty-ble.dir/C_/Users/ortiz/.pico-sdk/sdk/2.0.0/lib/tinyusb/src/device/usbd.c.obj
                0x10006bb0                tud_mounted
 .text.tud_suspended
                0x10006bc0       0x10 CMakeFiles/mioty-ble.dir/C_/Users/ortiz/.pico-sdk/sdk/2.0.0/lib/tinyusb/src/device/usbd.c.obj
                0x10006bc0                tud_suspended
 .text.tud_inited
                0x10006bd0       0x14 CMakeFiles/mioty-ble.dir/C_/Users/ortiz/.pico-sdk/sdk/2.0.0/lib/tinyusb/src/device/usbd.c.obj
                0x10006bd0                tud_inited
 .text.tud_init
                0x10006be4       0xdc CMakeFiles/mioty-ble.dir/C_/Users/ortiz/.pico-sdk/sdk/2.0.0/lib/tinyusb/src/device/usbd.c.obj
                0x10006be4                tud_init
 .text.usbd_edpt_open
                0x10006cc0       0x60 CMakeFiles/mioty-ble.dir/C_/Users/ortiz/.pico-sdk/sdk/2.0.0/lib/tinyusb/src/device/usbd.c.obj
                0x10006cc0                usbd_edpt_open
 .text.usbd_open_edpt_pair
                0x10006d20       0x8c CMakeFiles/mioty-ble.dir/C_/Users/ortiz/.pico-sdk/sdk/2.0.0/lib/tinyusb/src/device/usbd.c.obj
                0x10006d20                usbd_open_edpt_pair
 .text.usbd_edpt_claim
                0x10006dac       0x28 CMakeFiles/mioty-ble.dir/C_/Users/ortiz/.pico-sdk/sdk/2.0.0/lib/tinyusb/src/device/usbd.c.obj
                0x10006dac                usbd_edpt_claim
 .text.usbd_edpt_release
                0x10006dd4       0x28 CMakeFiles/mioty-ble.dir/C_/Users/ortiz/.pico-sdk/sdk/2.0.0/lib/tinyusb/src/device/usbd.c.obj
                0x10006dd4                usbd_edpt_release
 .text.usbd_edpt_xfer
                0x10006dfc       0x88 CMakeFiles/mioty-ble.dir/C_/Users/ortiz/.pico-sdk/sdk/2.0.0/lib/tinyusb/src/device/usbd.c.obj
                0x10006dfc                usbd_edpt_xfer
 .text.usbd_edpt_stall
                0x10006e84       0x34 CMakeFiles/mioty-ble.dir/C_/Users/ortiz/.pico-sdk/sdk/2.0.0/lib/tinyusb/src/device/usbd.c.obj
                0x10006e84                usbd_edpt_stall
 .text.usbd_edpt_clear_stall
                0x10006eb8       0x34 CMakeFiles/mioty-ble.dir/C_/Users/ortiz/.pico-sdk/sdk/2.0.0/lib/tinyusb/src/device/usbd.c.obj
                0x10006eb8                usbd_edpt_clear_stall
 .text.usbd_edpt_stalled
                0x10006eec       0x1c CMakeFiles/mioty-ble.dir/C_/Users/ortiz/.pico-sdk/sdk/2.0.0/lib/tinyusb/src/device/usbd.c.obj
                0x10006eec                usbd_edpt_stalled
 .text.process_control_request
                0x10006f08      0x390 CMakeFiles/mioty-ble.dir/C_/Users/ortiz/.pico-sdk/sdk/2.0.0/lib/tinyusb/src/device/usbd.c.obj
 .text.tud_task_ext
                0x10007298      0x1c8 CMakeFiles/mioty-ble.dir/C_/Users/ortiz/.pico-sdk/sdk/2.0.0/lib/tinyusb/src/device/usbd.c.obj
                0x10007298                tud_task_ext
 .text._status_stage_xact
                0x10007460       0x1a CMakeFiles/mioty-ble.dir/C_/Users/ortiz/.pico-sdk/sdk/2.0.0/lib/tinyusb/src/device/usbd_control.c.obj
 *fill*         0x1000747a        0x2 
 .text._data_stage_xact
                0x1000747c       0x60 CMakeFiles/mioty-ble.dir/C_/Users/ortiz/.pico-sdk/sdk/2.0.0/lib/tinyusb/src/device/usbd_control.c.obj
 .text.tud_control_status
                0x100074dc       0x28 CMakeFiles/mioty-ble.dir/C_/Users/ortiz/.pico-sdk/sdk/2.0.0/lib/tinyusb/src/device/usbd_control.c.obj
                0x100074dc                tud_control_status
 .text.tud_control_xfer
                0x10007504       0x98 CMakeFiles/mioty-ble.dir/C_/Users/ortiz/.pico-sdk/sdk/2.0.0/lib/tinyusb/src/device/usbd_control.c.obj
                0x10007504                tud_control_xfer
 .text.usbd_control_reset
                0x1000759c       0x14 CMakeFiles/mioty-ble.dir/C_/Users/ortiz/.pico-sdk/sdk/2.0.0/lib/tinyusb/src/device/usbd_control.c.obj
                0x1000759c                usbd_control_reset
 .text.usbd_control_set_complete_callback
                0x100075b0        0xc CMakeFiles/mioty-ble.dir/C_/Users/ortiz/.pico-sdk/sdk/2.0.0/lib/tinyusb/src/device/usbd_control.c.obj
                0x100075b0                usbd_control_set_complete_callback
 .text.usbd_control_set_request
                0x100075bc       0x1c CMakeFiles/mioty-ble.dir/C_/Users/ortiz/.pico-sdk/sdk/2.0.0/lib/tinyusb/src/device/usbd_control.c.obj
                0x100075bc                usbd_control_set_request
 .text.usbd_control_xfer_cb
                0x100075d8       0xe0 CMakeFiles/mioty-ble.dir/C_/Users/ortiz/.pico-sdk/sdk/2.0.0/lib/tinyusb/src/device/usbd_control.c.obj
                0x100075d8                usbd_control_xfer_cb
 .text._prep_out_transaction
                0x100076b8       0x72 CMakeFiles/mioty-ble.dir/C_/Users/ortiz/.pico-sdk/sdk/2.0.0/lib/tinyusb/src/class/cdc/cdc_device.c.obj
 *fill*         0x1000772a        0x2 
 .text.tud_cdc_n_connected
                0x1000772c       0x38 CMakeFiles/mioty-ble.dir/C_/Users/ortiz/.pico-sdk/sdk/2.0.0/lib/tinyusb/src/class/cdc/cdc_device.c.obj
                0x1000772c                tud_cdc_n_connected
 .text.tud_cdc_n_available
                0x10007764       0x18 CMakeFiles/mioty-ble.dir/C_/Users/ortiz/.pico-sdk/sdk/2.0.0/lib/tinyusb/src/class/cdc/cdc_device.c.obj
                0x10007764                tud_cdc_n_available
 .text.tud_cdc_n_read
                0x1000777c       0x38 CMakeFiles/mioty-ble.dir/C_/Users/ortiz/.pico-sdk/sdk/2.0.0/lib/tinyusb/src/class/cdc/cdc_device.c.obj
                0x1000777c                tud_cdc_n_read
 .text.tud_cdc_n_write_flush
                0x100077b4       0xcc CMakeFiles/mioty-ble.dir/C_/Users/ortiz/.pico-sdk/sdk/2.0.0/lib/tinyusb/src/class/cdc/cdc_device.c.obj
                0x100077b4                tud_cdc_n_write_flush
 .text.tud_cdc_n_write
                0x10007880       0x48 CMakeFiles/mioty-ble.dir/C_/Users/ortiz/.pico-sdk/sdk/2.0.0/lib/tinyusb/src/class/cdc/cdc_device.c.obj
                0x10007880                tud_cdc_n_write
 .text.tud_cdc_n_write_available
                0x100078c8       0x1c CMakeFiles/mioty-ble.dir/C_/Users/ortiz/.pico-sdk/sdk/2.0.0/lib/tinyusb/src/class/cdc/cdc_device.c.obj
                0x100078c8                tud_cdc_n_write_available
 .text.cdcd_init
                0x100078e4       0xc0 CMakeFiles/mioty-ble.dir/C_/Users/ortiz/.pico-sdk/sdk/2.0.0/lib/tinyusb/src/class/cdc/cdc_device.c.obj
                0x100078e4                cdcd_init
 .text.cdcd_deinit
                0x100079a4       0x50 CMakeFiles/mioty-ble.dir/C_/Users/ortiz/.pico-sdk/sdk/2.0.0/lib/tinyusb/src/class/cdc/cdc_device.c.obj
                0x100079a4                cdcd_deinit
 .text.cdcd_reset
                0x100079f4       0x78 CMakeFiles/mioty-ble.dir/C_/Users/ortiz/.pico-sdk/sdk/2.0.0/lib/tinyusb/src/class/cdc/cdc_device.c.obj
                0x100079f4                cdcd_reset
 .text.cdcd_open
                0x10007a6c       0xf0 CMakeFiles/mioty-ble.dir/C_/Users/ortiz/.pico-sdk/sdk/2.0.0/lib/tinyusb/src/class/cdc/cdc_device.c.obj
                0x10007a6c                cdcd_open
 .text.cdcd_control_xfer_cb
                0x10007b5c      0x138 CMakeFiles/mioty-ble.dir/C_/Users/ortiz/.pico-sdk/sdk/2.0.0/lib/tinyusb/src/class/cdc/cdc_device.c.obj
                0x10007b5c                cdcd_control_xfer_cb
 .text.cdcd_xfer_cb
                0x10007c94      0x144 CMakeFiles/mioty-ble.dir/C_/Users/ortiz/.pico-sdk/sdk/2.0.0/lib/tinyusb/src/class/cdc/cdc_device.c.obj
                0x10007c94                cdcd_xfer_cb
 .text._prep_out_transaction
                0x10007dd8       0x3a CMakeFiles/mioty-ble.dir/C_/Users/ortiz/.pico-sdk/sdk/2.0.0/lib/tinyusb/src/class/vendor/vendor_device.c.obj
 *fill*         0x10007e12        0x2 
 .text.tud_vendor_n_write_flush
                0x10007e14       0xcc CMakeFiles/mioty-ble.dir/C_/Users/ortiz/.pico-sdk/sdk/2.0.0/lib/tinyusb/src/class/vendor/vendor_device.c.obj
                0x10007e14                tud_vendor_n_write_flush
 .text.vendord_init
                0x10007ee0       0xa0 CMakeFiles/mioty-ble.dir/C_/Users/ortiz/.pico-sdk/sdk/2.0.0/lib/tinyusb/src/class/vendor/vendor_device.c.obj
                0x10007ee0                vendord_init
 .text.vendord_deinit
                0x10007f80       0x50 CMakeFiles/mioty-ble.dir/C_/Users/ortiz/.pico-sdk/sdk/2.0.0/lib/tinyusb/src/class/vendor/vendor_device.c.obj
                0x10007f80                vendord_deinit
 .text.vendord_reset
                0x10007fd0       0x38 CMakeFiles/mioty-ble.dir/C_/Users/ortiz/.pico-sdk/sdk/2.0.0/lib/tinyusb/src/class/vendor/vendor_device.c.obj
                0x10007fd0                vendord_reset
 .text.vendord_open
                0x10008008       0xd0 CMakeFiles/mioty-ble.dir/C_/Users/ortiz/.pico-sdk/sdk/2.0.0/lib/tinyusb/src/class/vendor/vendor_device.c.obj
                0x10008008                vendord_open
 .text.vendord_xfer_cb
                0x100080d8       0xc8 CMakeFiles/mioty-ble.dir/C_/Users/ortiz/.pico-sdk/sdk/2.0.0/lib/tinyusb/src/class/vendor/vendor_device.c.obj
                0x100080d8                vendord_xfer_cb
 .text.tusb_init
                0x100081a0       0x24 CMakeFiles/mioty-ble.dir/C_/Users/ortiz/.pico-sdk/sdk/2.0.0/lib/tinyusb/src/tusb.c.obj
                0x100081a0                tusb_init
 .text.tu_edpt_claim
                0x100081c4       0x50 CMakeFiles/mioty-ble.dir/C_/Users/ortiz/.pico-sdk/sdk/2.0.0/lib/tinyusb/src/tusb.c.obj
                0x100081c4                tu_edpt_claim
 .text.tu_edpt_release
                0x10008214       0x38 CMakeFiles/mioty-ble.dir/C_/Users/ortiz/.pico-sdk/sdk/2.0.0/lib/tinyusb/src/tusb.c.obj
                0x10008214                tu_edpt_release
 .text.tu_edpt_validate
                0x1000824c       0xac CMakeFiles/mioty-ble.dir/C_/Users/ortiz/.pico-sdk/sdk/2.0.0/lib/tinyusb/src/tusb.c.obj
                0x1000824c                tu_edpt_validate
 .text.tu_edpt_bind_driver
                0x100082f8       0x26 CMakeFiles/mioty-ble.dir/C_/Users/ortiz/.pico-sdk/sdk/2.0.0/lib/tinyusb/src/tusb.c.obj
                0x100082f8                tu_edpt_bind_driver
 .text.advance_index
                0x1000831e       0x1a CMakeFiles/mioty-ble.dir/C_/Users/ortiz/.pico-sdk/sdk/2.0.0/lib/tinyusb/src/common/tusb_fifo.c.obj
 .text._tu_fifo_peek
                0x10008338       0x56 CMakeFiles/mioty-ble.dir/C_/Users/ortiz/.pico-sdk/sdk/2.0.0/lib/tinyusb/src/common/tusb_fifo.c.obj
 .text._ff_pull_n
                0x1000838e       0x68 CMakeFiles/mioty-ble.dir/C_/Users/ortiz/.pico-sdk/sdk/2.0.0/lib/tinyusb/src/common/tusb_fifo.c.obj
 .text._tu_fifo_peek_n
                0x100083f6       0x6a CMakeFiles/mioty-ble.dir/C_/Users/ortiz/.pico-sdk/sdk/2.0.0/lib/tinyusb/src/common/tusb_fifo.c.obj
 .text._tu_fifo_read_n
                0x10008460       0x4e CMakeFiles/mioty-ble.dir/C_/Users/ortiz/.pico-sdk/sdk/2.0.0/lib/tinyusb/src/common/tusb_fifo.c.obj
 .text._ff_push_n
                0x100084ae       0x68 CMakeFiles/mioty-ble.dir/C_/Users/ortiz/.pico-sdk/sdk/2.0.0/lib/tinyusb/src/common/tusb_fifo.c.obj
 .text._tu_fifo_write_n
                0x10008516       0xf0 CMakeFiles/mioty-ble.dir/C_/Users/ortiz/.pico-sdk/sdk/2.0.0/lib/tinyusb/src/common/tusb_fifo.c.obj
 .text.tu_fifo_config
                0x10008606       0x7c CMakeFiles/mioty-ble.dir/C_/Users/ortiz/.pico-sdk/sdk/2.0.0/lib/tinyusb/src/common/tusb_fifo.c.obj
                0x10008606                tu_fifo_config
 .text.tu_fifo_count
                0x10008682       0x2a CMakeFiles/mioty-ble.dir/C_/Users/ortiz/.pico-sdk/sdk/2.0.0/lib/tinyusb/src/common/tusb_fifo.c.obj
                0x10008682                tu_fifo_count
 .text.tu_fifo_empty
                0x100086ac        0xe CMakeFiles/mioty-ble.dir/C_/Users/ortiz/.pico-sdk/sdk/2.0.0/lib/tinyusb/src/common/tusb_fifo.c.obj
                0x100086ac                tu_fifo_empty
 .text.tu_fifo_full
                0x100086ba       0x28 CMakeFiles/mioty-ble.dir/C_/Users/ortiz/.pico-sdk/sdk/2.0.0/lib/tinyusb/src/common/tusb_fifo.c.obj
                0x100086ba                tu_fifo_full
 .text.tu_fifo_remaining
                0x100086e2       0x2c CMakeFiles/mioty-ble.dir/C_/Users/ortiz/.pico-sdk/sdk/2.0.0/lib/tinyusb/src/common/tusb_fifo.c.obj
                0x100086e2                tu_fifo_remaining
 .text.tu_fifo_read
                0x1000870e       0x42 CMakeFiles/mioty-ble.dir/C_/Users/ortiz/.pico-sdk/sdk/2.0.0/lib/tinyusb/src/common/tusb_fifo.c.obj
                0x1000870e                tu_fifo_read
 .text.tu_fifo_read_n
                0x10008750        0xa CMakeFiles/mioty-ble.dir/C_/Users/ortiz/.pico-sdk/sdk/2.0.0/lib/tinyusb/src/common/tusb_fifo.c.obj
                0x10008750                tu_fifo_read_n
 .text.tu_fifo_write
                0x1000875a       0x64 CMakeFiles/mioty-ble.dir/C_/Users/ortiz/.pico-sdk/sdk/2.0.0/lib/tinyusb/src/common/tusb_fifo.c.obj
                0x1000875a                tu_fifo_write
 .text.tu_fifo_write_n
                0x100087be        0xa CMakeFiles/mioty-ble.dir/C_/Users/ortiz/.pico-sdk/sdk/2.0.0/lib/tinyusb/src/common/tusb_fifo.c.obj
                0x100087be                tu_fifo_write_n
 .text.tu_fifo_clear
                0x100087c8       0x3e CMakeFiles/mioty-ble.dir/C_/Users/ortiz/.pico-sdk/sdk/2.0.0/lib/tinyusb/src/common/tusb_fifo.c.obj
                0x100087c8                tu_fifo_clear
 .text.tu_fifo_set_overwritable
                0x10008806       0x46 CMakeFiles/mioty-ble.dir/C_/Users/ortiz/.pico-sdk/sdk/2.0.0/lib/tinyusb/src/common/tusb_fifo.c.obj
                0x10008806                tu_fifo_set_overwritable
 .text.spi_unreset
                0x1000884c       0x2c CMakeFiles/mioty-ble.dir/C_/Users/ortiz/.pico-sdk/sdk/2.0.0/src/rp2_common/hardware_spi/spi.c.obj
 .text.spi_deinit
                0x10008878       0x38 CMakeFiles/mioty-ble.dir/C_/Users/ortiz/.pico-sdk/sdk/2.0.0/src/rp2_common/hardware_spi/spi.c.obj
                0x10008878                spi_deinit
 .text.spi_set_baudrate
                0x100088b0       0xb4 CMakeFiles/mioty-ble.dir/C_/Users/ortiz/.pico-sdk/sdk/2.0.0/src/rp2_common/hardware_spi/spi.c.obj
                0x100088b0                spi_set_baudrate
 .text.spi_init
                0x10008964       0x70 CMakeFiles/mioty-ble.dir/C_/Users/ortiz/.pico-sdk/sdk/2.0.0/src/rp2_common/hardware_spi/spi.c.obj
                0x10008964                spi_init
 .text.free     0x100089d4       0x14 C:/Users/ortiz/.pico-sdk/toolchain/13_2_Rel1/bin/../lib/gcc/arm-none-eabi/13.2.1/thumb/v6-m/nofp\libg.a(libc_a-malloc.o)
                0x100089d4                free
 .text.__malloc_lock
                0x100089e8       0x10 C:/Users/ortiz/.pico-sdk/toolchain/13_2_Rel1/bin/../lib/gcc/arm-none-eabi/13.2.1/thumb/v6-m/nofp\libg.a(libc_a-mlock.o)
                0x100089e8                __malloc_lock
 .text.__malloc_unlock
                0x100089f8       0x10 C:/Users/ortiz/.pico-sdk/toolchain/13_2_Rel1/bin/../lib/gcc/arm-none-eabi/13.2.1/thumb/v6-m/nofp\libg.a(libc_a-mlock.o)
                0x100089f8                __malloc_unlock
 .text._sbrk_r  0x10008a08       0x24 C:/Users/ortiz/.pico-sdk/toolchain/13_2_Rel1/bin/../lib/gcc/arm-none-eabi/13.2.1/thumb/v6-m/nofp\libg.a(libc_a-sbrkr.o)
                0x10008a08                _sbrk_r
 .text.__errno  0x10008a2c        0xc C:/Users/ortiz/.pico-sdk/toolchain/13_2_Rel1/bin/../lib/gcc/arm-none-eabi/13.2.1/thumb/v6-m/nofp\libg.a(libc_a-errno.o)
                0x10008a2c                __errno
 .text.__retarget_lock_acquire_recursive
                0x10008a38        0x4 C:/Users/ortiz/.pico-sdk/toolchain/13_2_Rel1/bin/../lib/gcc/arm-none-eabi/13.2.1/thumb/v6-m/nofp\libg.a(libc_a-lock.o)
                0x10008a38                __retarget_lock_acquire_recursive
 .text.__retarget_lock_release_recursive
                0x10008a3c        0x4 C:/Users/ortiz/.pico-sdk/toolchain/13_2_Rel1/bin/../lib/gcc/arm-none-eabi/13.2.1/thumb/v6-m/nofp\libg.a(libc_a-lock.o)
                0x10008a3c                __retarget_lock_release_recursive
 .text.sysconf  0x10008a40       0x1c C:/Users/ortiz/.pico-sdk/toolchain/13_2_Rel1/bin/../lib/gcc/arm-none-eabi/13.2.1/thumb/v6-m/nofp\libg.a(libc_a-sysconf.o)
                0x10008a40                sysconf
 .text.strlen   0x10008a5c       0x5c C:/Users/ortiz/.pico-sdk/toolchain/13_2_Rel1/bin/../lib/gcc/arm-none-eabi/13.2.1/thumb/v6-m/nofp\libg.a(libc_a-strlen-stub.o)
                0x10008a5c                strlen
 .text._malloc_trim_r
                0x10008ab8       0xb4 C:/Users/ortiz/.pico-sdk/toolchain/13_2_Rel1/bin/../lib/gcc/arm-none-eabi/13.2.1/thumb/v6-m/nofp\libg.a(libc_a-freer.o)
                0x10008ab8                _malloc_trim_r