../Core/Src/main.c:70:6:LED_Blink	24	static
../Core/Src/main.c:84:6:SX1280_WaitBusy	16	static
../Core/Src/main.c:101:9:SX1280_GetStatus	24	static
../Core/Src/main.c:114:6:SX1280_SendCommand	16	static
../Core/Src/main.c:124:6:SX1280_WriteBuffer	24	static
../Core/Src/main.c:136:6:SX1280_WriteRegister	24	static
../Core/Src/main.c:149:9:SX1280_ReadRegister	24	static
../Core/Src/main.c:167:6:SX1280_SetFrequency	24	static
../Core/Src/main.c:176:6:SX1280_InitBLE	48	static
../Core/Src/main.c:231:6:SX1280_VerifyInit	16	static
../Core/Src/main.c:267:9:SX1280_SendOnChannel	136	static
../Core/Src/main.c:358:6:SX1280_SendBLEBeacon	16	static
../Core/Src/main.c:374:6:RTC_Init_LowPower	72	static
../Core/Src/main.c:434:6:RTC_SetAlarm_1s	16	static
../Core/Src/main.c:459:6:RTC_Alarm_IRQHandler	4	static
../Core/Src/main.c:474:6:SX1280_Sleep	16	static
../Core/Src/main.c:479:6:SX1280_Wakeup	32	static,ignoring_inline_asm
../Core/Src/main.c:505:6:STM32_EnterStopMode	24	static
../Core/Src/main.c:583:5:main	16	static
../Core/Src/main.c:669:6:SystemClock_Config	72	static
../Core/Src/main.c:705:13:MX_SPI1_Init	8	static
../Core/Src/main.c:743:13:MX_GPIO_Init	40	static
../Core/Src/main.c:795:6:Error_Handler	4	static,ignoring_inline_asm
