../Core/Src/main.c:70:6:LED_Blink	2
../Core/Src/main.c:84:6:SX1280_WaitBusy	3
../Core/Src/main.c:101:9:SX1280_GetStatus	1
../Core/Src/main.c:114:6:SX1280_SendCommand	1
../Core/Src/main.c:124:6:SX1280_WriteBuffer	1
../Core/Src/main.c:136:6:SX1280_WriteRegister	1
../Core/Src/main.c:149:9:SX1280_ReadRegister	1
../Core/Src/main.c:167:6:SX1280_SetFrequency	1
../Core/Src/main.c:176:6:SX1280_InitBLE	1
../Core/Src/main.c:231:6:SX1280_VerifyInit	1
../Core/Src/main.c:267:9:SX1280_SendOnChannel	4
../Core/Src/main.c:358:6:SX1280_SendBLEBeacon	1
../Core/Src/main.c:374:6:RTC_Init_LowPower	6
../Core/Src/main.c:434:6:RTC_SetAlarm_1s	4
../Core/Src/main.c:459:6:RTC_Alarm_IRQHandler	3
../Core/Src/main.c:474:6:SX1280_Sleep	1
../Core/Src/main.c:479:6:SX1280_Wakeup	2
../Core/Src/main.c:505:6:STM32_EnterStopMode	1
../Core/Src/main.c:583:5:main	4
../Core/Src/main.c:669:6:SystemClock_Config	3
../Core/Src/main.c:705:13:MX_SPI1_Init	2
../Core/Src/main.c:743:13:MX_GPIO_Init	1
../Core/Src/main.c:795:6:Error_Handler	1
